I1120 21:27:44.184198 264929280 processor.cc:724] Processing queue has data, processing started
I1120 21:27:44.193815 264929280 processor.cc:802] Processor: start processing batch aca7fb29-65f1-4d14-8aba-0ad694c40b2c into model nwt
I1120 21:27:44.194630 265465856 processor.cc:724] Processing queue has data, processing started
I1120 21:27:44.203652 265465856 processor.cc:802] Processor: start processing batch 52d79c70-0249-477c-b677-b7d9b7bb3f41 into model nwt
I1120 21:27:44.215435 266539008 processor.cc:898] Processor: complete processing batch 168989d4-6aff-44fa-ab0c-00b2cdaf436a into model nwt
I1120 21:27:44.218369 266539008 cuckoo_watch.h:45] 50ms in ProcessBatch(kos/aaaaad.batch) [including 2ms in LoadMessage; 0ms in InitializeSparseNdw; 15ms in InferThetaAndUpdateNwtSparse; 13ms in CalculateScore(PerplexityScore); 1ms in CalculateScore(SparsityThetaScore); 12ms in CalculateScore(^^^ItemsProcessedScore^^^); ]
I1120 21:27:44.244848 266539008 processor.cc:717] No data in processing queue, waiting...
I1120 21:27:44.287839 264929280 processor.cc:898] Processor: complete processing batch aca7fb29-65f1-4d14-8aba-0ad694c40b2c into model nwt
I1120 21:27:44.291496 264929280 cuckoo_watch.h:45] 107ms in ProcessBatch(kos/aaaaaa.batch) [including 9ms in LoadMessage; 0ms in InitializeSparseNdw; 35ms in InferThetaAndUpdateNwtSparse; 29ms in CalculateScore(PerplexityScore); 3ms in CalculateScore(SparsityThetaScore); 23ms in CalculateScore(^^^ItemsProcessedScore^^^); ]
I1120 21:27:44.293568 266002432 processor.cc:898] Processor: complete processing batch bbde3c73-2a32-4fcb-98bc-f5f8661aff7c into model nwt
I1120 21:27:44.296300 266002432 cuckoo_watch.h:45] 122ms in ProcessBatch(kos/aaaaab.batch) [including 8ms in LoadMessage; 0ms in InitializeSparseNdw; 49ms in InferThetaAndUpdateNwtSparse; 32ms in CalculateScore(PerplexityScore); 3ms in CalculateScore(SparsityThetaScore); 23ms in CalculateScore(^^^ItemsProcessedScore^^^); ]
I1120 21:27:44.299304 265465856 processor.cc:898] Processor: complete processing batch 52d79c70-0249-477c-b677-b7d9b7bb3f41 into model nwt
I1120 21:27:44.301779 265465856 cuckoo_watch.h:45] 107ms in ProcessBatch(kos/aaaaac.batch) [including 8ms in LoadMessage; 1ms in InitializeSparseNdw; 42ms in InferThetaAndUpdateNwtSparse; 27ms in CalculateScore(PerplexityScore); 2ms in CalculateScore(SparsityThetaScore); 21ms in CalculateScore(^^^ItemsProcessedScore^^^); ]
I1120 21:27:44.302748 251772928 master_component.cc:1378] RegularizeModelArgs: rwt_target_name=rwt, pwt_source_name=pwt, nwt_source_name=nwt
I1120 21:27:44.302877 251772928 master_component.cc:922] MasterComponent: start regularizing model pwt
I1120 21:27:44.315315 264929280 processor.cc:717] No data in processing queue, waiting...
I1120 21:27:44.320381 266002432 processor.cc:717] No data in processing queue, waiting...
I1120 21:27:44.325415 265465856 processor.cc:717] No data in processing queue, waiting...
I1120 21:27:44.334476 251772928 master_component.cc:948] MasterComponent: complete regularizing model pwt
I1120 21:27:44.334496 251772928 master_component.cc:1391] NormalizeModelArgs: pwt_target_name=pwt, nwt_source_name=nwt, rwt_source_name=rwt
I1120 21:27:44.334504 251772928 master_component.cc:952] MasterComponent: start normalizing model nwt
I1120 21:27:44.350613 251772928 master_component.cc:980] MasterComponent: complete normalizing model nwt
I1120 21:27:44.353926 251772928 master_component.cc:1415] DisposeModel rwt
I1120 21:27:44.357525 251772928 master_component.cc:1005] FitOffline: ItemsProcessed, num_items=3430, num_batches=4, token_weight=467714, token_weight_in_effect=467714
I1120 21:27:44.366960 2806096704 c_interface.cc:559] Pass GetScoreValueArgs, score_name=^^^ItemsProcessedScore^^^ to MasterComponent::Request
I1120 21:27:44.367007 2806096704 c_interface.cc:230] ArtmCopyRequestedMessage is copying 46 bytes...
I1120 21:27:44.367561 251772928 c_interface.cc:386] Pass FitOfflineMasterModelArgs, batch_filename_size=4, batch_weight_size=4, num_collection_passes=1 to MN4artm4core15MasterComponentEFvRKNS_25FitOfflineMasterModelArgsEE
I1120 21:27:44.367579 251772928 master_component.cc:1340] ProcessBatchesArgs: nwt_target_name=nwt, batch_filename_size=4, batch_size=0, batch_weight_size=4, pwt_source_name=pwt, num_document_passes=1, regularizer=(name:SparseTheta, tau:-0.15), regularizer=(name:SparsePhi, tau:-0.1), regularizer=(name:DecorrelatorPhi, tau:150000), reuse_theta=no, opt_for_avx=yes, predict_class_id=
I1120 21:27:44.385663 266539008 processor.cc:724] Processing queue has data, processing started
I1120 21:27:44.388519 266539008 processor.cc:802] Processor: start processing batch 168989d4-6aff-44fa-ab0c-00b2cdaf436a into model nwt
I1120 21:27:44.391985 266002432 processor.cc:724] Processing queue has data, processing started
I1120 21:27:44.401319 264929280 processor.cc:724] Processing queue has data, processing started
I1120 21:27:44.401760 266002432 processor.cc:802] Processor: start processing batch bbde3c73-2a32-4fcb-98bc-f5f8661aff7c into model nwt
I1120 21:27:44.411553 264929280 processor.cc:802] Processor: start processing batch aca7fb29-65f1-4d14-8aba-0ad694c40b2c into model nwt
I1120 21:27:44.415689 265465856 processor.cc:724] Processing queue has data, processing started
I1120 21:27:44.424715 265465856 processor.cc:802] Processor: start processing batch 52d79c70-0249-477c-b677-b7d9b7bb3f41 into model nwt
I1120 21:27:44.434712 266539008 processor.cc:898] Processor: complete processing batch 168989d4-6aff-44fa-ab0c-00b2cdaf436a into model nwt
I1120 21:27:44.437472 266539008 cuckoo_watch.h:45] 51ms in ProcessBatch(kos/aaaaad.batch) [including 2ms in LoadMessage; 0ms in InitializeSparseNdw; 15ms in InferThetaAndUpdateNwtSparse; 14ms in CalculateScore(PerplexityScore); 1ms in CalculateScore(SparsityThetaScore); 13ms in CalculateScore(^^^ItemsProcessedScore^^^); ]
I1120 21:27:44.461086 266539008 processor.cc:717] No data in processing queue, waiting...
I1120 21:27:44.508713 264929280 processor.cc:898] Processor: complete processing batch aca7fb29-65f1-4d14-8aba-0ad694c40b2c into model nwt
I1120 21:27:44.511451 266002432 processor.cc:898] Processor: complete processing batch bbde3c73-2a32-4fcb-98bc-f5f8661aff7c into model nwt
I1120 21:27:44.513335 264929280 cuckoo_watch.h:45] 111ms in ProcessBatch(kos/aaaaaa.batch) [including 9ms in LoadMessage; 1ms in InitializeSparseNdw; 40ms in InferThetaAndUpdateNwtSparse; 29ms in CalculateScore(PerplexityScore); 2ms in CalculateScore(SparsityThetaScore); 22ms in CalculateScore(^^^ItemsProcessedScore^^^); ]
I1120 21:27:44.514871 266002432 cuckoo_watch.h:45] 122ms in ProcessBatch(kos/aaaaab.batch) [including 9ms in LoadMessage; 1ms in InitializeSparseNdw; 43ms in InferThetaAndUpdateNwtSparse; 32ms in CalculateScore(PerplexityScore); 3ms in CalculateScore(SparsityThetaScore); 27ms in CalculateScore(^^^ItemsProcessedScore^^^); ]
I1120 21:27:44.520998 265465856 processor.cc:898] Processor: complete processing batch 52d79c70-0249-477c-b677-b7d9b7bb3f41 into model nwt
I1120 21:27:44.523406 265465856 cuckoo_watch.h:45] 107ms in ProcessBatch(kos/aaaaac.batch) [including 8ms in LoadMessage; 1ms in InitializeSparseNdw; 40ms in InferThetaAndUpdateNwtSparse; 31ms in CalculateScore(PerplexityScore); 1ms in CalculateScore(SparsityThetaScore); 19ms in CalculateScore(^^^ItemsProcessedScore^^^); ]
I1120 21:27:44.523506 251772928 master_component.cc:1378] RegularizeModelArgs: rwt_target_name=rwt, pwt_source_name=pwt, nwt_source_name=nwt
I1120 21:27:44.523532 251772928 master_component.cc:922] MasterComponent: start regularizing model pwt
I1120 21:27:44.537322 264929280 processor.cc:717] No data in processing queue, waiting...
I1120 21:27:44.538579 266002432 processor.cc:717] No data in processing queue, waiting...
I1120 21:27:44.547467 265465856 processor.cc:717] No data in processing queue, waiting...
I1120 21:27:44.554494 251772928 master_component.cc:948] MasterComponent: complete regularizing model pwt
I1120 21:27:44.554515 251772928 master_component.cc:1391] NormalizeModelArgs: pwt_target_name=pwt, nwt_source_name=nwt, rwt_source_name=rwt
I1120 21:27:44.554524 251772928 master_component.cc:952] MasterComponent: start normalizing model nwt
I1120 21:27:44.569275 251772928 master_component.cc:980] MasterComponent: complete normalizing model nwt
I1120 21:27:44.572850 251772928 master_component.cc:1415] DisposeModel rwt
I1120 21:27:44.576046 251772928 master_component.cc:1005] FitOffline: ItemsProcessed, num_items=3430, num_batches=4, token_weight=467714, token_weight_in_effect=467714
I1120 21:27:44.587023 2806096704 c_interface.cc:559] Pass GetScoreValueArgs, score_name=^^^ItemsProcessedScore^^^ to MasterComponent::Request
I1120 21:27:44.587059 2806096704 c_interface.cc:230] ArtmCopyRequestedMessage is copying 46 bytes...
I1120 21:27:44.587591 251772928 c_interface.cc:386] Pass FitOfflineMasterModelArgs, batch_filename_size=4, batch_weight_size=4, num_collection_passes=1 to MN4artm4core15MasterComponentEFvRKNS_25FitOfflineMasterModelArgsEE
I1120 21:27:44.587610 251772928 master_component.cc:1340] ProcessBatchesArgs: nwt_target_name=nwt, batch_filename_size=4, batch_size=0, batch_weight_size=4, pwt_source_name=pwt, num_document_passes=1, regularizer=(name:SparseTheta, tau:-0.15), regularizer=(name:SparsePhi, tau:-0.1), regularizer=(name:DecorrelatorPhi, tau:150000), reuse_theta=no, opt_for_avx=yes, predict_class_id=
I1120 21:27:44.605900 266539008 processor.cc:724] Processing queue has data, processing started
I1120 21:27:44.610407 266539008 processor.cc:802] Processor: start processing batch 168989d4-6aff-44fa-ab0c-00b2cdaf436a into model nwt
I1120 21:27:44.618196 265465856 processor.cc:724] Processing queue has data, processing started
I1120 21:27:44.623163 265465856 processor.cc:802] Processor: start processing batch bbde3c73-2a32-4fcb-98bc-f5f8661aff7c into model nwt
I1120 21:27:44.631708 266002432 processor.cc:724] Processing queue has data, processing started
I1120 21:27:44.632977 264929280 processor.cc:724] Processing queue has data, processing started
I1120 21:27:44.641357 266002432 processor.cc:802] Processor: start processing batch aca7fb29-65f1-4d14-8aba-0ad694c40b2c into model nwt
I1120 21:27:44.643270 264929280 processor.cc:802] Processor: start processing batch 52d79c70-0249-477c-b677-b7d9b7bb3f41 into model nwt
I1120 21:27:44.653944 266539008 processor.cc:898] Processor: complete processing batch 168989d4-6aff-44fa-ab0c-00b2cdaf436a into model nwt
I1120 21:27:44.656831 266539008 cuckoo_watch.h:45] 50ms in ProcessBatch(kos/aaaaad.batch) [including 4ms in LoadMessage; 0ms in InitializeSparseNdw; 16ms in InferThetaAndUpdateNwtSparse; 13ms in CalculateScore(PerplexityScore); 1ms in CalculateScore(SparsityThetaScore); 11ms in CalculateScore(^^^ItemsProcessedScore^^^); ]
I1120 21:27:44.680830 266539008 processor.cc:717] No data in processing queue, waiting...
I1120 21:27:44.728701 265465856 processor.cc:898] Processor: complete processing batch bbde3c73-2a32-4fcb-98bc-f5f8661aff7c into model nwt
I1120 21:27:44.731137 265465856 cuckoo_watch.h:45] 112ms in ProcessBatch(kos/aaaaab.batch) [including 4ms in LoadMessage; 0ms in InitializeSparseNdw; 41ms in InferThetaAndUpdateNwtSparse; 34ms in CalculateScore(PerplexityScore); 1ms in CalculateScore(SparsityThetaScore); 25ms in CalculateScore(^^^ItemsProcessedScore^^^); ]
I1120 21:27:44.738819 266002432 processor.cc:898] Processor: complete processing batch aca7fb29-65f1-4d14-8aba-0ad694c40b2c into model nwt
I1120 21:27:44.741312 264929280 processor.cc:898] Processor: complete processing batch 52d79c70-0249-477c-b677-b7d9b7bb3f41 into model nwt
I1120 21:27:44.744599 266002432 cuckoo_watch.h:45] 112ms in ProcessBatch(kos/aaaaaa.batch) [including 9ms in LoadMessage; 1ms in InitializeSparseNdw; 39ms in InferThetaAndUpdateNwtSparse; 32ms in CalculateScore(PerplexityScore); 2ms in CalculateScore(SparsityThetaScore); 19ms in CalculateScore(^^^ItemsProcessedScore^^^); ]
I1120 21:27:44.746615 264929280 cuckoo_watch.h:45] 113ms in ProcessBatch(kos/aaaaac.batch) [including 9ms in LoadMessage; 0ms in InitializeSparseNdw; 39ms in InferThetaAndUpdateNwtSparse; 31ms in CalculateScore(PerplexityScore); 3ms in CalculateScore(SparsityThetaScore); 21ms in CalculateScore(^^^ItemsProcessedScore^^^); ]
I1120 21:27:44.747834 251772928 master_component.cc:1378] RegularizeModelArgs: rwt_target_name=rwt, pwt_source_name=pwt, nwt_source_name=nwt
I1120 21:27:44.747859 251772928 master_component.cc:922] MasterComponent: start regularizing model pwt
I1120 21:27:44.754757 265465856 processor.cc:717] No data in processing queue, waiting...
I1120 21:27:44.768666 266002432 processor.cc:717] No data in processing queue, waiting...
I1120 21:27:44.770699 264929280 processor.cc:717] No data in processing queue, waiting...
I1120 21:27:44.780891 251772928 master_component.cc:948] MasterComponent: complete regularizing model pwt
I1120 21:27:44.780910 251772928 master_component.cc:1391] NormalizeModelArgs: pwt_target_name=pwt, nwt_source_name=nwt, rwt_source_name=rwt
I1120 21:27:44.780920 251772928 master_component.cc:952] MasterComponent: start normalizing model nwt
I1120 21:27:44.796231 251772928 master_component.cc:980] MasterComponent: complete normalizing model nwt
I1120 21:27:44.799732 251772928 master_component.cc:1415] DisposeModel rwt
I1120 21:27:44.803345 251772928 master_component.cc:1005] FitOffline: ItemsProcessed, num_items=3430, num_batches=4, token_weight=467714, token_weight_in_effect=467714
I1120 21:27:44.804491 2806096704 c_interface.cc:559] Pass GetScoreValueArgs, score_name=^^^ItemsProcessedScore^^^ to MasterComponent::Request
I1120 21:27:44.804527 2806096704 c_interface.cc:230] ArtmCopyRequestedMessage is copying 46 bytes...
I1120 21:27:44.805063 251772928 c_interface.cc:386] Pass FitOfflineMasterModelArgs, batch_filename_size=4, batch_weight_size=4, num_collection_passes=1 to MN4artm4core15MasterComponentEFvRKNS_25FitOfflineMasterModelArgsEE
I1120 21:27:44.805080 251772928 master_component.cc:1340] ProcessBatchesArgs: nwt_target_name=nwt, batch_filename_size=4, batch_size=0, batch_weight_size=4, pwt_source_name=pwt, num_document_passes=1, regularizer=(name:SparseTheta, tau:-0.15), regularizer=(name:SparsePhi, tau:-0.1), regularizer=(name:DecorrelatorPhi, tau:150000), reuse_theta=no, opt_for_avx=yes, predict_class_id=
I1120 21:27:44.823226 266539008 processor.cc:724] Processing queue has data, processing started
I1120 21:27:44.826015 266539008 processor.cc:802] Processor: start processing batch 168989d4-6aff-44fa-ab0c-00b2cdaf436a into model nwt
I1120 21:27:44.829530 265465856 processor.cc:724] Processing queue has data, processing started
I1120 21:27:44.837733 265465856 processor.cc:802] Processor: start processing batch bbde3c73-2a32-4fcb-98bc-f5f8661aff7c into model nwt
I1120 21:27:44.837752 266002432 processor.cc:724] Processing queue has data, processing started
I1120 21:27:44.846261 266002432 processor.cc:802] Processor: start processing batch aca7fb29-65f1-4d14-8aba-0ad694c40b2c into model nwt
I1120 21:27:44.848470 264929280 processor.cc:724] Processing queue has data, processing started
I1120 21:27:44.857714 264929280 processor.cc:802] Processor: start processing batch 52d79c70-0249-477c-b677-b7d9b7bb3f41 into model nwt
I1120 21:27:44.872303 266539008 processor.cc:898] Processor: complete processing batch 168989d4-6aff-44fa-ab0c-00b2cdaf436a into model nwt
I1120 21:27:44.875061 266539008 cuckoo_watch.h:45] 51ms in ProcessBatch(kos/aaaaad.batch) [including 2ms in LoadMessage; 0ms in InitializeSparseNdw; 14ms in InferThetaAndUpdateNwtSparse; 13ms in CalculateScore(PerplexityScore); 1ms in CalculateScore(SparsityThetaScore); 15ms in CalculateScore(^^^ItemsProcessedScore^^^); ]
I1120 21:27:44.897861 266539008 processor.cc:717] No data in processing queue, waiting...
I1120 21:27:44.960544 265465856 processor.cc:898] Processor: complete processing batch bbde3c73-2a32-4fcb-98bc-f5f8661aff7c into model nwt
I1120 21:27:44.964843 265465856 cuckoo_watch.h:45] 135ms in ProcessBatch(kos/aaaaab.batch) [including 7ms in LoadMessage; 0ms in InitializeSparseNdw; 49ms in InferThetaAndUpdateNwtSparse; 41ms in CalculateScore(PerplexityScore); 2ms in CalculateScore(SparsityThetaScore); 27ms in CalculateScore(^^^ItemsProcessedScore^^^); ]
I1120 21:27:44.968001 264929280 processor.cc:898] Processor: complete processing batch 52d79c70-0249-477c-b677-b7d9b7bb3f41 into model nwt
I1120 21:27:44.970563 264929280 cuckoo_watch.h:45] 122ms in ProcessBatch(kos/aaaaac.batch) [including 8ms in LoadMessage; 1ms in InitializeSparseNdw; 50ms in InferThetaAndUpdateNwtSparse; 32ms in CalculateScore(PerplexityScore); 2ms in CalculateScore(SparsityThetaScore); 22ms in CalculateScore(^^^ItemsProcessedScore^^^); ]
I1120 21:27:44.976011 266002432 processor.cc:898] Processor: complete processing batch aca7fb29-65f1-4d14-8aba-0ad694c40b2c into model nwt
I1120 21:27:44.978551 266002432 cuckoo_watch.h:45] 140ms in ProcessBatch(kos/aaaaaa.batch) [including 8ms in LoadMessage; 0ms in InitializeSparseNdw; 69ms in InferThetaAndUpdateNwtSparse; 33ms in CalculateScore(PerplexityScore); 3ms in CalculateScore(SparsityThetaScore); 21ms in CalculateScore(^^^ItemsProcessedScore^^^); ]
I1120 21:27:44.979187 251772928 master_component.cc:1378] RegularizeModelArgs: rwt_target_name=rwt, pwt_source_name=pwt, nwt_source_name=nwt
I1120 21:27:44.979221 251772928 master_component.cc:922] MasterComponent: start regularizing model pwt
I1120 21:27:44.988134 265465856 processor.cc:717] No data in processing queue, waiting...
I1120 21:27:44.994199 264929280 processor.cc:717] No data in processing queue, waiting...
I1120 21:27:45.001586 266002432 processor.cc:717] No data in processing queue, waiting...
I1120 21:27:45.013604 251772928 master_component.cc:948] MasterComponent: complete regularizing model pwt
I1120 21:27:45.013624 251772928 master_component.cc:1391] NormalizeModelArgs: pwt_target_name=pwt, nwt_source_name=nwt, rwt_source_name=rwt
I1120 21:27:45.013633 251772928 master_component.cc:952] MasterComponent: start normalizing model nwt
I1120 21:27:45.028676 251772928 master_component.cc:980] MasterComponent: complete normalizing model nwt
I1120 21:27:45.032615 251772928 master_component.cc:1415] DisposeModel rwt
I1120 21:27:45.036041 251772928 master_component.cc:1005] FitOffline: ItemsProcessed, num_items=3430, num_batches=4, token_weight=467714, token_weight_in_effect=467714
I1120 21:27:45.072559 2806096704 c_interface.cc:559] Pass GetScoreValueArgs, score_name=^^^ItemsProcessedScore^^^ to MasterComponent::Request
I1120 21:27:45.072593 2806096704 c_interface.cc:230] ArtmCopyRequestedMessage is copying 46 bytes...
I1120 21:27:45.073159 251772928 c_interface.cc:386] Pass FitOfflineMasterModelArgs, batch_filename_size=4, batch_weight_size=4, num_collection_passes=1 to MN4artm4core15MasterComponentEFvRKNS_25FitOfflineMasterModelArgsEE
I1120 21:27:45.073177 251772928 master_component.cc:1340] ProcessBatchesArgs: nwt_target_name=nwt, batch_filename_size=4, batch_size=0, batch_weight_size=4, pwt_source_name=pwt, num_document_passes=1, regularizer=(name:SparseTheta, tau:-0.15), regularizer=(name:SparsePhi, tau:-0.1), regularizer=(name:DecorrelatorPhi, tau:150000), reuse_theta=no, opt_for_avx=yes, predict_class_id=
I1120 21:27:45.092274 266539008 processor.cc:724] Processing queue has data, processing started
I1120 21:27:45.095798 266539008 processor.cc:802] Processor: start processing batch 168989d4-6aff-44fa-ab0c-00b2cdaf436a into model nwt
I1120 21:27:45.098489 265465856 processor.cc:724] Processing queue has data, processing started
I1120 21:27:45.103387 265465856 processor.cc:802] Processor: start processing batch bbde3c73-2a32-4fcb-98bc-f5f8661aff7c into model nwt
I1120 21:27:45.107347 266002432 processor.cc:724] Processing queue has data, processing started
I1120 21:27:45.116099 266002432 processor.cc:802] Processor: start processing batch aca7fb29-65f1-4d14-8aba-0ad694c40b2c into model nwt
I1120 21:27:45.116488 264929280 processor.cc:724] Processing queue has data, processing started
I1120 21:27:45.126579 264929280 processor.cc:802] Processor: start processing batch 52d79c70-0249-477c-b677-b7d9b7bb3f41 into model nwt
I1120 21:27:45.143846 266539008 processor.cc:898] Processor: complete processing batch 168989d4-6aff-44fa-ab0c-00b2cdaf436a into model nwt
I1120 21:27:45.146793 266539008 cuckoo_watch.h:45] 54ms in ProcessBatch(kos/aaaaad.batch) [including 3ms in LoadMessage; 0ms in InitializeSparseNdw; 17ms in InferThetaAndUpdateNwtSparse; 15ms in CalculateScore(PerplexityScore); 1ms in CalculateScore(SparsityThetaScore); 12ms in CalculateScore(^^^ItemsProcessedScore^^^); ]
I1120 21:27:45.169744 266539008 processor.cc:717] No data in processing queue, waiting...
I1120 21:27:45.224922 266002432 processor.cc:898] Processor: complete processing batch aca7fb29-65f1-4d14-8aba-0ad694c40b2c into model nwt
I1120 21:27:45.228435 266002432 cuckoo_watch.h:45] 121ms in ProcessBatch(kos/aaaaaa.batch) [including 8ms in LoadMessage; 0ms in InitializeSparseNdw; 45ms in InferThetaAndUpdateNwtSparse; 33ms in CalculateScore(PerplexityScore); 3ms in CalculateScore(SparsityThetaScore); 24ms in CalculateScore(^^^ItemsProcessedScore^^^); ]
I1120 21:27:45.231942 265465856 processor.cc:898] Processor: complete processing batch bbde3c73-2a32-4fcb-98bc-f5f8661aff7c into model nwt
I1120 21:27:45.235481 265465856 cuckoo_watch.h:45] 136ms in ProcessBatch(kos/aaaaab.batch) [including 4ms in LoadMessage; 0ms in InitializeSparseNdw; 50ms in InferThetaAndUpdateNwtSparse; 41ms in CalculateScore(PerplexityScore); 2ms in CalculateScore(SparsityThetaScore); 31ms in CalculateScore(^^^ItemsProcessedScore^^^); ]
I1120 21:27:45.238152 264929280 processor.cc:898] Processor: complete processing batch 52d79c70-0249-477c-b677-b7d9b7bb3f41 into model nwt
I1120 21:27:45.241847 264929280 cuckoo_watch.h:45] 125ms in ProcessBatch(kos/aaaaac.batch) [including 9ms in LoadMessage; 1ms in InitializeSparseNdw; 46ms in InferThetaAndUpdateNwtSparse; 36ms in CalculateScore(PerplexityScore); 2ms in CalculateScore(SparsityThetaScore); 23ms in CalculateScore(^^^ItemsProcessedScore^^^); ]
I1120 21:27:45.242211 251772928 master_component.cc:1378] RegularizeModelArgs: rwt_target_name=rwt, pwt_source_name=pwt, nwt_source_name=nwt
I1120 21:27:45.242244 251772928 master_component.cc:922] MasterComponent: start regularizing model pwt
I1120 21:27:45.251696 266002432 processor.cc:717] No data in processing queue, waiting...
I1120 21:27:45.259110 265465856 processor.cc:717] No data in processing queue, waiting...
I1120 21:27:45.265112 264929280 processor.cc:717] No data in processing queue, waiting...
I1120 21:27:45.282372 251772928 master_component.cc:948] MasterComponent: complete regularizing model pwt
I1120 21:27:45.282451 251772928 master_component.cc:1391] NormalizeModelArgs: pwt_target_name=pwt, nwt_source_name=nwt, rwt_source_name=rwt
I1120 21:27:45.282472 251772928 master_component.cc:952] MasterComponent: start normalizing model nwt
I1120 21:27:45.302582 251772928 master_component.cc:980] MasterComponent: complete normalizing model nwt
I1120 21:27:45.307212 251772928 master_component.cc:1415] DisposeModel rwt
I1120 21:27:45.310349 251772928 master_component.cc:1005] FitOffline: ItemsProcessed, num_items=3430, num_batches=4, token_weight=467714, token_weight_in_effect=467714
I1120 21:27:45.340441 2806096704 c_interface.cc:559] Pass GetScoreValueArgs, score_name=^^^ItemsProcessedScore^^^ to MasterComponent::Request
I1120 21:27:45.340477 2806096704 c_interface.cc:230] ArtmCopyRequestedMessage is copying 46 bytes...
I1120 21:27:45.341042 251772928 c_interface.cc:386] Pass FitOfflineMasterModelArgs, batch_filename_size=4, batch_weight_size=4, num_collection_passes=1 to MN4artm4core15MasterComponentEFvRKNS_25FitOfflineMasterModelArgsEE
I1120 21:27:45.341074 251772928 master_component.cc:1340] ProcessBatchesArgs: nwt_target_name=nwt, batch_filename_size=4, batch_size=0, batch_weight_size=4, pwt_source_name=pwt, num_document_passes=1, regularizer=(name:SparseTheta, tau:-0.15), regularizer=(name:SparsePhi, tau:-0.1), regularizer=(name:DecorrelatorPhi, tau:150000), reuse_theta=no, opt_for_avx=yes, predict_class_id=
I1120 21:27:45.360159 266539008 processor.cc:724] Processing queue has data, processing started
I1120 21:27:45.364706 266539008 processor.cc:802] Processor: start processing batch 168989d4-6aff-44fa-ab0c-00b2cdaf436a into model nwt
I1120 21:27:45.368214 264929280 processor.cc:724] Processing queue has data, processing started
I1120 21:27:45.376628 266002432 processor.cc:724] Processing queue has data, processing started
I1120 21:27:45.381080 264929280 processor.cc:802] Processor: start processing batch bbde3c73-2a32-4fcb-98bc-f5f8661aff7c into model nwt
I1120 21:27:45.386390 265465856 processor.cc:724] Processing queue has data, processing started
I1120 21:27:45.387120 266002432 processor.cc:802] Processor: start processing batch aca7fb29-65f1-4d14-8aba-0ad694c40b2c into model nwt
I1120 21:27:45.399554 265465856 processor.cc:802] Processor: start processing batch 52d79c70-0249-477c-b677-b7d9b7bb3f41 into model nwt
I1120 21:27:45.417207 266539008 processor.cc:898] Processor: complete processing batch 168989d4-6aff-44fa-ab0c-00b2cdaf436a into model nwt
I1120 21:27:45.420011 266539008 cuckoo_watch.h:45] 59ms in ProcessBatch(kos/aaaaad.batch) [including 3ms in LoadMessage; 0ms in InitializeSparseNdw; 19ms in InferThetaAndUpdateNwtSparse; 15ms in CalculateScore(PerplexityScore); 1ms in CalculateScore(SparsityThetaScore); 15ms in CalculateScore(^^^ItemsProcessedScore^^^); ]
I1120 21:27:45.442472 266539008 processor.cc:717] No data in processing queue, waiting...
I1120 21:27:45.493397 266002432 processor.cc:898] Processor: complete processing batch aca7fb29-65f1-4d14-8aba-0ad694c40b2c into model nwt
I1120 21:27:45.497252 266002432 cuckoo_watch.h:45] 120ms in ProcessBatch(kos/aaaaaa.batch) [including 10ms in LoadMessage; 1ms in InitializeSparseNdw; 44ms in InferThetaAndUpdateNwtSparse; 34ms in CalculateScore(PerplexityScore); 2ms in CalculateScore(SparsityThetaScore); 21ms in CalculateScore(^^^ItemsProcessedScore^^^); ]
I1120 21:27:45.498855 264929280 processor.cc:898] Processor: complete processing batch bbde3c73-2a32-4fcb-98bc-f5f8661aff7c into model nwt
I1120 21:27:45.501197 264929280 cuckoo_watch.h:45] 132ms in ProcessBatch(kos/aaaaab.batch) [including 10ms in LoadMessage; 1ms in InitializeSparseNdw; 49ms in InferThetaAndUpdateNwtSparse; 36ms in CalculateScore(PerplexityScore); 2ms in CalculateScore(SparsityThetaScore); 26ms in CalculateScore(^^^ItemsProcessedScore^^^); ]
I1120 21:27:45.504596 265465856 processor.cc:898] Processor: complete processing batch 52d79c70-0249-477c-b677-b7d9b7bb3f41 into model nwt
I1120 21:27:45.507305 265465856 cuckoo_watch.h:45] 120ms in ProcessBatch(kos/aaaaac.batch) [including 12ms in LoadMessage; 2ms in InitializeSparseNdw; 41ms in InferThetaAndUpdateNwtSparse; 33ms in CalculateScore(PerplexityScore); 3ms in CalculateScore(SparsityThetaScore); 22ms in CalculateScore(^^^ItemsProcessedScore^^^); ]
I1120 21:27:45.508240 251772928 master_component.cc:1378] RegularizeModelArgs: rwt_target_name=rwt, pwt_source_name=pwt, nwt_source_name=nwt
I1120 21:27:45.508273 251772928 master_component.cc:922] MasterComponent: start regularizing model pwt
I1120 21:27:45.520409 266002432 processor.cc:717] No data in processing queue, waiting...
I1120 21:27:45.523703 264929280 processor.cc:717] No data in processing queue, waiting...
I1120 21:27:45.529561 265465856 processor.cc:717] No data in processing queue, waiting...
I1120 21:27:45.542734 251772928 master_component.cc:948] MasterComponent: complete regularizing model pwt
I1120 21:27:45.542753 251772928 master_component.cc:1391] NormalizeModelArgs: pwt_target_name=pwt, nwt_source_name=nwt, rwt_source_name=rwt
I1120 21:27:45.542760 251772928 master_component.cc:952] MasterComponent: start normalizing model nwt
I1120 21:27:45.559880 251772928 master_component.cc:980] MasterComponent: complete normalizing model nwt
I1120 21:27:45.564702 251772928 master_component.cc:1415] DisposeModel rwt
I1120 21:27:45.567921 251772928 master_component.cc:1005] FitOffline: ItemsProcessed, num_items=3430, num_batches=4, token_weight=467714, token_weight_in_effect=467714
I1120 21:27:45.608701 2806096704 c_interface.cc:559] Pass GetScoreValueArgs, score_name=^^^ItemsProcessedScore^^^ to MasterComponent::Request
I1120 21:27:45.608760 2806096704 c_interface.cc:230] ArtmCopyRequestedMessage is copying 46 bytes...
I1120 21:27:45.609663 251772928 c_interface.cc:386] Pass FitOfflineMasterModelArgs, batch_filename_size=4, batch_weight_size=4, num_collection_passes=1 to MN4artm4core15MasterComponentEFvRKNS_25FitOfflineMasterModelArgsEE
I1120 21:27:45.609730 251772928 master_component.cc:1340] ProcessBatchesArgs: nwt_target_name=nwt, batch_filename_size=4, batch_size=0, batch_weight_size=4, pwt_source_name=pwt, num_document_passes=1, regularizer=(name:SparseTheta, tau:-0.15), regularizer=(name:SparsePhi, tau:-0.1), regularizer=(name:DecorrelatorPhi, tau:150000), reuse_theta=no, opt_for_avx=yes, predict_class_id=
I1120 21:27:45.629181 266539008 processor.cc:724] Processing queue has data, processing started
I1120 21:27:45.632766 266539008 processor.cc:802] Processor: start processing batch 168989d4-6aff-44fa-ab0c-00b2cdaf436a into model nwt
I1120 21:27:45.636620 266002432 processor.cc:724] Processing queue has data, processing started
I1120 21:27:45.643559 264929280 processor.cc:724] Processing queue has data, processing started
I1120 21:27:45.646879 266002432 processor.cc:802] Processor: start processing batch bbde3c73-2a32-4fcb-98bc-f5f8661aff7c into model nwt
I1120 21:27:45.652880 265465856 processor.cc:724] Processing queue has data, processing started
I1120 21:27:45.655360 264929280 processor.cc:802] Processor: start processing batch aca7fb29-65f1-4d14-8aba-0ad694c40b2c into model nwt
I1120 21:27:45.669481 265465856 processor.cc:802] Processor: start processing batch 52d79c70-0249-477c-b677-b7d9b7bb3f41 into model nwt
I1120 21:27:45.683835 266539008 processor.cc:898] Processor: complete processing batch 168989d4-6aff-44fa-ab0c-00b2cdaf436a into model nwt
I1120 21:27:45.686741 266539008 cuckoo_watch.h:45] 57ms in ProcessBatch(kos/aaaaad.batch) [including 3ms in LoadMessage; 0ms in InitializeSparseNdw; 19ms in InferThetaAndUpdateNwtSparse; 16ms in CalculateScore(PerplexityScore); 1ms in CalculateScore(SparsityThetaScore); 13ms in CalculateScore(^^^ItemsProcessedScore^^^); ]
I1120 21:27:45.710875 266539008 processor.cc:717] No data in processing queue, waiting...
I1120 21:27:45.764175 266002432 processor.cc:898] Processor: complete processing batch bbde3c73-2a32-4fcb-98bc-f5f8661aff7c into model nwt
I1120 21:27:45.768407 266002432 cuckoo_watch.h:45] 131ms in ProcessBatch(kos/aaaaab.batch) [including 9ms in LoadMessage; 1ms in InitializeSparseNdw; 47ms in InferThetaAndUpdateNwtSparse; 38ms in CalculateScore(PerplexityScore); 2ms in CalculateScore(SparsityThetaScore); 26ms in CalculateScore(^^^ItemsProcessedScore^^^); ]
I1120 21:27:45.771559 264929280 processor.cc:898] Processor: complete processing batch aca7fb29-65f1-4d14-8aba-0ad694c40b2c into model nwt
I1120 21:27:45.774001 264929280 cuckoo_watch.h:45] 130ms in ProcessBatch(kos/aaaaaa.batch) [including 11ms in LoadMessage; 1ms in InitializeSparseNdw; 51ms in InferThetaAndUpdateNwtSparse; 36ms in CalculateScore(PerplexityScore); 2ms in CalculateScore(SparsityThetaScore); 24ms in CalculateScore(^^^ItemsProcessedScore^^^); ]
I1120 21:27:45.782935 265465856 processor.cc:898] Processor: complete processing batch 52d79c70-0249-477c-b677-b7d9b7bb3f41 into model nwt
I1120 21:27:45.785424 265465856 cuckoo_watch.h:45] 132ms in ProcessBatch(kos/aaaaac.batch) [including 16ms in LoadMessage; 0ms in InitializeSparseNdw; 48ms in InferThetaAndUpdateNwtSparse; 36ms in CalculateScore(PerplexityScore); 3ms in CalculateScore(SparsityThetaScore); 22ms in CalculateScore(^^^ItemsProcessedScore^^^); ]
I1120 21:27:45.786389 251772928 master_component.cc:1378] RegularizeModelArgs: rwt_target_name=rwt, pwt_source_name=pwt, nwt_source_name=nwt
I1120 21:27:45.786504 251772928 master_component.cc:922] MasterComponent: start regularizing model pwt
I1120 21:27:45.792457 266002432 processor.cc:717] No data in processing queue, waiting...
I1120 21:27:45.797626 264929280 processor.cc:717] No data in processing queue, waiting...
I1120 21:27:45.808956 265465856 processor.cc:717] No data in processing queue, waiting...
I1120 21:27:45.820703 251772928 master_component.cc:948] MasterComponent: complete regularizing model pwt
I1120 21:27:45.820722 251772928 master_component.cc:1391] NormalizeModelArgs: pwt_target_name=pwt, nwt_source_name=nwt, rwt_source_name=rwt
I1120 21:27:45.820731 251772928 master_component.cc:952] MasterComponent: start normalizing model nwt
I1120 21:27:45.836721 251772928 master_component.cc:980] MasterComponent: complete normalizing model nwt
I1120 21:27:45.841320 251772928 master_component.cc:1415] DisposeModel rwt
I1120 21:27:45.845046 251772928 master_component.cc:1005] FitOffline: ItemsProcessed, num_items=3430, num_batches=4, token_weight=467714, token_weight_in_effect=467714
I1120 21:27:45.875871 2806096704 c_interface.cc:559] Pass GetScoreValueArgs, score_name=^^^ItemsProcessedScore^^^ to MasterComponent::Request
I1120 21:27:45.875906 2806096704 c_interface.cc:230] ArtmCopyRequestedMessage is copying 46 bytes...
I1120 21:27:45.876425 251772928 c_interface.cc:386] Pass FitOfflineMasterModelArgs, batch_filename_size=4, batch_weight_size=4, num_collection_passes=1 to MN4artm4core15MasterComponentEFvRKNS_25FitOfflineMasterModelArgsEE
I1120 21:27:45.876458 251772928 master_component.cc:1340] ProcessBatchesArgs: nwt_target_name=nwt, batch_filename_size=4, batch_size=0, batch_weight_size=4, pwt_source_name=pwt, num_document_passes=1, regularizer=(name:SparseTheta, tau:-0.15), regularizer=(name:SparsePhi, tau:-0.1), regularizer=(name:DecorrelatorPhi, tau:150000), reuse_theta=no, opt_for_avx=yes, predict_class_id=
I1120 21:27:45.894767 266539008 processor.cc:724] Processing queue has data, processing started
I1120 21:27:45.898216 266539008 processor.cc:802] Processor: start processing batch 168989d4-6aff-44fa-ab0c-00b2cdaf436a into model nwt
I1120 21:27:45.902351 264929280 processor.cc:724] Processing queue has data, processing started
I1120 21:27:45.909752 264929280 processor.cc:802] Processor: start processing batch bbde3c73-2a32-4fcb-98bc-f5f8661aff7c into model nwt
I1120 21:27:45.912401 265465856 processor.cc:724] Processing queue has data, processing started
I1120 21:27:45.919848 266002432 processor.cc:724] Processing queue has data, processing started
I1120 21:27:45.921130 265465856 processor.cc:802] Processor: start processing batch aca7fb29-65f1-4d14-8aba-0ad694c40b2c into model nwt
I1120 21:27:45.929731 266002432 processor.cc:802] Processor: start processing batch 52d79c70-0249-477c-b677-b7d9b7bb3f41 into model nwt
I1120 21:27:45.945320 266539008 processor.cc:898] Processor: complete processing batch 168989d4-6aff-44fa-ab0c-00b2cdaf436a into model nwt
I1120 21:27:45.948333 266539008 cuckoo_watch.h:45] 53ms in ProcessBatch(kos/aaaaad.batch) [including 3ms in LoadMessage; 0ms in InitializeSparseNdw; 17ms in InferThetaAndUpdateNwtSparse; 14ms in CalculateScore(PerplexityScore); 1ms in CalculateScore(SparsityThetaScore); 11ms in CalculateScore(^^^ItemsProcessedScore^^^); ]
I1120 21:27:45.972095 266539008 processor.cc:717] No data in processing queue, waiting...
I1120 21:27:46.046295 264929280 processor.cc:898] Processor: complete processing batch bbde3c73-2a32-4fcb-98bc-f5f8661aff7c into model nwt
I1120 21:27:46.046531 266002432 processor.cc:898] Processor: complete processing batch 52d79c70-0249-477c-b677-b7d9b7bb3f41 into model nwt
I1120 21:27:46.048693 265465856 processor.cc:898] Processor: complete processing batch aca7fb29-65f1-4d14-8aba-0ad694c40b2c into model nwt
I1120 21:27:46.051070 264929280 cuckoo_watch.h:45] 148ms in ProcessBatch(kos/aaaaab.batch) [including 7ms in LoadMessage; 0ms in InitializeSparseNdw; 48ms in InferThetaAndUpdateNwtSparse; 46ms in CalculateScore(PerplexityScore); 3ms in CalculateScore(SparsityThetaScore); 33ms in CalculateScore(^^^ItemsProcessedScore^^^); ]
I1120 21:27:46.054422 266002432 cuckoo_watch.h:45] 134ms in ProcessBatch(kos/aaaaac.batch) [including 9ms in LoadMessage; 1ms in InitializeSparseNdw; 43ms in InferThetaAndUpdateNwtSparse; 37ms in CalculateScore(PerplexityScore); 3ms in CalculateScore(SparsityThetaScore); 29ms in CalculateScore(^^^ItemsProcessedScore^^^); ]
I1120 21:27:46.055012 265465856 cuckoo_watch.h:45] 142ms in ProcessBatch(kos/aaaaaa.batch) [including 8ms in LoadMessage; 0ms in InitializeSparseNdw; 46ms in InferThetaAndUpdateNwtSparse; 39ms in CalculateScore(PerplexityScore); 4ms in CalculateScore(SparsityThetaScore); 34ms in CalculateScore(^^^ItemsProcessedScore^^^); ]
I1120 21:27:46.055994 251772928 master_component.cc:1378] RegularizeModelArgs: rwt_target_name=rwt, pwt_source_name=pwt, nwt_source_name=nwt
I1120 21:27:46.056083 251772928 master_component.cc:922] MasterComponent: start regularizing model pwt
I1120 21:27:46.074841 264929280 processor.cc:717] No data in processing queue, waiting...
I1120 21:27:46.078631 266002432 processor.cc:717] No data in processing queue, waiting...
I1120 21:27:46.078644 265465856 processor.cc:717] No data in processing queue, waiting...
I1120 21:27:46.088279 251772928 master_component.cc:948] MasterComponent: complete regularizing model pwt
I1120 21:27:46.088299 251772928 master_component.cc:1391] NormalizeModelArgs: pwt_target_name=pwt, nwt_source_name=nwt, rwt_source_name=rwt
I1120 21:27:46.088307 251772928 master_component.cc:952] MasterComponent: start normalizing model nwt
I1120 21:27:46.104459 251772928 master_component.cc:980] MasterComponent: complete normalizing model nwt
I1120 21:27:46.109913 251772928 master_component.cc:1415] DisposeModel rwt
I1120 21:27:46.113523 251772928 master_component.cc:1005] FitOffline: ItemsProcessed, num_items=3430, num_batches=4, token_weight=467714, token_weight_in_effect=467714
I1120 21:27:46.145102 2806096704 c_interface.cc:559] Pass GetScoreValueArgs, score_name=^^^ItemsProcessedScore^^^ to MasterComponent::Request
I1120 21:27:46.145136 2806096704 c_interface.cc:230] ArtmCopyRequestedMessage is copying 46 bytes...
I1120 21:27:46.145671 251772928 c_interface.cc:386] Pass FitOfflineMasterModelArgs, batch_filename_size=4, batch_weight_size=4, num_collection_passes=1 to MN4artm4core15MasterComponentEFvRKNS_25FitOfflineMasterModelArgsEE
I1120 21:27:46.145706 251772928 master_component.cc:1340] ProcessBatchesArgs: nwt_target_name=nwt, batch_filename_size=4, batch_size=0, batch_weight_size=4, pwt_source_name=pwt, num_document_passes=1, regularizer=(name:SparseTheta, tau:-0.15), regularizer=(name:SparsePhi, tau:-0.1), regularizer=(name:DecorrelatorPhi, tau:150000), reuse_theta=no, opt_for_avx=yes, predict_class_id=
I1120 21:27:46.164811 266539008 processor.cc:724] Processing queue has data, processing started
I1120 21:27:46.167934 266539008 processor.cc:802] Processor: start processing batch 168989d4-6aff-44fa-ab0c-00b2cdaf436a into model nwt
I1120 21:27:46.175956 266002432 processor.cc:724] Processing queue has data, processing started
I1120 21:27:46.181934 265465856 processor.cc:724] Processing queue has data, processing started
I1120 21:27:46.183203 264929280 processor.cc:724] Processing queue has data, processing started
I1120 21:27:46.184469 266002432 processor.cc:802] Processor: start processing batch bbde3c73-2a32-4fcb-98bc-f5f8661aff7c into model nwt
I1120 21:27:46.190621 265465856 processor.cc:802] Processor: start processing batch aca7fb29-65f1-4d14-8aba-0ad694c40b2c into model nwt
I1120 21:27:46.193294 264929280 processor.cc:802] Processor: start processing batch 52d79c70-0249-477c-b677-b7d9b7bb3f41 into model nwt
I1120 21:27:46.229593 266539008 processor.cc:898] Processor: complete processing batch 168989d4-6aff-44fa-ab0c-00b2cdaf436a into model nwt
I1120 21:27:46.234606 266539008 cuckoo_watch.h:45] 69ms in ProcessBatch(kos/aaaaad.batch) [including 2ms in LoadMessage; 0ms in InitializeSparseNdw; 16ms in InferThetaAndUpdateNwtSparse; 15ms in CalculateScore(PerplexityScore); 1ms in CalculateScore(SparsityThetaScore); 26ms in CalculateScore(^^^ItemsProcessedScore^^^); ]
I1120 21:27:46.258157 266539008 processor.cc:717] No data in processing queue, waiting...
I1120 21:27:46.292850 266002432 processor.cc:898] Processor: complete processing batch bbde3c73-2a32-4fcb-98bc-f5f8661aff7c into model nwt
I1120 21:27:46.297065 264929280 processor.cc:898] Processor: complete processing batch 52d79c70-0249-477c-b677-b7d9b7bb3f41 into model nwt
I1120 21:27:46.297149 266002432 cuckoo_watch.h:45] 121ms in ProcessBatch(kos/aaaaab.batch) [including 8ms in LoadMessage; 0ms in InitializeSparseNdw; 46ms in InferThetaAndUpdateNwtSparse; 33ms in CalculateScore(PerplexityScore); 2ms in CalculateScore(SparsityThetaScore); 23ms in CalculateScore(^^^ItemsProcessedScore^^^); ]
I1120 21:27:46.297569 265465856 processor.cc:898] Processor: complete processing batch aca7fb29-65f1-4d14-8aba-0ad694c40b2c into model nwt
I1120 21:27:46.304131 264929280 cuckoo_watch.h:45] 120ms in ProcessBatch(kos/aaaaac.batch) [including 9ms in LoadMessage; 0ms in InitializeSparseNdw; 45ms in InferThetaAndUpdateNwtSparse; 30ms in CalculateScore(PerplexityScore); 3ms in CalculateScore(SparsityThetaScore); 22ms in CalculateScore(^^^ItemsProcessedScore^^^); ]
I1120 21:27:46.304539 265465856 cuckoo_watch.h:45] 122ms in ProcessBatch(kos/aaaaaa.batch) [including 8ms in LoadMessage; 1ms in InitializeSparseNdw; 53ms in InferThetaAndUpdateNwtSparse; 29ms in CalculateScore(PerplexityScore); 1ms in CalculateScore(SparsityThetaScore); 19ms in CalculateScore(^^^ItemsProcessedScore^^^); ]
I1120 21:27:46.304678 251772928 master_component.cc:1378] RegularizeModelArgs: rwt_target_name=rwt, pwt_source_name=pwt, nwt_source_name=nwt
I1120 21:27:46.304730 251772928 master_component.cc:922] MasterComponent: start regularizing model pwt
I1120 21:27:46.320705 266002432 processor.cc:717] No data in processing queue, waiting...
I1120 21:27:46.328286 265465856 processor.cc:717] No data in processing queue, waiting...
I1120 21:27:46.328291 264929280 processor.cc:717] No data in processing queue, waiting...
I1120 21:27:46.337291 251772928 master_component.cc:948] MasterComponent: complete regularizing model pwt
I1120 21:27:46.337309 251772928 master_component.cc:1391] NormalizeModelArgs: pwt_target_name=pwt, nwt_source_name=nwt, rwt_source_name=rwt
I1120 21:27:46.337318 251772928 master_component.cc:952] MasterComponent: start normalizing model nwt
I1120 21:27:46.354439 251772928 master_component.cc:980] MasterComponent: complete normalizing model nwt
I1120 21:27:46.360352 251772928 master_component.cc:1415] DisposeModel rwt
I1120 21:27:46.363852 251772928 master_component.cc:1005] FitOffline: ItemsProcessed, num_items=3430, num_batches=4, token_weight=467714, token_weight_in_effect=467714
I1120 21:27:46.366668 2806096704 c_interface.cc:559] Pass GetScoreValueArgs, score_name=^^^ItemsProcessedScore^^^ to MasterComponent::Request
I1120 21:27:46.366704 2806096704 c_interface.cc:230] ArtmCopyRequestedMessage is copying 46 bytes...
I1120 21:27:46.367326 251772928 c_interface.cc:386] Pass FitOfflineMasterModelArgs, batch_filename_size=4, batch_weight_size=4, num_collection_passes=1 to MN4artm4core15MasterComponentEFvRKNS_25FitOfflineMasterModelArgsEE
I1120 21:27:46.367344 251772928 master_component.cc:1340] ProcessBatchesArgs: nwt_target_name=nwt, batch_filename_size=4, batch_size=0, batch_weight_size=4, pwt_source_name=pwt, num_document_passes=1, regularizer=(name:SparseTheta, tau:-0.15), regularizer=(name:SparsePhi, tau:-0.1), regularizer=(name:DecorrelatorPhi, tau:150000), reuse_theta=no, opt_for_avx=yes, predict_class_id=
I1120 21:27:46.386708 266539008 processor.cc:724] Processing queue has data, processing started
I1120 21:27:46.389528 266539008 processor.cc:802] Processor: start processing batch 168989d4-6aff-44fa-ab0c-00b2cdaf436a into model nwt
I1120 21:27:46.393921 265465856 processor.cc:724] Processing queue has data, processing started
I1120 21:27:46.399379 265465856 processor.cc:802] Processor: start processing batch bbde3c73-2a32-4fcb-98bc-f5f8661aff7c into model nwt
I1120 21:27:46.400286 266002432 processor.cc:724] Processing queue has data, processing started
I1120 21:27:46.408509 266002432 processor.cc:802] Processor: start processing batch aca7fb29-65f1-4d14-8aba-0ad694c40b2c into model nwt
I1120 21:27:46.410542 264929280 processor.cc:724] Processing queue has data, processing started
I1120 21:27:46.420140 264929280 processor.cc:802] Processor: start processing batch 52d79c70-0249-477c-b677-b7d9b7bb3f41 into model nwt
I1120 21:27:46.437222 266539008 processor.cc:898] Processor: complete processing batch 168989d4-6aff-44fa-ab0c-00b2cdaf436a into model nwt
I1120 21:27:46.440222 266539008 cuckoo_watch.h:45] 53ms in ProcessBatch(kos/aaaaad.batch) [including 2ms in LoadMessage; 0ms in InitializeSparseNdw; 17ms in InferThetaAndUpdateNwtSparse; 15ms in CalculateScore(PerplexityScore); 1ms in CalculateScore(SparsityThetaScore); 12ms in CalculateScore(^^^ItemsProcessedScore^^^); ]
I1120 21:27:46.464012 266539008 processor.cc:717] No data in processing queue, waiting...
I1120 21:27:46.507398 266002432 processor.cc:898] Processor: complete processing batch aca7fb29-65f1-4d14-8aba-0ad694c40b2c into model nwt
I1120 21:27:46.508397 265465856 processor.cc:898] Processor: complete processing batch bbde3c73-2a32-4fcb-98bc-f5f8661aff7c into model nwt
I1120 21:27:46.511700 266002432 cuckoo_watch.h:45] 111ms in ProcessBatch(kos/aaaaaa.batch) [including 7ms in LoadMessage; 0ms in InitializeSparseNdw; 41ms in InferThetaAndUpdateNwtSparse; 29ms in CalculateScore(PerplexityScore); 2ms in CalculateScore(SparsityThetaScore); 24ms in CalculateScore(^^^ItemsProcessedScore^^^); ]
I1120 21:27:46.512300 265465856 cuckoo_watch.h:45] 118ms in ProcessBatch(kos/aaaaab.batch) [including 5ms in LoadMessage; 0ms in InitializeSparseNdw; 45ms in InferThetaAndUpdateNwtSparse; 36ms in CalculateScore(PerplexityScore); 2ms in CalculateScore(SparsityThetaScore); 23ms in CalculateScore(^^^ItemsProcessedScore^^^); ]
I1120 21:27:46.517217 264929280 processor.cc:898] Processor: complete processing batch 52d79c70-0249-477c-b677-b7d9b7bb3f41 into model nwt
I1120 21:27:46.520776 264929280 cuckoo_watch.h:45] 110ms in ProcessBatch(kos/aaaaac.batch) [including 9ms in LoadMessage; 1ms in InitializeSparseNdw; 41ms in InferThetaAndUpdateNwtSparse; 29ms in CalculateScore(PerplexityScore); 2ms in CalculateScore(SparsityThetaScore); 21ms in CalculateScore(^^^ItemsProcessedScore^^^); ]
I1120 21:27:46.521997 251772928 master_component.cc:1378] RegularizeModelArgs: rwt_target_name=rwt, pwt_source_name=pwt, nwt_source_name=nwt
I1120 21:27:46.522058 251772928 master_component.cc:922] MasterComponent: start regularizing model pwt
I1120 21:27:46.535864 266002432 processor.cc:717] No data in processing queue, waiting...
I1120 21:27:46.536696 265465856 processor.cc:717] No data in processing queue, waiting...
I1120 21:27:46.544605 264929280 processor.cc:717] No data in processing queue, waiting...
I1120 21:27:46.555816 251772928 master_component.cc:948] MasterComponent: complete regularizing model pwt
I1120 21:27:46.555835 251772928 master_component.cc:1391] NormalizeModelArgs: pwt_target_name=pwt, nwt_source_name=nwt, rwt_source_name=rwt
I1120 21:27:46.555843 251772928 master_component.cc:952] MasterComponent: start normalizing model nwt
I1120 21:27:46.573851 251772928 master_component.cc:980] MasterComponent: complete normalizing model nwt
I1120 21:27:46.580755 251772928 master_component.cc:1415] DisposeModel rwt
I1120 21:27:46.584338 251772928 master_component.cc:1005] FitOffline: ItemsProcessed, num_items=3430, num_batches=4, token_weight=467714, token_weight_in_effect=467714
I1120 21:27:46.584730 2806096704 c_interface.cc:559] Pass GetScoreValueArgs, score_name=^^^ItemsProcessedScore^^^ to MasterComponent::Request
I1120 21:27:46.584761 2806096704 c_interface.cc:230] ArtmCopyRequestedMessage is copying 46 bytes...
I1120 21:27:46.585302 251772928 c_interface.cc:386] Pass FitOfflineMasterModelArgs, batch_filename_size=4, batch_weight_size=4, num_collection_passes=1 to MN4artm4core15MasterComponentEFvRKNS_25FitOfflineMasterModelArgsEE
I1120 21:27:46.585321 251772928 master_component.cc:1340] ProcessBatchesArgs: nwt_target_name=nwt, batch_filename_size=4, batch_size=0, batch_weight_size=4, pwt_source_name=pwt, num_document_passes=1, regularizer=(name:SparseTheta, tau:-0.15), regularizer=(name:SparsePhi, tau:-0.1), regularizer=(name:DecorrelatorPhi, tau:150000), reuse_theta=no, opt_for_avx=yes, predict_class_id=
I1120 21:27:46.602257 266539008 processor.cc:724] Processing queue has data, processing started
I1120 21:27:46.604970 266539008 processor.cc:802] Processor: start processing batch 168989d4-6aff-44fa-ab0c-00b2cdaf436a into model nwt
I1120 21:27:46.609522 264929280 processor.cc:724] Processing queue has data, processing started
I1120 21:27:46.618176 264929280 processor.cc:802] Processor: start processing batch bbde3c73-2a32-4fcb-98bc-f5f8661aff7c into model nwt
I1120 21:27:46.619506 266002432 processor.cc:724] Processing queue has data, processing started
I1120 21:27:46.627683 265465856 processor.cc:724] Processing queue has data, processing started
I1120 21:27:46.628940 266002432 processor.cc:802] Processor: start processing batch aca7fb29-65f1-4d14-8aba-0ad694c40b2c into model nwt
I1120 21:27:46.637491 265465856 processor.cc:802] Processor: start processing batch 52d79c70-0249-477c-b677-b7d9b7bb3f41 into model nwt
I1120 21:27:46.644971 266539008 processor.cc:898] Processor: complete processing batch 168989d4-6aff-44fa-ab0c-00b2cdaf436a into model nwt
