I1120 21:29:07.349318 212230144 processor.cc:724] Processing queue has data, processing started
I1120 21:29:07.353425 212230144 processor.cc:802] Processor: start processing batch 168989d4-6aff-44fa-ab0c-00b2cdaf436a into model nwt
I1120 21:29:07.357672 247566336 processor.cc:724] Processing queue has data, processing started
I1120 21:29:07.367305 211693568 processor.cc:724] Processing queue has data, processing started
I1120 21:29:07.368700 247566336 processor.cc:802] Processor: start processing batch bbde3c73-2a32-4fcb-98bc-f5f8661aff7c into model nwt
I1120 21:29:07.376283 247029760 processor.cc:724] Processing queue has data, processing started
I1120 21:29:07.380983 211693568 processor.cc:802] Processor: start processing batch aca7fb29-65f1-4d14-8aba-0ad694c40b2c into model nwt
I1120 21:29:07.390002 247029760 processor.cc:802] Processor: start processing batch 52d79c70-0249-477c-b677-b7d9b7bb3f41 into model nwt
I1120 21:29:07.496994 212230144 processor.cc:898] Processor: complete processing batch 168989d4-6aff-44fa-ab0c-00b2cdaf436a into model nwt
I1120 21:29:07.502166 212230144 cuckoo_watch.h:45] 152ms in ProcessBatch(kos/aaaaad.batch) [including 3ms in LoadMessage; 0ms in InitializeSparseNdw; 57ms in InferThetaAndUpdateNwtSparse; 57ms in CalculateScore(PerplexityScore); 7ms in CalculateScore(SparsityThetaScore); 20ms in CalculateScore(^^^ItemsProcessedScore^^^); ]
I1120 21:29:07.526993 247566336 processor.cc:898] Processor: complete processing batch bbde3c73-2a32-4fcb-98bc-f5f8661aff7c into model nwt
I1120 21:29:07.527146 212230144 processor.cc:717] No data in processing queue, waiting...
I1120 21:29:07.535141 247566336 cuckoo_watch.h:45] 177ms in ProcessBatch(kos/aaaaab.batch) [including 10ms in LoadMessage; 1ms in InitializeSparseNdw; 54ms in InferThetaAndUpdateNwtSparse; 58ms in CalculateScore(PerplexityScore); 3ms in CalculateScore(SparsityThetaScore); 39ms in CalculateScore(^^^ItemsProcessedScore^^^); ]
I1120 21:29:07.558300 247566336 processor.cc:717] No data in processing queue, waiting...
I1120 21:29:07.568574 247029760 processor.cc:898] Processor: complete processing batch 52d79c70-0249-477c-b677-b7d9b7bb3f41 into model nwt
I1120 21:29:07.571892 211693568 processor.cc:898] Processor: complete processing batch aca7fb29-65f1-4d14-8aba-0ad694c40b2c into model nwt
I1120 21:29:07.572770 247029760 cuckoo_watch.h:45] 196ms in ProcessBatch(kos/aaaaac.batch) [including 12ms in LoadMessage; 1ms in InitializeSparseNdw; 58ms in InferThetaAndUpdateNwtSparse; 73ms in CalculateScore(PerplexityScore); 6ms in CalculateScore(SparsityThetaScore); 37ms in CalculateScore(^^^ItemsProcessedScore^^^); ]
I1120 21:29:07.575016 211693568 cuckoo_watch.h:45] 207ms in ProcessBatch(kos/aaaaaa.batch) [including 12ms in LoadMessage; 3ms in InitializeSparseNdw; 90ms in InferThetaAndUpdateNwtSparse; 61ms in CalculateScore(PerplexityScore); 2ms in CalculateScore(SparsityThetaScore); 30ms in CalculateScore(^^^ItemsProcessedScore^^^); ]
I1120 21:29:07.575088 233873408 master_component.cc:1391] NormalizeModelArgs: pwt_target_name=pwt, nwt_source_name=nwt, rwt_source_name=
I1120 21:29:07.575129 233873408 master_component.cc:952] MasterComponent: start normalizing model nwt
I1120 21:29:07.593586 233873408 master_component.cc:980] MasterComponent: complete normalizing model nwt
I1120 21:29:07.595640 247029760 processor.cc:717] No data in processing queue, waiting...
I1120 21:29:07.598330 211693568 processor.cc:717] No data in processing queue, waiting...
I1120 21:29:07.610455 233873408 master_component.cc:1415] DisposeModel rwt
I1120 21:29:07.610474 233873408 master_component.cc:1005] FitOffline: ItemsProcessed, num_items=3430, num_batches=4, token_weight=467714, token_weight_in_effect=467714
I1120 21:29:07.648314 2806096704 c_interface.cc:559] Pass GetScoreValueArgs, score_name=^^^ItemsProcessedScore^^^ to MasterComponent::Request
I1120 21:29:07.648412 2806096704 c_interface.cc:230] ArtmCopyRequestedMessage is copying 46 bytes...
I1120 21:29:07.649747 233873408 c_interface.cc:386] Pass FitOfflineMasterModelArgs, batch_filename_size=4, batch_weight_size=4, num_collection_passes=1 to MN4artm4core15MasterComponentEFvRKNS_25FitOfflineMasterModelArgsEE
I1120 21:29:07.649765 233873408 master_component.cc:1340] ProcessBatchesArgs: nwt_target_name=nwt, batch_filename_size=4, batch_size=0, batch_weight_size=4, pwt_source_name=pwt, num_document_passes=1, reuse_theta=no, opt_for_avx=yes, predict_class_id=
I1120 21:29:07.669277 212230144 processor.cc:724] Processing queue has data, processing started
I1120 21:29:07.673316 212230144 processor.cc:802] Processor: start processing batch 168989d4-6aff-44fa-ab0c-00b2cdaf436a into model nwt
I1120 21:29:07.676671 247566336 processor.cc:724] Processing queue has data, processing started
I1120 21:29:07.684464 247566336 processor.cc:802] Processor: start processing batch bbde3c73-2a32-4fcb-98bc-f5f8661aff7c into model nwt
I1120 21:29:07.686501 211693568 processor.cc:724] Processing queue has data, processing started
I1120 21:29:07.695688 247029760 processor.cc:724] Processing queue has data, processing started
I1120 21:29:07.696748 211693568 processor.cc:802] Processor: start processing batch aca7fb29-65f1-4d14-8aba-0ad694c40b2c into model nwt
I1120 21:29:07.706718 247029760 processor.cc:802] Processor: start processing batch 52d79c70-0249-477c-b677-b7d9b7bb3f41 into model nwt
I1120 21:29:07.723196 212230144 processor.cc:898] Processor: complete processing batch 168989d4-6aff-44fa-ab0c-00b2cdaf436a into model nwt
I1120 21:29:07.726084 212230144 cuckoo_watch.h:45] 56ms in ProcessBatch(kos/aaaaad.batch) [including 3ms in LoadMessage; 0ms in InitializeSparseNdw; 17ms in InferThetaAndUpdateNwtSparse; 16ms in CalculateScore(PerplexityScore); 1ms in CalculateScore(SparsityThetaScore); 13ms in CalculateScore(^^^ItemsProcessedScore^^^); ]
I1120 21:29:07.749730 212230144 processor.cc:717] No data in processing queue, waiting...
I1120 21:29:07.804935 211693568 processor.cc:898] Processor: complete processing batch aca7fb29-65f1-4d14-8aba-0ad694c40b2c into model nwt
I1120 21:29:07.808288 211693568 cuckoo_watch.h:45] 121ms in ProcessBatch(kos/aaaaaa.batch) [including 9ms in LoadMessage; 0ms in InitializeSparseNdw; 40ms in InferThetaAndUpdateNwtSparse; 34ms in CalculateScore(PerplexityScore); 3ms in CalculateScore(SparsityThetaScore); 27ms in CalculateScore(^^^ItemsProcessedScore^^^); ]
I1120 21:29:07.821280 247566336 processor.cc:898] Processor: complete processing batch bbde3c73-2a32-4fcb-98bc-f5f8661aff7c into model nwt
I1120 21:29:07.824079 247566336 cuckoo_watch.h:45] 147ms in ProcessBatch(kos/aaaaab.batch) [including 7ms in LoadMessage; 0ms in InitializeSparseNdw; 54ms in InferThetaAndUpdateNwtSparse; 39ms in CalculateScore(PerplexityScore); 4ms in CalculateScore(SparsityThetaScore); 36ms in CalculateScore(^^^ItemsProcessedScore^^^); ]
I1120 21:29:07.824579 247029760 processor.cc:898] Processor: complete processing batch 52d79c70-0249-477c-b677-b7d9b7bb3f41 into model nwt
I1120 21:29:07.827147 247029760 cuckoo_watch.h:45] 131ms in ProcessBatch(kos/aaaaac.batch) [including 10ms in LoadMessage; 1ms in InitializeSparseNdw; 47ms in InferThetaAndUpdateNwtSparse; 40ms in CalculateScore(PerplexityScore); 2ms in CalculateScore(SparsityThetaScore); 25ms in CalculateScore(^^^ItemsProcessedScore^^^); ]
I1120 21:29:07.827977 233873408 master_component.cc:1391] NormalizeModelArgs: pwt_target_name=pwt, nwt_source_name=nwt, rwt_source_name=
I1120 21:29:07.828042 233873408 master_component.cc:952] MasterComponent: start normalizing model nwt
I1120 21:29:07.831548 211693568 processor.cc:717] No data in processing queue, waiting...
I1120 21:29:07.844512 233873408 master_component.cc:980] MasterComponent: complete normalizing model nwt
I1120 21:29:07.847710 247566336 processor.cc:717] No data in processing queue, waiting...
I1120 21:29:07.850831 247029760 processor.cc:717] No data in processing queue, waiting...
I1120 21:29:07.862409 233873408 master_component.cc:1415] DisposeModel rwt
I1120 21:29:07.862428 233873408 master_component.cc:1005] FitOffline: ItemsProcessed, num_items=3430, num_batches=4, token_weight=467714, token_weight_in_effect=467714
I1120 21:29:07.865996 2806096704 c_interface.cc:559] Pass GetScoreValueArgs, score_name=^^^ItemsProcessedScore^^^ to MasterComponent::Request
I1120 21:29:07.866031 2806096704 c_interface.cc:230] ArtmCopyRequestedMessage is copying 46 bytes...
I1120 21:29:07.866549 233873408 c_interface.cc:386] Pass FitOfflineMasterModelArgs, batch_filename_size=4, batch_weight_size=4, num_collection_passes=1 to MN4artm4core15MasterComponentEFvRKNS_25FitOfflineMasterModelArgsEE
I1120 21:29:07.866566 233873408 master_component.cc:1340] ProcessBatchesArgs: nwt_target_name=nwt, batch_filename_size=4, batch_size=0, batch_weight_size=4, pwt_source_name=pwt, num_document_passes=1, reuse_theta=no, opt_for_avx=yes, predict_class_id=
I1120 21:29:07.886699 212230144 processor.cc:724] Processing queue has data, processing started
I1120 21:29:07.891842 212230144 processor.cc:802] Processor: start processing batch 168989d4-6aff-44fa-ab0c-00b2cdaf436a into model nwt
I1120 21:29:07.893555 247566336 processor.cc:724] Processing queue has data, processing started
I1120 21:29:07.905642 247566336 processor.cc:802] Processor: start processing batch bbde3c73-2a32-4fcb-98bc-f5f8661aff7c into model nwt
I1120 21:29:07.907073 247029760 processor.cc:724] Processing queue has data, processing started
I1120 21:29:07.908568 211693568 processor.cc:724] Processing queue has data, processing started
I1120 21:29:07.917596 247029760 processor.cc:802] Processor: start processing batch aca7fb29-65f1-4d14-8aba-0ad694c40b2c into model nwt
I1120 21:29:07.918283 211693568 processor.cc:802] Processor: start processing batch 52d79c70-0249-477c-b677-b7d9b7bb3f41 into model nwt
I1120 21:29:07.946274 212230144 processor.cc:898] Processor: complete processing batch 168989d4-6aff-44fa-ab0c-00b2cdaf436a into model nwt
I1120 21:29:07.949189 212230144 cuckoo_watch.h:45] 62ms in ProcessBatch(kos/aaaaad.batch) [including 4ms in LoadMessage; 0ms in InitializeSparseNdw; 22ms in InferThetaAndUpdateNwtSparse; 15ms in CalculateScore(PerplexityScore); 1ms in CalculateScore(SparsityThetaScore); 13ms in CalculateScore(^^^ItemsProcessedScore^^^); ]
I1120 21:29:07.972627 212230144 processor.cc:717] No data in processing queue, waiting...
I1120 21:29:08.036182 247029760 processor.cc:898] Processor: complete processing batch aca7fb29-65f1-4d14-8aba-0ad694c40b2c into model nwt
I1120 21:29:08.037046 211693568 processor.cc:898] Processor: complete processing batch 52d79c70-0249-477c-b677-b7d9b7bb3f41 into model nwt
I1120 21:29:08.044252 247029760 cuckoo_watch.h:45] 137ms in ProcessBatch(kos/aaaaaa.batch) [including 10ms in LoadMessage; 0ms in InitializeSparseNdw; 42ms in InferThetaAndUpdateNwtSparse; 40ms in CalculateScore(PerplexityScore); 2ms in CalculateScore(SparsityThetaScore); 30ms in CalculateScore(^^^ItemsProcessedScore^^^); ]
I1120 21:29:08.044311 211693568 cuckoo_watch.h:45] 135ms in ProcessBatch(kos/aaaaac.batch) [including 9ms in LoadMessage; 1ms in InitializeSparseNdw; 44ms in InferThetaAndUpdateNwtSparse; 40ms in CalculateScore(PerplexityScore); 3ms in CalculateScore(SparsityThetaScore); 28ms in CalculateScore(^^^ItemsProcessedScore^^^); ]
I1120 21:29:08.049957 247566336 processor.cc:898] Processor: complete processing batch bbde3c73-2a32-4fcb-98bc-f5f8661aff7c into model nwt
I1120 21:29:08.053555 247566336 cuckoo_watch.h:45] 159ms in ProcessBatch(kos/aaaaab.batch) [including 11ms in LoadMessage; 0ms in InitializeSparseNdw; 56ms in InferThetaAndUpdateNwtSparse; 49ms in CalculateScore(PerplexityScore); 3ms in CalculateScore(SparsityThetaScore); 32ms in CalculateScore(^^^ItemsProcessedScore^^^); ]
I1120 21:29:08.054556 233873408 master_component.cc:1391] NormalizeModelArgs: pwt_target_name=pwt, nwt_source_name=nwt, rwt_source_name=
I1120 21:29:08.054611 233873408 master_component.cc:952] MasterComponent: start normalizing model nwt
I1120 21:29:08.068006 247029760 processor.cc:717] No data in processing queue, waiting...
I1120 21:29:08.068040 211693568 processor.cc:717] No data in processing queue, waiting...
I1120 21:29:08.069494 233873408 master_component.cc:980] MasterComponent: complete normalizing model nwt
I1120 21:29:08.076560 247566336 processor.cc:717] No data in processing queue, waiting...
I1120 21:29:08.086707 233873408 master_component.cc:1415] DisposeModel rwt
I1120 21:29:08.086727 233873408 master_component.cc:1005] FitOffline: ItemsProcessed, num_items=3430, num_batches=4, token_weight=467714, token_weight_in_effect=467714
I1120 21:29:08.134536 2806096704 c_interface.cc:559] Pass GetScoreValueArgs, score_name=^^^ItemsProcessedScore^^^ to MasterComponent::Request
I1120 21:29:08.134584 2806096704 c_interface.cc:230] ArtmCopyRequestedMessage is copying 46 bytes...
I1120 21:29:08.135185 233873408 c_interface.cc:386] Pass FitOfflineMasterModelArgs, batch_filename_size=4, batch_weight_size=4, num_collection_passes=1 to MN4artm4core15MasterComponentEFvRKNS_25FitOfflineMasterModelArgsEE
I1120 21:29:08.135210 233873408 master_component.cc:1340] ProcessBatchesArgs: nwt_target_name=nwt, batch_filename_size=4, batch_size=0, batch_weight_size=4, pwt_source_name=pwt, num_document_passes=1, reuse_theta=no, opt_for_avx=yes, predict_class_id=
I1120 21:29:08.152158 212230144 processor.cc:724] Processing queue has data, processing started
I1120 21:29:08.155597 212230144 processor.cc:802] Processor: start processing batch 168989d4-6aff-44fa-ab0c-00b2cdaf436a into model nwt
I1120 21:29:08.158475 211693568 processor.cc:724] Processing queue has data, processing started
I1120 21:29:08.165277 211693568 processor.cc:802] Processor: start processing batch bbde3c73-2a32-4fcb-98bc-f5f8661aff7c into model nwt
I1120 21:29:08.167992 247029760 processor.cc:724] Processing queue has data, processing started
I1120 21:29:08.177173 247566336 processor.cc:724] Processing queue has data, processing started
I1120 21:29:08.179988 247029760 processor.cc:802] Processor: start processing batch aca7fb29-65f1-4d14-8aba-0ad694c40b2c into model nwt
I1120 21:29:08.189916 247566336 processor.cc:802] Processor: start processing batch 52d79c70-0249-477c-b677-b7d9b7bb3f41 into model nwt
I1120 21:29:08.207012 212230144 processor.cc:898] Processor: complete processing batch 168989d4-6aff-44fa-ab0c-00b2cdaf436a into model nwt
I1120 21:29:08.210786 212230144 cuckoo_watch.h:45] 58ms in ProcessBatch(kos/aaaaad.batch) [including 3ms in LoadMessage; 0ms in InitializeSparseNdw; 18ms in InferThetaAndUpdateNwtSparse; 16ms in CalculateScore(PerplexityScore); 1ms in CalculateScore(SparsityThetaScore); 12ms in CalculateScore(^^^ItemsProcessedScore^^^); ]
I1120 21:29:08.234618 212230144 processor.cc:717] No data in processing queue, waiting...
I1120 21:29:08.284265 211693568 processor.cc:898] Processor: complete processing batch bbde3c73-2a32-4fcb-98bc-f5f8661aff7c into model nwt
I1120 21:29:08.285478 247029760 processor.cc:898] Processor: complete processing batch aca7fb29-65f1-4d14-8aba-0ad694c40b2c into model nwt
I1120 21:29:08.290563 211693568 cuckoo_watch.h:45] 132ms in ProcessBatch(kos/aaaaab.batch) [including 6ms in LoadMessage; 0ms in InitializeSparseNdw; 54ms in InferThetaAndUpdateNwtSparse; 34ms in CalculateScore(PerplexityScore); 2ms in CalculateScore(SparsityThetaScore); 24ms in CalculateScore(^^^ItemsProcessedScore^^^); ]
I1120 21:29:08.291934 247029760 cuckoo_watch.h:45] 123ms in ProcessBatch(kos/aaaaaa.batch) [including 11ms in LoadMessage; 0ms in InitializeSparseNdw; 46ms in InferThetaAndUpdateNwtSparse; 31ms in CalculateScore(PerplexityScore); 2ms in CalculateScore(SparsityThetaScore); 23ms in CalculateScore(^^^ItemsProcessedScore^^^); ]
I1120 21:29:08.294384 247566336 processor.cc:898] Processor: complete processing batch 52d79c70-0249-477c-b677-b7d9b7bb3f41 into model nwt
I1120 21:29:08.297096 247566336 cuckoo_watch.h:45] 119ms in ProcessBatch(kos/aaaaac.batch) [including 12ms in LoadMessage; 7ms in InitializeSparseNdw; 42ms in InferThetaAndUpdateNwtSparse; 30ms in CalculateScore(PerplexityScore); 1ms in CalculateScore(SparsityThetaScore); 20ms in CalculateScore(^^^ItemsProcessedScore^^^); ]
I1120 21:29:08.298072 233873408 master_component.cc:1391] NormalizeModelArgs: pwt_target_name=pwt, nwt_source_name=nwt, rwt_source_name=
I1120 21:29:08.298177 233873408 master_component.cc:952] MasterComponent: start normalizing model nwt
I1120 21:29:08.313163 233873408 master_component.cc:980] MasterComponent: complete normalizing model nwt
I1120 21:29:08.314457 211693568 processor.cc:717] No data in processing queue, waiting...
I1120 21:29:08.315703 247029760 processor.cc:717] No data in processing queue, waiting...
I1120 21:29:08.320808 247566336 processor.cc:717] No data in processing queue, waiting...
I1120 21:29:08.329895 233873408 master_component.cc:1415] DisposeModel rwt
I1120 21:29:08.329911 233873408 master_component.cc:1005] FitOffline: ItemsProcessed, num_items=3430, num_batches=4, token_weight=467714, token_weight_in_effect=467714
I1120 21:29:08.351241 2806096704 c_interface.cc:559] Pass GetScoreValueArgs, score_name=^^^ItemsProcessedScore^^^ to MasterComponent::Request
I1120 21:29:08.351277 2806096704 c_interface.cc:230] ArtmCopyRequestedMessage is copying 46 bytes...
I1120 21:29:08.351810 233873408 c_interface.cc:386] Pass FitOfflineMasterModelArgs, batch_filename_size=4, batch_weight_size=4, num_collection_passes=1 to MN4artm4core15MasterComponentEFvRKNS_25FitOfflineMasterModelArgsEE
I1120 21:29:08.351828 233873408 master_component.cc:1340] ProcessBatchesArgs: nwt_target_name=nwt, batch_filename_size=4, batch_size=0, batch_weight_size=4, pwt_source_name=pwt, num_document_passes=1, reuse_theta=no, opt_for_avx=yes, predict_class_id=
I1120 21:29:08.370054 212230144 processor.cc:724] Processing queue has data, processing started
I1120 21:29:08.372936 212230144 processor.cc:802] Processor: start processing batch 168989d4-6aff-44fa-ab0c-00b2cdaf436a into model nwt
I1120 21:29:08.377357 247029760 processor.cc:724] Processing queue has data, processing started
I1120 21:29:08.383714 211693568 processor.cc:724] Processing queue has data, processing started
I1120 21:29:08.386088 247029760 processor.cc:802] Processor: start processing batch bbde3c73-2a32-4fcb-98bc-f5f8661aff7c into model nwt
I1120 21:29:08.392343 247566336 processor.cc:724] Processing queue has data, processing started
I1120 21:29:08.392879 211693568 processor.cc:802] Processor: start processing batch aca7fb29-65f1-4d14-8aba-0ad694c40b2c into model nwt
I1120 21:29:08.402423 247566336 processor.cc:802] Processor: start processing batch 52d79c70-0249-477c-b677-b7d9b7bb3f41 into model nwt
I1120 21:29:08.421779 212230144 processor.cc:898] Processor: complete processing batch 168989d4-6aff-44fa-ab0c-00b2cdaf436a into model nwt
I1120 21:29:08.425531 212230144 cuckoo_watch.h:45] 55ms in ProcessBatch(kos/aaaaad.batch) [including 2ms in LoadMessage; 0ms in InitializeSparseNdw; 17ms in InferThetaAndUpdateNwtSparse; 14ms in CalculateScore(PerplexityScore); 1ms in CalculateScore(SparsityThetaScore); 13ms in CalculateScore(^^^ItemsProcessedScore^^^); ]
I1120 21:29:08.448762 212230144 processor.cc:717] No data in processing queue, waiting...
I1120 21:29:08.501621 211693568 processor.cc:898] Processor: complete processing batch aca7fb29-65f1-4d14-8aba-0ad694c40b2c into model nwt
I1120 21:29:08.501878 247029760 processor.cc:898] Processor: complete processing batch bbde3c73-2a32-4fcb-98bc-f5f8661aff7c into model nwt
I1120 21:29:08.506460 211693568 cuckoo_watch.h:45] 122ms in ProcessBatch(kos/aaaaaa.batch) [including 8ms in LoadMessage; 1ms in InitializeSparseNdw; 40ms in InferThetaAndUpdateNwtSparse; 38ms in CalculateScore(PerplexityScore); 3ms in CalculateScore(SparsityThetaScore); 23ms in CalculateScore(^^^ItemsProcessedScore^^^); ]
I1120 21:29:08.507066 247029760 cuckoo_watch.h:45] 129ms in ProcessBatch(kos/aaaaab.batch) [including 8ms in LoadMessage; 0ms in InitializeSparseNdw; 43ms in InferThetaAndUpdateNwtSparse; 43ms in CalculateScore(PerplexityScore); 1ms in CalculateScore(SparsityThetaScore); 24ms in CalculateScore(^^^ItemsProcessedScore^^^); ]
I1120 21:29:08.512150 247566336 processor.cc:898] Processor: complete processing batch 52d79c70-0249-477c-b677-b7d9b7bb3f41 into model nwt
I1120 21:29:08.515027 247566336 cuckoo_watch.h:45] 122ms in ProcessBatch(kos/aaaaac.batch) [including 9ms in LoadMessage; 1ms in InitializeSparseNdw; 42ms in InferThetaAndUpdateNwtSparse; 41ms in CalculateScore(PerplexityScore); 2ms in CalculateScore(SparsityThetaScore); 21ms in CalculateScore(^^^ItemsProcessedScore^^^); ]
I1120 21:29:08.516175 233873408 master_component.cc:1391] NormalizeModelArgs: pwt_target_name=pwt, nwt_source_name=nwt, rwt_source_name=
I1120 21:29:08.516203 233873408 master_component.cc:952] MasterComponent: start normalizing model nwt
I1120 21:29:08.530555 211693568 processor.cc:717] No data in processing queue, waiting...
I1120 21:29:08.531182 233873408 master_component.cc:980] MasterComponent: complete normalizing model nwt
I1120 21:29:08.531347 247029760 processor.cc:717] No data in processing queue, waiting...
I1120 21:29:08.538976 247566336 processor.cc:717] No data in processing queue, waiting...
I1120 21:29:08.548089 233873408 master_component.cc:1415] DisposeModel rwt
I1120 21:29:08.548107 233873408 master_component.cc:1005] FitOffline: ItemsProcessed, num_items=3430, num_batches=4, token_weight=467714, token_weight_in_effect=467714
I1120 21:29:08.569144 2806096704 c_interface.cc:559] Pass GetScoreValueArgs, score_name=^^^ItemsProcessedScore^^^ to MasterComponent::Request
I1120 21:29:08.569180 2806096704 c_interface.cc:230] ArtmCopyRequestedMessage is copying 46 bytes...
I1120 21:29:08.569725 233873408 c_interface.cc:386] Pass FitOfflineMasterModelArgs, batch_filename_size=4, batch_weight_size=4, num_collection_passes=1 to MN4artm4core15MasterComponentEFvRKNS_25FitOfflineMasterModelArgsEE
I1120 21:29:08.569741 233873408 master_component.cc:1340] ProcessBatchesArgs: nwt_target_name=nwt, batch_filename_size=4, batch_size=0, batch_weight_size=4, pwt_source_name=pwt, num_document_passes=1, reuse_theta=no, opt_for_avx=yes, predict_class_id=
I1120 21:29:08.587940 212230144 processor.cc:724] Processing queue has data, processing started
I1120 21:29:08.590816 212230144 processor.cc:802] Processor: start processing batch 168989d4-6aff-44fa-ab0c-00b2cdaf436a into model nwt
I1120 21:29:08.594306 247029760 processor.cc:724] Processing queue has data, processing started
I1120 21:29:08.602659 247029760 processor.cc:802] Processor: start processing batch bbde3c73-2a32-4fcb-98bc-f5f8661aff7c into model nwt
I1120 21:29:08.604274 247566336 processor.cc:724] Processing queue has data, processing started
I1120 21:29:08.613517 247566336 processor.cc:802] Processor: start processing batch aca7fb29-65f1-4d14-8aba-0ad694c40b2c into model nwt
I1120 21:29:08.614342 211693568 processor.cc:724] Processing queue has data, processing started
I1120 21:29:08.623777 211693568 processor.cc:802] Processor: start processing batch 52d79c70-0249-477c-b677-b7d9b7bb3f41 into model nwt
I1120 21:29:08.637714 212230144 processor.cc:898] Processor: complete processing batch 168989d4-6aff-44fa-ab0c-00b2cdaf436a into model nwt
I1120 21:29:08.642485 212230144 cuckoo_watch.h:45] 54ms in ProcessBatch(kos/aaaaad.batch) [including 2ms in LoadMessage; 0ms in InitializeSparseNdw; 16ms in InferThetaAndUpdateNwtSparse; 14ms in CalculateScore(PerplexityScore); 1ms in CalculateScore(SparsityThetaScore); 13ms in CalculateScore(^^^ItemsProcessedScore^^^); ]
I1120 21:29:08.666944 212230144 processor.cc:717] No data in processing queue, waiting...
I1120 21:29:08.711992 247566336 processor.cc:898] Processor: complete processing batch aca7fb29-65f1-4d14-8aba-0ad694c40b2c into model nwt
I1120 21:29:08.714136 247029760 processor.cc:898] Processor: complete processing batch bbde3c73-2a32-4fcb-98bc-f5f8661aff7c into model nwt
I1120 21:29:08.718250 247566336 cuckoo_watch.h:45] 113ms in ProcessBatch(kos/aaaaaa.batch) [including 8ms in LoadMessage; 0ms in InitializeSparseNdw; 39ms in InferThetaAndUpdateNwtSparse; 30ms in CalculateScore(PerplexityScore); 2ms in CalculateScore(SparsityThetaScore); 23ms in CalculateScore(^^^ItemsProcessedScore^^^); ]
I1120 21:29:08.718657 247029760 cuckoo_watch.h:45] 124ms in ProcessBatch(kos/aaaaab.batch) [including 8ms in LoadMessage; 0ms in InitializeSparseNdw; 47ms in InferThetaAndUpdateNwtSparse; 34ms in CalculateScore(PerplexityScore); 2ms in CalculateScore(SparsityThetaScore); 25ms in CalculateScore(^^^ItemsProcessedScore^^^); ]
I1120 21:29:08.720384 211693568 processor.cc:898] Processor: complete processing batch 52d79c70-0249-477c-b677-b7d9b7bb3f41 into model nwt
I1120 21:29:08.722606 211693568 cuckoo_watch.h:45] 108ms in ProcessBatch(kos/aaaaac.batch) [including 9ms in LoadMessage; 1ms in InitializeSparseNdw; 38ms in InferThetaAndUpdateNwtSparse; 32ms in CalculateScore(PerplexityScore); 2ms in CalculateScore(SparsityThetaScore); 20ms in CalculateScore(^^^ItemsProcessedScore^^^); ]
I1120 21:29:08.722681 233873408 master_component.cc:1391] NormalizeModelArgs: pwt_target_name=pwt, nwt_source_name=nwt, rwt_source_name=
I1120 21:29:08.722688 233873408 master_component.cc:952] MasterComponent: start normalizing model nwt
I1120 21:29:08.737871 233873408 master_component.cc:980] MasterComponent: complete normalizing model nwt
I1120 21:29:08.742489 247029760 processor.cc:717] No data in processing queue, waiting...
I1120 21:29:08.742491 247566336 processor.cc:717] No data in processing queue, waiting...
I1120 21:29:08.746314 211693568 processor.cc:717] No data in processing queue, waiting...
I1120 21:29:08.755340 233873408 master_component.cc:1415] DisposeModel rwt
I1120 21:29:08.755359 233873408 master_component.cc:1005] FitOffline: ItemsProcessed, num_items=3430, num_batches=4, token_weight=467714, token_weight_in_effect=467714
I1120 21:29:08.786942 2806096704 c_interface.cc:559] Pass GetScoreValueArgs, score_name=^^^ItemsProcessedScore^^^ to MasterComponent::Request
I1120 21:29:08.786978 2806096704 c_interface.cc:230] ArtmCopyRequestedMessage is copying 46 bytes...
I1120 21:29:08.787536 233873408 c_interface.cc:386] Pass FitOfflineMasterModelArgs, batch_filename_size=4, batch_weight_size=4, num_collection_passes=1 to MN4artm4core15MasterComponentEFvRKNS_25FitOfflineMasterModelArgsEE
I1120 21:29:08.787569 233873408 master_component.cc:1340] ProcessBatchesArgs: nwt_target_name=nwt, batch_filename_size=4, batch_size=0, batch_weight_size=4, pwt_source_name=pwt, num_document_passes=1, reuse_theta=no, opt_for_avx=yes, predict_class_id=
I1120 21:29:08.807929 212230144 processor.cc:724] Processing queue has data, processing started
I1120 21:29:08.811863 212230144 processor.cc:802] Processor: start processing batch 168989d4-6aff-44fa-ab0c-00b2cdaf436a into model nwt
I1120 21:29:08.815371 211693568 processor.cc:724] Processing queue has data, processing started
I1120 21:29:08.823768 247566336 processor.cc:724] Processing queue has data, processing started
I1120 21:29:08.825788 211693568 processor.cc:802] Processor: start processing batch bbde3c73-2a32-4fcb-98bc-f5f8661aff7c into model nwt
I1120 21:29:08.834867 247566336 processor.cc:802] Processor: start processing batch aca7fb29-65f1-4d14-8aba-0ad694c40b2c into model nwt
I1120 21:29:08.834741 247029760 processor.cc:724] Processing queue has data, processing started
I1120 21:29:08.846518 247029760 processor.cc:802] Processor: start processing batch 52d79c70-0249-477c-b677-b7d9b7bb3f41 into model nwt
I1120 21:29:08.867873 212230144 processor.cc:898] Processor: complete processing batch 168989d4-6aff-44fa-ab0c-00b2cdaf436a into model nwt
I1120 21:29:08.873605 212230144 cuckoo_watch.h:45] 65ms in ProcessBatch(kos/aaaaad.batch) [including 3ms in LoadMessage; 0ms in InitializeSparseNdw; 22ms in InferThetaAndUpdateNwtSparse; 16ms in CalculateScore(PerplexityScore); 2ms in CalculateScore(SparsityThetaScore); 13ms in CalculateScore(^^^ItemsProcessedScore^^^); ]
I1120 21:29:08.896998 212230144 processor.cc:717] No data in processing queue, waiting...
I1120 21:29:08.940734 247566336 processor.cc:898] Processor: complete processing batch aca7fb29-65f1-4d14-8aba-0ad694c40b2c into model nwt
I1120 21:29:08.944911 247566336 cuckoo_watch.h:45] 121ms in ProcessBatch(kos/aaaaaa.batch) [including 10ms in LoadMessage; 1ms in InitializeSparseNdw; 47ms in InferThetaAndUpdateNwtSparse; 29ms in CalculateScore(PerplexityScore); 2ms in CalculateScore(SparsityThetaScore); 23ms in CalculateScore(^^^ItemsProcessedScore^^^); ]
I1120 21:29:08.945327 211693568 processor.cc:898] Processor: complete processing batch bbde3c73-2a32-4fcb-98bc-f5f8661aff7c into model nwt
I1120 21:29:08.948058 211693568 cuckoo_watch.h:45] 132ms in ProcessBatch(kos/aaaaab.batch) [including 9ms in LoadMessage; 1ms in InitializeSparseNdw; 51ms in InferThetaAndUpdateNwtSparse; 36ms in CalculateScore(PerplexityScore); 3ms in CalculateScore(SparsityThetaScore); 25ms in CalculateScore(^^^ItemsProcessedScore^^^); ]
I1120 21:29:08.951103 247029760 processor.cc:898] Processor: complete processing batch 52d79c70-0249-477c-b677-b7d9b7bb3f41 into model nwt
I1120 21:29:08.953750 247029760 cuckoo_watch.h:45] 118ms in ProcessBatch(kos/aaaaac.batch) [including 10ms in LoadMessage; 1ms in InitializeSparseNdw; 48ms in InferThetaAndUpdateNwtSparse; 31ms in CalculateScore(PerplexityScore); 2ms in CalculateScore(SparsityThetaScore); 20ms in CalculateScore(^^^ItemsProcessedScore^^^); ]
I1120 21:29:08.954596 233873408 master_component.cc:1391] NormalizeModelArgs: pwt_target_name=pwt, nwt_source_name=nwt, rwt_source_name=
I1120 21:29:08.954736 233873408 master_component.cc:952] MasterComponent: start normalizing model nwt
I1120 21:29:08.969065 247566336 processor.cc:717] No data in processing queue, waiting...
I1120 21:29:08.969946 233873408 master_component.cc:980] MasterComponent: complete normalizing model nwt
I1120 21:29:08.972203 211693568 processor.cc:717] No data in processing queue, waiting...
I1120 21:29:08.977936 247029760 processor.cc:717] No data in processing queue, waiting...
I1120 21:29:08.986800 233873408 master_component.cc:1415] DisposeModel rwt
I1120 21:29:08.986824 233873408 master_component.cc:1005] FitOffline: ItemsProcessed, num_items=3430, num_batches=4, token_weight=467714, token_weight_in_effect=467714
I1120 21:29:09.005689 2806096704 c_interface.cc:559] Pass GetScoreValueArgs, score_name=^^^ItemsProcessedScore^^^ to MasterComponent::Request
I1120 21:29:09.005728 2806096704 c_interface.cc:230] ArtmCopyRequestedMessage is copying 46 bytes...
I1120 21:29:09.006332 233873408 c_interface.cc:386] Pass FitOfflineMasterModelArgs, batch_filename_size=4, batch_weight_size=4, num_collection_passes=1 to MN4artm4core15MasterComponentEFvRKNS_25FitOfflineMasterModelArgsEE
I1120 21:29:09.006350 233873408 master_component.cc:1340] ProcessBatchesArgs: nwt_target_name=nwt, batch_filename_size=4, batch_size=0, batch_weight_size=4, pwt_source_name=pwt, num_document_passes=1, reuse_theta=no, opt_for_avx=yes, predict_class_id=
I1120 21:29:09.029204 212230144 processor.cc:724] Processing queue has data, processing started
I1120 21:29:09.033978 212230144 processor.cc:802] Processor: start processing batch 168989d4-6aff-44fa-ab0c-00b2cdaf436a into model nwt
I1120 21:29:09.037211 247566336 processor.cc:724] Processing queue has data, processing started
I1120 21:29:09.045430 247566336 processor.cc:802] Processor: start processing batch bbde3c73-2a32-4fcb-98bc-f5f8661aff7c into model nwt
I1120 21:29:09.046766 247029760 processor.cc:724] Processing queue has data, processing started
I1120 21:29:09.055984 211693568 processor.cc:724] Processing queue has data, processing started
I1120 21:29:09.056478 247029760 processor.cc:802] Processor: start processing batch aca7fb29-65f1-4d14-8aba-0ad694c40b2c into model nwt
I1120 21:29:09.066423 211693568 processor.cc:802] Processor: start processing batch 52d79c70-0249-477c-b677-b7d9b7bb3f41 into model nwt
I1120 21:29:09.084188 212230144 processor.cc:898] Processor: complete processing batch 168989d4-6aff-44fa-ab0c-00b2cdaf436a into model nwt
I1120 21:29:09.087478 212230144 cuckoo_watch.h:45] 58ms in ProcessBatch(kos/aaaaad.batch) [including 4ms in LoadMessage; 0ms in InitializeSparseNdw; 18ms in InferThetaAndUpdateNwtSparse; 15ms in CalculateScore(PerplexityScore); 1ms in CalculateScore(SparsityThetaScore); 13ms in CalculateScore(^^^ItemsProcessedScore^^^); ]
I1120 21:29:09.111325 212230144 processor.cc:717] No data in processing queue, waiting...
I1120 21:29:09.168387 247029760 processor.cc:898] Processor: complete processing batch aca7fb29-65f1-4d14-8aba-0ad694c40b2c into model nwt
I1120 21:29:09.172458 247029760 cuckoo_watch.h:45] 125ms in ProcessBatch(kos/aaaaaa.batch) [including 9ms in LoadMessage; 0ms in InitializeSparseNdw; 39ms in InferThetaAndUpdateNwtSparse; 34ms in CalculateScore(PerplexityScore); 4ms in CalculateScore(SparsityThetaScore); 31ms in CalculateScore(^^^ItemsProcessedScore^^^); ]
I1120 21:29:09.174721 247566336 processor.cc:898] Processor: complete processing batch bbde3c73-2a32-4fcb-98bc-f5f8661aff7c into model nwt
I1120 21:29:09.177150 247566336 cuckoo_watch.h:45] 139ms in ProcessBatch(kos/aaaaab.batch) [including 7ms in LoadMessage; 2ms in InitializeSparseNdw; 46ms in InferThetaAndUpdateNwtSparse; 48ms in CalculateScore(PerplexityScore); 3ms in CalculateScore(SparsityThetaScore); 26ms in CalculateScore(^^^ItemsProcessedScore^^^); ]
I1120 21:29:09.183666 211693568 processor.cc:898] Processor: complete processing batch 52d79c70-0249-477c-b677-b7d9b7bb3f41 into model nwt
I1120 21:29:09.185982 211693568 cuckoo_watch.h:45] 129ms in ProcessBatch(kos/aaaaac.batch) [including 9ms in LoadMessage; 1ms in InitializeSparseNdw; 42ms in InferThetaAndUpdateNwtSparse; 50ms in CalculateScore(PerplexityScore); 1ms in CalculateScore(SparsityThetaScore); 18ms in CalculateScore(^^^ItemsProcessedScore^^^); ]
I1120 21:29:09.186033 233873408 master_component.cc:1391] NormalizeModelArgs: pwt_target_name=pwt, nwt_source_name=nwt, rwt_source_name=
I1120 21:29:09.186046 233873408 master_component.cc:952] MasterComponent: start normalizing model nwt
I1120 21:29:09.196693 247029760 processor.cc:717] No data in processing queue, waiting...
I1120 21:29:09.200515 233873408 master_component.cc:980] MasterComponent: complete normalizing model nwt
I1120 21:29:09.201220 247566336 processor.cc:717] No data in processing queue, waiting...
I1120 21:29:09.210090 211693568 processor.cc:717] No data in processing queue, waiting...
I1120 21:29:09.217195 233873408 master_component.cc:1415] DisposeModel rwt
I1120 21:29:09.217212 233873408 master_component.cc:1005] FitOffline: ItemsProcessed, num_items=3430, num_batches=4, token_weight=467714, token_weight_in_effect=467714
I1120 21:29:09.225410 2806096704 c_interface.cc:559] Pass GetScoreValueArgs, score_name=^^^ItemsProcessedScore^^^ to MasterComponent::Request
I1120 21:29:09.225447 2806096704 c_interface.cc:230] ArtmCopyRequestedMessage is copying 46 bytes...
I1120 21:29:09.226092 233873408 c_interface.cc:386] Pass FitOfflineMasterModelArgs, batch_filename_size=4, batch_weight_size=4, num_collection_passes=1 to MN4artm4core15MasterComponentEFvRKNS_25FitOfflineMasterModelArgsEE
I1120 21:29:09.226109 233873408 master_component.cc:1340] ProcessBatchesArgs: nwt_target_name=nwt, batch_filename_size=4, batch_size=0, batch_weight_size=4, pwt_source_name=pwt, num_document_passes=1, reuse_theta=no, opt_for_avx=yes, predict_class_id=
I1120 21:29:09.244168 212230144 processor.cc:724] Processing queue has data, processing started
I1120 21:29:09.246989 212230144 processor.cc:802] Processor: start processing batch 168989d4-6aff-44fa-ab0c-00b2cdaf436a into model nwt
I1120 21:29:09.250490 211693568 processor.cc:724] Processing queue has data, processing started
I1120 21:29:09.257778 247566336 processor.cc:724] Processing queue has data, processing started
I1120 21:29:09.258143 211693568 processor.cc:802] Processor: start processing batch bbde3c73-2a32-4fcb-98bc-f5f8661aff7c into model nwt
I1120 21:29:09.266091 247029760 processor.cc:724] Processing queue has data, processing started
I1120 21:29:09.266671 247566336 processor.cc:802] Processor: start processing batch aca7fb29-65f1-4d14-8aba-0ad694c40b2c into model nwt
I1120 21:29:09.275580 247029760 processor.cc:802] Processor: start processing batch 52d79c70-0249-477c-b677-b7d9b7bb3f41 into model nwt
I1120 21:29:09.297135 212230144 processor.cc:898] Processor: complete processing batch 168989d4-6aff-44fa-ab0c-00b2cdaf436a into model nwt
I1120 21:29:09.300137 212230144 cuckoo_watch.h:45] 55ms in ProcessBatch(kos/aaaaad.batch) [including 2ms in LoadMessage; 0ms in InitializeSparseNdw; 17ms in InferThetaAndUpdateNwtSparse; 15ms in CalculateScore(PerplexityScore); 1ms in CalculateScore(SparsityThetaScore); 14ms in CalculateScore(^^^ItemsProcessedScore^^^); ]
I1120 21:29:09.323619 212230144 processor.cc:717] No data in processing queue, waiting...
I1120 21:29:09.384168 211693568 processor.cc:898] Processor: complete processing batch bbde3c73-2a32-4fcb-98bc-f5f8661aff7c into model nwt
I1120 21:29:09.388151 211693568 cuckoo_watch.h:45] 137ms in ProcessBatch(kos/aaaaab.batch) [including 7ms in LoadMessage; 0ms in InitializeSparseNdw; 44ms in InferThetaAndUpdateNwtSparse; 45ms in CalculateScore(PerplexityScore); 3ms in CalculateScore(SparsityThetaScore); 30ms in CalculateScore(^^^ItemsProcessedScore^^^); ]
I1120 21:29:09.389811 247566336 processor.cc:898] Processor: complete processing batch aca7fb29-65f1-4d14-8aba-0ad694c40b2c into model nwt
I1120 21:29:09.392110 247029760 processor.cc:898] Processor: complete processing batch 52d79c70-0249-477c-b677-b7d9b7bb3f41 into model nwt
I1120 21:29:09.392334 247566336 cuckoo_watch.h:45] 134ms in ProcessBatch(kos/aaaaaa.batch) [including 8ms in LoadMessage; 1ms in InitializeSparseNdw; 43ms in InferThetaAndUpdateNwtSparse; 47ms in CalculateScore(PerplexityScore); 3ms in CalculateScore(SparsityThetaScore); 24ms in CalculateScore(^^^ItemsProcessedScore^^^); ]
I1120 21:29:09.394523 247029760 cuckoo_watch.h:45] 128ms in ProcessBatch(kos/aaaaac.batch) [including 8ms in LoadMessage; 1ms in InitializeSparseNdw; 40ms in InferThetaAndUpdateNwtSparse; 46ms in CalculateScore(PerplexityScore); 1ms in CalculateScore(SparsityThetaScore); 24ms in CalculateScore(^^^ItemsProcessedScore^^^); ]
I1120 21:29:09.395253 233873408 master_component.cc:1391] NormalizeModelArgs: pwt_target_name=pwt, nwt_source_name=nwt, rwt_source_name=
I1120 21:29:09.395295 233873408 master_component.cc:952] MasterComponent: start normalizing model nwt
I1120 21:29:09.411114 211693568 processor.cc:717] No data in processing queue, waiting...
I1120 21:29:09.412344 233873408 master_component.cc:980] MasterComponent: complete normalizing model nwt
I1120 21:29:09.415345 247566336 processor.cc:717] No data in processing queue, waiting...
I1120 21:29:09.417896 247029760 processor.cc:717] No data in processing queue, waiting...
I1120 21:29:09.430763 233873408 master_component.cc:1415] DisposeModel rwt
I1120 21:29:09.430781 233873408 master_component.cc:1005] FitOffline: ItemsProcessed, num_items=3430, num_batches=4, token_weight=467714, token_weight_in_effect=467714
I1120 21:29:09.443155 2806096704 c_interface.cc:559] Pass GetScoreValueArgs, score_name=^^^ItemsProcessedScore^^^ to MasterComponent::Request
I1120 21:29:09.443192 2806096704 c_interface.cc:230] ArtmCopyRequestedMessage is copying 46 bytes...
I1120 21:29:09.444032 233873408 c_interface.cc:386] Pass FitOfflineMasterModelArgs, batch_filename_size=4, batch_weight_size=4, num_collection_passes=1 to MN4artm4core15MasterComponentEFvRKNS_25FitOfflineMasterModelArgsEE
I1120 21:29:09.444150 233873408 master_component.cc:1340] ProcessBatchesArgs: nwt_target_name=nwt, batch_filename_size=4, batch_size=0, batch_weight_size=4, pwt_source_name=pwt, num_document_passes=1, reuse_theta=no, opt_for_avx=yes, predict_class_id=
I1120 21:29:09.465044 247029760 processor.cc:724] Processing queue has data, processing started
I1120 21:29:09.469033 247029760 processor.cc:802] Processor: start processing batch 168989d4-6aff-44fa-ab0c-00b2cdaf436a into model nwt
I1120 21:29:09.471946 212230144 processor.cc:724] Processing queue has data, processing started
I1120 21:29:09.480504 212230144 processor.cc:802] Processor: start processing batch bbde3c73-2a32-4fcb-98bc-f5f8661aff7c into model nwt
I1120 21:29:09.480821 247566336 processor.cc:724] Processing queue has data, processing started
I1120 21:29:09.489634 211693568 processor.cc:724] Processing queue has data, processing started
I1120 21:29:09.490746 247566336 processor.cc:802] Processor: start processing batch aca7fb29-65f1-4d14-8aba-0ad694c40b2c into model nwt
I1120 21:29:09.505386 211693568 processor.cc:802] Processor: start processing batch 52d79c70-0249-477c-b677-b7d9b7bb3f41 into model nwt
I1120 21:29:09.527570 247029760 processor.cc:898] Processor: complete processing batch 168989d4-6aff-44fa-ab0c-00b2cdaf436a into model nwt
I1120 21:29:09.531924 247029760 cuckoo_watch.h:45] 66ms in ProcessBatch(kos/aaaaad.batch) [including 3ms in LoadMessage; 0ms in InitializeSparseNdw; 20ms in InferThetaAndUpdateNwtSparse; 18ms in CalculateScore(PerplexityScore); 2ms in CalculateScore(SparsityThetaScore); 16ms in CalculateScore(^^^ItemsProcessedScore^^^); ]
I1120 21:29:09.554970 247029760 processor.cc:717] No data in processing queue, waiting...
I1120 21:29:09.599839 212230144 processor.cc:898] Processor: complete processing batch bbde3c73-2a32-4fcb-98bc-f5f8661aff7c into model nwt
I1120 21:29:09.604009 212230144 cuckoo_watch.h:45] 132ms in ProcessBatch(kos/aaaaab.batch) [including 8ms in LoadMessage; 0ms in InitializeSparseNdw; 44ms in InferThetaAndUpdateNwtSparse; 39ms in CalculateScore(PerplexityScore); 3ms in CalculateScore(SparsityThetaScore); 29ms in CalculateScore(^^^ItemsProcessedScore^^^); ]
I1120 21:29:09.612892 247566336 processor.cc:898] Processor: complete processing batch aca7fb29-65f1-4d14-8aba-0ad694c40b2c into model nwt
I1120 21:29:09.618063 247566336 cuckoo_watch.h:45] 137ms in ProcessBatch(kos/aaaaaa.batch) [including 9ms in LoadMessage; 0ms in InitializeSparseNdw; 50ms in InferThetaAndUpdateNwtSparse; 35ms in CalculateScore(PerplexityScore); 3ms in CalculateScore(SparsityThetaScore); 31ms in CalculateScore(^^^ItemsProcessedScore^^^); ]
I1120 21:29:09.626550 212230144 processor.cc:717] No data in processing queue, waiting...
I1120 21:29:09.631014 211693568 processor.cc:898] Processor: complete processing batch 52d79c70-0249-477c-b677-b7d9b7bb3f41 into model nwt
I1120 21:29:09.633457 211693568 cuckoo_watch.h:45] 143ms in ProcessBatch(kos/aaaaac.batch) [including 15ms in LoadMessage; 1ms in InitializeSparseNdw; 51ms in InferThetaAndUpdateNwtSparse; 41ms in CalculateScore(PerplexityScore); 3ms in CalculateScore(SparsityThetaScore); 25ms in CalculateScore(^^^ItemsProcessedScore^^^); ]
I1120 21:29:09.633589 233873408 master_component.cc:1391] NormalizeModelArgs: pwt_target_name=pwt, nwt_source_name=nwt, rwt_source_name=
I1120 21:29:09.633641 233873408 master_component.cc:952] MasterComponent: start normalizing model nwt
I1120 21:29:09.640777 247566336 processor.cc:717] No data in processing queue, waiting...
I1120 21:29:09.650744 233873408 master_component.cc:980] MasterComponent: complete normalizing model nwt
I1120 21:29:09.656612 211693568 processor.cc:717] No data in processing queue, waiting...
I1120 21:29:09.668822 233873408 master_component.cc:1415] DisposeModel rwt
I1120 21:29:09.668843 233873408 master_component.cc:1005] FitOffline: ItemsProcessed, num_items=3430, num_batches=4, token_weight=467714, token_weight_in_effect=467714
I1120 21:29:09.711824 2806096704 c_interface.cc:559] Pass GetScoreValueArgs, score_name=^^^ItemsProcessedScore^^^ to MasterComponent::Request
I1120 21:29:09.711861 2806096704 c_interface.cc:230] ArtmCopyRequestedMessage is copying 46 bytes...
I1120 21:29:09.712446 233873408 c_interface.cc:386] Pass FitOfflineMasterModelArgs, batch_filename_size=4, batch_weight_size=4, num_collection_passes=1 to MN4artm4core15MasterComponentEFvRKNS_25FitOfflineMasterModelArgsEE
I1120 21:29:09.712465 233873408 master_component.cc:1340] ProcessBatchesArgs: nwt_target_name=nwt, batch_filename_size=4, batch_size=0, batch_weight_size=4, pwt_source_name=pwt, num_document_passes=1, reuse_theta=no, opt_for_avx=yes, predict_class_id=
I1120 21:29:09.730476 247029760 processor.cc:724] Processing queue has data, processing started
I1120 21:29:09.733779 247029760 processor.cc:802] Processor: start processing batch 168989d4-6aff-44fa-ab0c-00b2cdaf436a into model nwt
I1120 21:29:09.737972 211693568 processor.cc:724] Processing queue has data, processing started
I1120 21:29:09.745543 212230144 processor.cc:724] Processing queue has data, processing started
I1120 21:29:09.747786 211693568 processor.cc:802] Processor: start processing batch bbde3c73-2a32-4fcb-98bc-f5f8661aff7c into model nwt
I1120 21:29:09.754356 212230144 processor.cc:802] Processor: start processing batch aca7fb29-65f1-4d14-8aba-0ad694c40b2c into model nwt
I1120 21:29:09.755641 247566336 processor.cc:724] Processing queue has data, processing started
I1120 21:29:09.765393 247566336 processor.cc:802] Processor: start processing batch 52d79c70-0249-477c-b677-b7d9b7bb3f41 into model nwt
I1120 21:29:09.782584 247029760 processor.cc:898] Processor: complete processing batch 168989d4-6aff-44fa-ab0c-00b2cdaf436a into model nwt
I1120 21:29:09.784318 247029760 cuckoo_watch.h:45] 53ms in ProcessBatch(kos/aaaaad.batch) [including 3ms in LoadMessage; 0ms in InitializeSparseNdw; 16ms in InferThetaAndUpdateNwtSparse; 14ms in CalculateScore(PerplexityScore); 2ms in CalculateScore(SparsityThetaScore); 14ms in CalculateScore(^^^ItemsProcessedScore^^^); ]
I1120 21:29:09.808868 247029760 processor.cc:717] No data in processing queue, waiting...
I1120 21:29:09.852535 212230144 processor.cc:898] Processor: complete processing batch aca7fb29-65f1-4d14-8aba-0ad694c40b2c into model nwt
I1120 21:29:09.854652 212230144 cuckoo_watch.h:45] 109ms in ProcessBatch(kos/aaaaaa.batch) [including 8ms in LoadMessage; 0ms in InitializeSparseNdw; 39ms in InferThetaAndUpdateNwtSparse; 28ms in CalculateScore(PerplexityScore); 2ms in CalculateScore(SparsityThetaScore); 24ms in CalculateScore(^^^ItemsProcessedScore^^^); ]
I1120 21:29:09.857759 211693568 processor.cc:898] Processor: complete processing batch bbde3c73-2a32-4fcb-98bc-f5f8661aff7c into model nwt
I1120 21:29:09.860231 211693568 cuckoo_watch.h:45] 122ms in ProcessBatch(kos/aaaaab.batch) [including 9ms in LoadMessage; 1ms in InitializeSparseNdw; 43ms in InferThetaAndUpdateNwtSparse; 37ms in CalculateScore(PerplexityScore); 2ms in CalculateScore(SparsityThetaScore); 24ms in CalculateScore(^^^ItemsProcessedScore^^^); ]
I1120 21:29:09.864876 247566336 processor.cc:898] Processor: complete processing batch 52d79c70-0249-477c-b677-b7d9b7bb3f41 into model nwt
I1120 21:29:09.867584 247566336 cuckoo_watch.h:45] 111ms in ProcessBatch(kos/aaaaac.batch) [including 9ms in LoadMessage; 1ms in InitializeSparseNdw; 43ms in InferThetaAndUpdateNwtSparse; 30ms in CalculateScore(PerplexityScore); 2ms in CalculateScore(SparsityThetaScore); 20ms in CalculateScore(^^^ItemsProcessedScore^^^); ]
I1120 21:29:09.868814 233873408 master_component.cc:1391] NormalizeModelArgs: pwt_target_name=pwt, nwt_source_name=nwt, rwt_source_name=
I1120 21:29:09.868907 233873408 master_component.cc:952] MasterComponent: start normalizing model nwt
I1120 21:29:09.878857 212230144 processor.cc:717] No data in processing queue, waiting...
I1120 21:29:09.884301 233873408 master_component.cc:980] MasterComponent: complete normalizing model nwt
I1120 21:29:09.884595 211693568 processor.cc:717] No data in processing queue, waiting...
I1120 21:29:09.891350 247566336 processor.cc:717] No data in processing queue, waiting...
I1120 21:29:09.903667 233873408 master_component.cc:1415] DisposeModel rwt
I1120 21:29:09.903688 233873408 master_component.cc:1005] FitOffline: ItemsProcessed, num_items=3430, num_batches=4, token_weight=467714, token_weight_in_effect=467714
I1120 21:29:09.930423 2806096704 c_interface.cc:559] Pass GetScoreValueArgs, score_name=^^^ItemsProcessedScore^^^ to MasterComponent::Request
I1120 21:29:09.930456 2806096704 c_interface.cc:230] ArtmCopyRequestedMessage is copying 46 bytes...
I1120 21:29:09.931051 233873408 c_interface.cc:386] Pass FitOfflineMasterModelArgs, batch_filename_size=4, batch_weight_size=4, num_collection_passes=1 to MN4artm4core15MasterComponentEFvRKNS_25FitOfflineMasterModelArgsEE
I1120 21:29:09.931067 233873408 master_component.cc:1340] ProcessBatchesArgs: nwt_target_name=nwt, batch_filename_size=4, batch_size=0, batch_weight_size=4, pwt_source_name=pwt, num_document_passes=1, reuse_theta=no, opt_for_avx=yes, predict_class_id=
I1120 21:29:09.949146 247029760 processor.cc:724] Processing queue has data, processing started
I1120 21:29:09.952754 247029760 processor.cc:802] Processor: start processing batch 168989d4-6aff-44fa-ab0c-00b2cdaf436a into model nwt
I1120 21:29:09.958235 212230144 processor.cc:724] Processing queue has data, processing started
I1120 21:29:09.967206 212230144 processor.cc:802] Processor: start processing batch bbde3c73-2a32-4fcb-98bc-f5f8661aff7c into model nwt
I1120 21:29:09.970875 211693568 processor.cc:724] Processing queue has data, processing started
I1120 21:29:09.977044 247566336 processor.cc:724] Processing queue has data, processing started
I1120 21:29:09.980404 211693568 processor.cc:802] Processor: start processing batch aca7fb29-65f1-4d14-8aba-0ad694c40b2c into model nwt
I1120 21:29:09.993338 247566336 processor.cc:802] Processor: start processing batch 52d79c70-0249-477c-b677-b7d9b7bb3f41 into model nwt
I1120 21:29:10.010746 247029760 processor.cc:898] Processor: complete processing batch 168989d4-6aff-44fa-ab0c-00b2cdaf436a into model nwt
