Log file created at: 2017/11/20 21:26:27
Running on machine: MacBook-Pro-Anastasia.local
Log line format: [IWEF]mmdd hh:mm:ss.uuuuuu threadid file:line] msg
I1120 21:26:27.955703 2806096704 c_interface.cc:127] Logging enabled to .
I1120 21:26:27.956212 2806096704 instance.cc:401] MasterModelConfig.processors_count is automatically set to 4
I1120 21:26:27.956295 2806096704 c_interface.cc:271] Creating MasterModel (id=1)...
I1120 21:26:27.956303 230739968 processor.cc:701] Processor thread started
I1120 21:26:27.956306 212230144 processor.cc:701] Processor thread started
I1120 21:26:27.956307 230203392 processor.cc:701] Processor thread started
I1120 21:26:27.956323 211693568 processor.cc:701] Processor thread started
I1120 21:26:27.957451 230739968 processor.cc:709] Processor thread stopped
I1120 21:26:27.957489 230739968 processor.cc:710] Total number of processed batches: 0
I1120 21:26:27.958792 230203392 processor.cc:709] Processor thread stopped
I1120 21:26:27.958829 230203392 processor.cc:710] Total number of processed batches: 0
I1120 21:26:27.960132 212230144 processor.cc:709] Processor thread stopped
I1120 21:26:27.960170 212230144 processor.cc:710] Total number of processed batches: 0
I1120 21:26:27.961441 211693568 processor.cc:709] Processor thread stopped
I1120 21:26:27.961477 211693568 processor.cc:710] Total number of processed batches: 0
I1120 21:26:27.961614 2806096704 c_interface.cc:336] Disposing MasterComponent (id=1)...
I1120 21:26:27.989972 2806096704 c_interface.cc:271] Creating MasterModel (id=2)...
I1120 21:26:36.021767 2806096704 c_interface.cc:271] Creating MasterModel (id=3)...
I1120 21:26:36.021894 2806096704 c_interface.cc:372] Pass 3c38c326-b247-49a7-a24a-ddb12a3da034 to MN4artm4core15MasterComponentEFvRKNSt3__112basic_stringIcNS2_11char_traitsIcEENS2_9allocatorIcEEEEE
I1120 21:26:36.022593 2806096704 c_interface.cc:336] Disposing MasterComponent (id=2)...
I1120 21:26:36.025431 2806096704 instance.cc:401] MasterModelConfig.processors_count is automatically set to 4
I1120 21:26:36.025542 2806096704 c_interface.cc:271] Creating MasterModel (id=4)...
I1120 21:26:36.025574 211693568 processor.cc:701] Processor thread started
I1120 21:26:36.025598 247029760 processor.cc:701] Processor thread started
I1120 21:26:36.025593 212230144 processor.cc:701] Processor thread started
I1120 21:26:36.025615 247566336 processor.cc:701] Processor thread started
I1120 21:26:36.026051 2806096704 c_interface.cc:386] Pass MasterModelConfig: topic_name_size=15, score_config_size=2, num_processors=0, pwt_name=pwt, nwt_name=nwt, num_document_passes=10, reuse_theta=no, cache_theta=yes, opt_for_avx=yes, disk_cache_path to MN4artm4core15MasterComponentEFvRKNS_17MasterModelConfigEE
I1120 21:26:36.026078 2806096704 instance.cc:401] MasterModelConfig.processors_count is automatically set to 4
I1120 21:26:36.026101 2806096704 perplexity.cc:26] Perplexity score calculator created: model_type=1, dictionary_name=5dfc6d3a-0f54-43b2-9941-7dee0ad07c05
I1120 21:26:36.028987 2806096704 instance.cc:401] MasterModelConfig.processors_count is automatically set to 4
I1120 21:26:36.029052 264929280 processor.cc:701] Processor thread started
I1120 21:26:36.029060 265465856 processor.cc:701] Processor thread started
I1120 21:26:36.029080 2806096704 c_interface.cc:271] Creating MasterModel (id=5)...
I1120 21:26:36.029085 266002432 processor.cc:701] Processor thread started
I1120 21:26:36.029088 266539008 processor.cc:701] Processor thread started
I1120 21:26:36.029336 2806096704 c_interface.cc:386] Pass MasterModelConfig: topic_name_size=15, score_config_size=2, num_processors=0, pwt_name=pwt, nwt_name=nwt, num_document_passes=10, reuse_theta=no, cache_theta=yes, opt_for_avx=yes, disk_cache_path to MN4artm4core15MasterComponentEFvRKNS_17MasterModelConfigEE
I1120 21:26:36.029351 2806096704 instance.cc:401] MasterModelConfig.processors_count is automatically set to 4
I1120 21:26:36.029361 2806096704 perplexity.cc:26] Perplexity score calculator created: model_type=1, dictionary_name=5dfc6d3a-0f54-43b2-9941-7dee0ad07c05
I1120 21:26:36.029670 2806096704 c_interface.cc:386] Pass MasterModelConfig: topic_name_size=15, score_config_size=2, num_processors=0, pwt_name=pwt, nwt_name=nwt, num_document_passes=10, regularizer=(SparseTheta:-0.15), reuse_theta=no, cache_theta=yes, opt_for_avx=yes, disk_cache_path to MN4artm4core15MasterComponentEFvRKNS_17MasterModelConfigEE
I1120 21:26:36.029683 2806096704 instance.cc:401] MasterModelConfig.processors_count is automatically set to 4
I1120 21:26:36.029700 2806096704 perplexity.cc:26] Perplexity score calculator created: model_type=1, dictionary_name=5dfc6d3a-0f54-43b2-9941-7dee0ad07c05
I1120 21:26:36.029722 2806096704 instance.cc:226] Regularizer 'SparseTheta' was cold-reconfigured
I1120 21:26:36.049497 212230144 processor.cc:717] No data in processing queue, waiting...
I1120 21:26:36.049497 247566336 processor.cc:717] No data in processing queue, waiting...
I1120 21:26:36.049522 247029760 processor.cc:717] No data in processing queue, waiting...
I1120 21:26:36.049535 211693568 processor.cc:717] No data in processing queue, waiting...
I1120 21:26:36.051890 266002432 processor.cc:717] No data in processing queue, waiting...
I1120 21:26:36.051892 264929280 processor.cc:717] No data in processing queue, waiting...
I1120 21:26:36.051936 266539008 processor.cc:717] No data in processing queue, waiting...
I1120 21:26:36.051939 265465856 processor.cc:717] No data in processing queue, waiting...
I1120 21:26:37.996232 2806096704 c_interface.cc:372] Pass 5dfc6d3a-0f54-43b2-9941-7dee0ad07c05 to MN4artm4core15MasterComponentEFvRKNSt3__112basic_stringIcNS2_11char_traitsIcEENS2_9allocatorIcEEEEE
I1120 21:26:37.996409 2806096704 c_interface.cc:386] Pass GatherDictionaryArgs: dictionary_target_name=5dfc6d3a-0f54-43b2-9941-7dee0ad07c05, data_path=kos, symmetric_cooc_values=0 to MN4artm4core15MasterComponentEFvRKNS_20GatherDictionaryArgsEE
I1120 21:26:37.996599 2806096704 dictionary_operations.cc:249] Found 4 batches in 'kos' folder
I1120 21:26:38.073933 2806096704 dictionary_operations.cc:313] Find 6906 unique tokens in 3430 items
I1120 21:26:38.079686 2806096704 dictionary_operations.cc:73] Exporting dictionary 5dfc6d3a-0f54-43b2-9941-7dee0ad07c05 to kos/dictionary.dict
I1120 21:26:38.082273 2806096704 dictionary_operations.cc:148] Export completed, token_size = 6906
I1120 21:26:38.084307 2806096704 c_interface.cc:372] Pass 5dfc6d3a-0f54-43b2-9941-7dee0ad07c05 to MN4artm4core15MasterComponentEFvRKNSt3__112basic_stringIcNS2_11char_traitsIcEENS2_9allocatorIcEEEEE
I1120 21:26:38.086431 2806096704 dictionary_operations.cc:164] Importing dictionary 5dfc6d3a-0f54-43b2-9941-7dee0ad07c05 from kos/dictionary.dict
I1120 21:26:38.091887 2806096704 master_component.cc:302] Import completed, token_size = 6906
I1120 21:26:38.092062 2806096704 c_interface.cc:372] Pass 5dfc6d3a-0f54-43b2-9941-7dee0ad07c05 to MN4artm4core15MasterComponentEFvRKNSt3__112basic_stringIcNS2_11char_traitsIcEENS2_9allocatorIcEEEEE
I1120 21:26:38.093098 2806096704 dictionary_operations.cc:164] Importing dictionary 5dfc6d3a-0f54-43b2-9941-7dee0ad07c05 from kos/dictionary.dict
I1120 21:26:38.099345 2806096704 master_component.cc:302] Import completed, token_size = 6906
I1120 21:26:38.863692 2806096704 c_interface.cc:372] Pass pwt to MN4artm4core15MasterComponentEFvRKNSt3__112basic_stringIcNS2_11char_traitsIcEENS2_9allocatorIcEEEEE
I1120 21:26:38.863747 2806096704 c_interface.cc:372] Pass nwt to MN4artm4core15MasterComponentEFvRKNSt3__112basic_stringIcNS2_11char_traitsIcEENS2_9allocatorIcEEEEE
I1120 21:26:38.864162 2806096704 c_interface.cc:386] Pass InitializeModelArgs: model_name=pwt, dictionary_name=5dfc6d3a-0f54-43b2-9941-7dee0ad07c05, topic_name_size=15 to MN4artm4core15MasterComponentEFvRKNS_19InitializeModelArgsEE
I1120 21:26:38.911731 2806096704 master_component.cc:620] InitializeModel() created matrix pwt with 15 topics and 6906 tokens; 
I1120 21:26:38.912050 2806096704 c_interface.cc:386] Pass InitializeModelArgs: model_name=nwt, dictionary_name=5dfc6d3a-0f54-43b2-9941-7dee0ad07c05, topic_name_size=15 to MN4artm4core15MasterComponentEFvRKNS_19InitializeModelArgsEE
I1120 21:26:38.954373 2806096704 master_component.cc:620] InitializeModel() created matrix nwt with 15 topics and 6906 tokens; 
I1120 21:26:38.954674 2806096704 phi_matrix_operations.cc:84] RetrieveExternalTopicModel() with 15 topics, 6906 tokens
I1120 21:26:38.961493 2806096704 c_interface.cc:230] ArtmCopyRequestedMessage is copying 200640 bytes...
I1120 21:26:39.133903 2806096704 c_interface.cc:372] Pass pwt to MN4artm4core15MasterComponentEFvRKNSt3__112basic_stringIcNS2_11char_traitsIcEENS2_9allocatorIcEEEEE
I1120 21:26:39.133937 2806096704 c_interface.cc:372] Pass nwt to MN4artm4core15MasterComponentEFvRKNSt3__112basic_stringIcNS2_11char_traitsIcEENS2_9allocatorIcEEEEE
I1120 21:26:39.134174 2806096704 c_interface.cc:386] Pass InitializeModelArgs: model_name=pwt, dictionary_name=5dfc6d3a-0f54-43b2-9941-7dee0ad07c05, topic_name_size=15 to MN4artm4core15MasterComponentEFvRKNS_19InitializeModelArgsEE
I1120 21:26:39.174957 2806096704 master_component.cc:620] InitializeModel() created matrix pwt with 15 topics and 6906 tokens; 
I1120 21:26:39.175235 2806096704 c_interface.cc:386] Pass InitializeModelArgs: model_name=nwt, dictionary_name=5dfc6d3a-0f54-43b2-9941-7dee0ad07c05, topic_name_size=15 to MN4artm4core15MasterComponentEFvRKNS_19InitializeModelArgsEE
I1120 21:26:39.216785 2806096704 master_component.cc:620] InitializeModel() created matrix nwt with 15 topics and 6906 tokens; 
I1120 21:26:39.217041 2806096704 phi_matrix_operations.cc:84] RetrieveExternalTopicModel() with 15 topics, 6906 tokens
I1120 21:26:39.223618 2806096704 c_interface.cc:230] ArtmCopyRequestedMessage is copying 200640 bytes...
I1120 21:26:40.000953 2806096704 c_interface.cc:386] Pass MasterModelConfig: topic_name_size=15, score_config_size=3, num_processors=0, pwt_name=pwt, nwt_name=nwt, num_document_passes=10, reuse_theta=no, cache_theta=yes, opt_for_avx=yes, disk_cache_path to MN4artm4core15MasterComponentEFvRKNS_17MasterModelConfigEE
I1120 21:26:40.001045 2806096704 instance.cc:401] MasterModelConfig.processors_count is automatically set to 4
I1120 21:26:40.001086 2806096704 perplexity.cc:26] Perplexity score calculator created: model_type=1, dictionary_name=5dfc6d3a-0f54-43b2-9941-7dee0ad07c05
I1120 21:26:40.002578 2806096704 c_interface.cc:386] Pass MasterModelConfig: topic_name_size=15, score_config_size=4, num_processors=0, pwt_name=pwt, nwt_name=nwt, num_document_passes=10, reuse_theta=no, cache_theta=yes, opt_for_avx=yes, disk_cache_path to MN4artm4core15MasterComponentEFvRKNS_17MasterModelConfigEE
I1120 21:26:40.002662 2806096704 instance.cc:401] MasterModelConfig.processors_count is automatically set to 4
I1120 21:26:40.002696 2806096704 perplexity.cc:26] Perplexity score calculator created: model_type=1, dictionary_name=5dfc6d3a-0f54-43b2-9941-7dee0ad07c05
I1120 21:26:40.004627 2806096704 c_interface.cc:386] Pass MasterModelConfig: topic_name_size=15, score_config_size=5, num_processors=0, pwt_name=pwt, nwt_name=nwt, num_document_passes=10, reuse_theta=no, cache_theta=yes, opt_for_avx=yes, disk_cache_path to MN4artm4core15MasterComponentEFvRKNS_17MasterModelConfigEE
I1120 21:26:40.004658 2806096704 instance.cc:401] MasterModelConfig.processors_count is automatically set to 4
I1120 21:26:40.004684 2806096704 perplexity.cc:26] Perplexity score calculator created: model_type=1, dictionary_name=5dfc6d3a-0f54-43b2-9941-7dee0ad07c05
I1120 21:26:40.005563 2806096704 c_interface.cc:386] Pass MasterModelConfig: topic_name_size=15, score_config_size=3, num_processors=0, pwt_name=pwt, nwt_name=nwt, num_document_passes=10, regularizer=(SparseTheta:-0.15), reuse_theta=no, cache_theta=yes, opt_for_avx=yes, disk_cache_path to MN4artm4core15MasterComponentEFvRKNS_17MasterModelConfigEE
I1120 21:26:40.005600 2806096704 instance.cc:401] MasterModelConfig.processors_count is automatically set to 4
I1120 21:26:40.005620 2806096704 perplexity.cc:26] Perplexity score calculator created: model_type=1, dictionary_name=5dfc6d3a-0f54-43b2-9941-7dee0ad07c05
I1120 21:26:40.005648 2806096704 instance.cc:226] Regularizer 'SparseTheta' was cold-reconfigured
I1120 21:26:40.006451 2806096704 c_interface.cc:386] Pass MasterModelConfig: topic_name_size=15, score_config_size=4, num_processors=0, pwt_name=pwt, nwt_name=nwt, num_document_passes=10, regularizer=(SparseTheta:-0.15), reuse_theta=no, cache_theta=yes, opt_for_avx=yes, disk_cache_path to MN4artm4core15MasterComponentEFvRKNS_17MasterModelConfigEE
I1120 21:26:40.006479 2806096704 instance.cc:401] MasterModelConfig.processors_count is automatically set to 4
I1120 21:26:40.006500 2806096704 perplexity.cc:26] Perplexity score calculator created: model_type=1, dictionary_name=5dfc6d3a-0f54-43b2-9941-7dee0ad07c05
I1120 21:26:40.006531 2806096704 instance.cc:226] Regularizer 'SparseTheta' was cold-reconfigured
I1120 21:26:40.007335 2806096704 c_interface.cc:386] Pass MasterModelConfig: topic_name_size=15, score_config_size=5, num_processors=0, pwt_name=pwt, nwt_name=nwt, num_document_passes=10, regularizer=(SparseTheta:-0.15), reuse_theta=no, cache_theta=yes, opt_for_avx=yes, disk_cache_path to MN4artm4core15MasterComponentEFvRKNS_17MasterModelConfigEE
I1120 21:26:40.007362 2806096704 instance.cc:401] MasterModelConfig.processors_count is automatically set to 4
I1120 21:26:40.007383 2806096704 perplexity.cc:26] Perplexity score calculator created: model_type=1, dictionary_name=5dfc6d3a-0f54-43b2-9941-7dee0ad07c05
I1120 21:26:40.007414 2806096704 instance.cc:226] Regularizer 'SparseTheta' was cold-reconfigured
I1120 21:26:58.949710 2806096704 c_interface.cc:386] Pass MasterModelConfig: topic_name_size=15, score_config_size=5, num_processors=0, pwt_name=pwt, nwt_name=nwt, num_document_passes=10, regularizer=(SparseTheta:-0.15), regularizer=(SparsePhi:-0.1), reuse_theta=no, cache_theta=yes, opt_for_avx=yes, disk_cache_path to MN4artm4core15MasterComponentEFvRKNS_17MasterModelConfigEE
I1120 21:26:58.957852 2806096704 instance.cc:401] MasterModelConfig.processors_count is automatically set to 4
I1120 21:26:58.957912 2806096704 perplexity.cc:26] Perplexity score calculator created: model_type=1, dictionary_name=5dfc6d3a-0f54-43b2-9941-7dee0ad07c05
I1120 21:26:58.957937 2806096704 instance.cc:226] Regularizer 'SparseTheta' was cold-reconfigured
I1120 21:26:58.957949 2806096704 instance.cc:232] Regularizer 'SparsePhi' was cold-reconfigured
I1120 21:26:58.958744 2806096704 c_interface.cc:386] Pass MasterModelConfig: topic_name_size=15, score_config_size=5, num_processors=0, pwt_name=pwt, nwt_name=nwt, num_document_passes=10, regularizer=(SparseTheta:-0.15), regularizer=(SparsePhi:-0.1), regularizer=(DecorrelatorPhi:150000), reuse_theta=no, cache_theta=yes, opt_for_avx=yes, disk_cache_path to MN4artm4core15MasterComponentEFvRKNS_17MasterModelConfigEE
I1120 21:26:58.958817 2806096704 instance.cc:401] MasterModelConfig.processors_count is automatically set to 4
I1120 21:26:58.958876 2806096704 perplexity.cc:26] Perplexity score calculator created: model_type=1, dictionary_name=5dfc6d3a-0f54-43b2-9941-7dee0ad07c05
I1120 21:26:58.958935 2806096704 instance.cc:226] Regularizer 'SparseTheta' was cold-reconfigured
I1120 21:26:58.958946 2806096704 instance.cc:232] Regularizer 'SparsePhi' was cold-reconfigured
I1120 21:26:58.958958 2806096704 instance.cc:244] Regularizer 'DecorrelatorPhi' was cold-reconfigured
I1120 21:27:39.586431 2806096704 c_interface.cc:386] Pass MasterModelConfig: topic_name_size=15, score_config_size=5, num_processors=0, pwt_name=pwt, nwt_name=nwt, num_document_passes=1, reuse_theta=no, cache_theta=yes, opt_for_avx=yes, disk_cache_path to MN4artm4core15MasterComponentEFvRKNS_17MasterModelConfigEE
I1120 21:27:39.594749 2806096704 instance.cc:401] MasterModelConfig.processors_count is automatically set to 4
I1120 21:27:39.594787 2806096704 perplexity.cc:26] Perplexity score calculator created: model_type=1, dictionary_name=5dfc6d3a-0f54-43b2-9941-7dee0ad07c05
I1120 21:27:39.595479 2806096704 c_interface.cc:386] Pass MasterModelConfig: topic_name_size=15, score_config_size=5, num_processors=0, pwt_name=pwt, nwt_name=nwt, num_document_passes=1, regularizer=(SparseTheta:-0.15), regularizer=(SparsePhi:-0.1), regularizer=(DecorrelatorPhi:150000), reuse_theta=no, cache_theta=yes, opt_for_avx=yes, disk_cache_path to MN4artm4core15MasterComponentEFvRKNS_17MasterModelConfigEE
I1120 21:27:39.595523 2806096704 instance.cc:401] MasterModelConfig.processors_count is automatically set to 4
I1120 21:27:39.595544 2806096704 perplexity.cc:26] Perplexity score calculator created: model_type=1, dictionary_name=5dfc6d3a-0f54-43b2-9941-7dee0ad07c05
I1120 21:27:39.595577 2806096704 instance.cc:226] Regularizer 'SparseTheta' was cold-reconfigured
I1120 21:27:39.595584 2806096704 instance.cc:232] Regularizer 'SparsePhi' was cold-reconfigured
I1120 21:27:39.595590 2806096704 instance.cc:244] Regularizer 'DecorrelatorPhi' was cold-reconfigured
I1120 21:27:39.604459 233873408 c_interface.cc:386] Pass FitOfflineMasterModelArgs, batch_filename_size=4, batch_weight_size=4, num_collection_passes=1 to MN4artm4core15MasterComponentEFvRKNS_25FitOfflineMasterModelArgsEE
I1120 21:27:39.604481 233873408 master_component.cc:1340] ProcessBatchesArgs: nwt_target_name=nwt, batch_filename_size=4, batch_size=0, batch_weight_size=4, pwt_source_name=pwt, num_document_passes=1, reuse_theta=no, opt_for_avx=yes, predict_class_id=
I1120 21:27:39.634227 212230144 processor.cc:724] Processing queue has data, processing started
I1120 21:27:39.642149 212230144 processor.cc:802] Processor: start processing batch 168989d4-6aff-44fa-ab0c-00b2cdaf436a into model nwt
I1120 21:27:39.642518 247566336 processor.cc:724] Processing queue has data, processing started
I1120 21:27:39.653003 211693568 processor.cc:724] Processing queue has data, processing started
I1120 21:27:39.658835 247566336 processor.cc:802] Processor: start processing batch bbde3c73-2a32-4fcb-98bc-f5f8661aff7c into model nwt
I1120 21:27:39.668773 211693568 processor.cc:802] Processor: start processing batch aca7fb29-65f1-4d14-8aba-0ad694c40b2c into model nwt
I1120 21:27:39.669888 247029760 processor.cc:724] Processing queue has data, processing started
I1120 21:27:39.684623 247029760 processor.cc:802] Processor: start processing batch 52d79c70-0249-477c-b677-b7d9b7bb3f41 into model nwt
I1120 21:27:39.740156 212230144 processor.cc:898] Processor: complete processing batch 168989d4-6aff-44fa-ab0c-00b2cdaf436a into model nwt
I1120 21:27:39.744076 212230144 cuckoo_watch.h:45] 109ms in ProcessBatch(kos/aaaaad.batch) [including 7ms in LoadMessage; 0ms in InitializeSparseNdw; 55ms in InferThetaAndUpdateNwtSparse; 17ms in CalculateScore(PerplexityScore); 10ms in CalculateScore(SparsityThetaScore); 12ms in CalculateScore(^^^ItemsProcessedScore^^^); ]
I1120 21:27:39.781839 212230144 processor.cc:717] No data in processing queue, waiting...
I1120 21:27:39.788565 211693568 processor.cc:898] Processor: complete processing batch aca7fb29-65f1-4d14-8aba-0ad694c40b2c into model nwt
I1120 21:27:39.792299 211693568 cuckoo_watch.h:45] 139ms in ProcessBatch(kos/aaaaaa.batch) [including 15ms in LoadMessage; 16ms in InitializeSparseNdw; 43ms in InferThetaAndUpdateNwtSparse; 33ms in CalculateScore(PerplexityScore); 2ms in CalculateScore(SparsityThetaScore); 24ms in CalculateScore(^^^ItemsProcessedScore^^^); ]
I1120 21:27:39.797875 247566336 processor.cc:898] Processor: complete processing batch bbde3c73-2a32-4fcb-98bc-f5f8661aff7c into model nwt
I1120 21:27:39.799612 247029760 processor.cc:898] Processor: complete processing batch 52d79c70-0249-477c-b677-b7d9b7bb3f41 into model nwt
I1120 21:27:39.800670 247566336 cuckoo_watch.h:45] 158ms in ProcessBatch(kos/aaaaab.batch) [including 15ms in LoadMessage; 2ms in InitializeSparseNdw; 73ms in InferThetaAndUpdateNwtSparse; 37ms in CalculateScore(PerplexityScore); 2ms in CalculateScore(SparsityThetaScore); 22ms in CalculateScore(^^^ItemsProcessedScore^^^); ]
I1120 21:27:39.801959 247029760 cuckoo_watch.h:45] 131ms in ProcessBatch(kos/aaaaac.batch) [including 13ms in LoadMessage; 1ms in InitializeSparseNdw; 53ms in InferThetaAndUpdateNwtSparse; 34ms in CalculateScore(PerplexityScore); 2ms in CalculateScore(SparsityThetaScore); 19ms in CalculateScore(^^^ItemsProcessedScore^^^); ]
I1120 21:27:39.802716 233873408 master_component.cc:1391] NormalizeModelArgs: pwt_target_name=pwt, nwt_source_name=nwt, rwt_source_name=
I1120 21:27:39.802803 233873408 master_component.cc:952] MasterComponent: start normalizing model nwt
I1120 21:27:39.816210 211693568 processor.cc:717] No data in processing queue, waiting...
I1120 21:27:39.817183 233873408 master_component.cc:980] MasterComponent: complete normalizing model nwt
I1120 21:27:39.819641 233873408 master_component.cc:1415] DisposeModel rwt
I1120 21:27:39.819658 233873408 master_component.cc:1005] FitOffline: ItemsProcessed, num_items=3430, num_batches=4, token_weight=467714, token_weight_in_effect=467714
I1120 21:27:39.823657 247566336 processor.cc:717] No data in processing queue, waiting...
I1120 21:27:39.824956 247029760 processor.cc:717] No data in processing queue, waiting...
I1120 21:27:39.825431 2806096704 c_interface.cc:559] Pass GetScoreValueArgs, score_name=^^^ItemsProcessedScore^^^ to MasterComponent::Request
I1120 21:27:39.825536 2806096704 c_interface.cc:230] ArtmCopyRequestedMessage is copying 46 bytes...
I1120 21:27:39.826125 233873408 c_interface.cc:386] Pass FitOfflineMasterModelArgs, batch_filename_size=4, batch_weight_size=4, num_collection_passes=1 to MN4artm4core15MasterComponentEFvRKNS_25FitOfflineMasterModelArgsEE
I1120 21:27:39.826155 233873408 master_component.cc:1340] ProcessBatchesArgs: nwt_target_name=nwt, batch_filename_size=4, batch_size=0, batch_weight_size=4, pwt_source_name=pwt, num_document_passes=1, reuse_theta=no, opt_for_avx=yes, predict_class_id=
I1120 21:27:39.843711 212230144 processor.cc:724] Processing queue has data, processing started
I1120 21:27:39.846503 212230144 processor.cc:802] Processor: start processing batch 168989d4-6aff-44fa-ab0c-00b2cdaf436a into model nwt
I1120 21:27:39.850133 247029760 processor.cc:724] Processing queue has data, processing started
I1120 21:27:39.856621 247029760 processor.cc:802] Processor: start processing batch bbde3c73-2a32-4fcb-98bc-f5f8661aff7c into model nwt
I1120 21:27:39.857810 211693568 processor.cc:724] Processing queue has data, processing started
I1120 21:27:39.866956 211693568 processor.cc:802] Processor: start processing batch aca7fb29-65f1-4d14-8aba-0ad694c40b2c into model nwt
I1120 21:27:39.867195 247566336 processor.cc:724] Processing queue has data, processing started
I1120 21:27:39.877341 247566336 processor.cc:802] Processor: start processing batch 52d79c70-0249-477c-b677-b7d9b7bb3f41 into model nwt
I1120 21:27:39.893225 212230144 processor.cc:898] Processor: complete processing batch 168989d4-6aff-44fa-ab0c-00b2cdaf436a into model nwt
I1120 21:27:39.896113 212230144 cuckoo_watch.h:45] 52ms in ProcessBatch(kos/aaaaad.batch) [including 2ms in LoadMessage; 0ms in InitializeSparseNdw; 17ms in InferThetaAndUpdateNwtSparse; 14ms in CalculateScore(PerplexityScore); 1ms in CalculateScore(SparsityThetaScore); 11ms in CalculateScore(^^^ItemsProcessedScore^^^); ]
I1120 21:27:39.919976 212230144 processor.cc:717] No data in processing queue, waiting...
I1120 21:27:39.961686 211693568 processor.cc:898] Processor: complete processing batch aca7fb29-65f1-4d14-8aba-0ad694c40b2c into model nwt
I1120 21:27:39.962962 247029760 processor.cc:898] Processor: complete processing batch bbde3c73-2a32-4fcb-98bc-f5f8661aff7c into model nwt
I1120 21:27:39.964722 211693568 cuckoo_watch.h:45] 106ms in ProcessBatch(kos/aaaaaa.batch) [including 8ms in LoadMessage; 1ms in InitializeSparseNdw; 39ms in InferThetaAndUpdateNwtSparse; 29ms in CalculateScore(PerplexityScore); 3ms in CalculateScore(SparsityThetaScore); 20ms in CalculateScore(^^^ItemsProcessedScore^^^); ]
I1120 21:27:39.965620 247029760 cuckoo_watch.h:45] 115ms in ProcessBatch(kos/aaaaab.batch) [including 6ms in LoadMessage; 0ms in InitializeSparseNdw; 42ms in InferThetaAndUpdateNwtSparse; 34ms in CalculateScore(PerplexityScore); 2ms in CalculateScore(SparsityThetaScore); 25ms in CalculateScore(^^^ItemsProcessedScore^^^); ]
I1120 21:27:39.972625 247566336 processor.cc:898] Processor: complete processing batch 52d79c70-0249-477c-b677-b7d9b7bb3f41 into model nwt
I1120 21:27:39.975672 247566336 cuckoo_watch.h:45] 108ms in ProcessBatch(kos/aaaaac.batch) [including 9ms in LoadMessage; 1ms in InitializeSparseNdw; 37ms in InferThetaAndUpdateNwtSparse; 29ms in CalculateScore(PerplexityScore); 2ms in CalculateScore(SparsityThetaScore); 22ms in CalculateScore(^^^ItemsProcessedScore^^^); ]
I1120 21:27:39.976989 233873408 master_component.cc:1391] NormalizeModelArgs: pwt_target_name=pwt, nwt_source_name=nwt, rwt_source_name=
I1120 21:27:39.977061 233873408 master_component.cc:952] MasterComponent: start normalizing model nwt
I1120 21:27:39.989100 211693568 processor.cc:717] No data in processing queue, waiting...
I1120 21:27:39.989603 247029760 processor.cc:717] No data in processing queue, waiting...
I1120 21:27:39.991056 233873408 master_component.cc:980] MasterComponent: complete normalizing model nwt
I1120 21:27:39.993867 233873408 master_component.cc:1415] DisposeModel rwt
I1120 21:27:39.993885 233873408 master_component.cc:1005] FitOffline: ItemsProcessed, num_items=3430, num_batches=4, token_weight=467714, token_weight_in_effect=467714
I1120 21:27:39.997632 2806096704 c_interface.cc:559] Pass GetScoreValueArgs, score_name=^^^ItemsProcessedScore^^^ to MasterComponent::Request
I1120 21:27:39.997668 2806096704 c_interface.cc:230] ArtmCopyRequestedMessage is copying 46 bytes...
I1120 21:27:39.998211 233873408 c_interface.cc:386] Pass FitOfflineMasterModelArgs, batch_filename_size=4, batch_weight_size=4, num_collection_passes=1 to MN4artm4core15MasterComponentEFvRKNS_25FitOfflineMasterModelArgsEE
I1120 21:27:39.998229 233873408 master_component.cc:1340] ProcessBatchesArgs: nwt_target_name=nwt, batch_filename_size=4, batch_size=0, batch_weight_size=4, pwt_source_name=pwt, num_document_passes=1, reuse_theta=no, opt_for_avx=yes, predict_class_id=
I1120 21:27:39.999999 247566336 processor.cc:717] No data in processing queue, waiting...
I1120 21:27:40.015056 212230144 processor.cc:724] Processing queue has data, processing started
I1120 21:27:40.018431 212230144 processor.cc:802] Processor: start processing batch 168989d4-6aff-44fa-ab0c-00b2cdaf436a into model nwt
I1120 21:27:40.022966 247029760 processor.cc:724] Processing queue has data, processing started
I1120 21:27:40.030581 247566336 processor.cc:724] Processing queue has data, processing started
I1120 21:27:40.031710 247029760 processor.cc:802] Processor: start processing batch bbde3c73-2a32-4fcb-98bc-f5f8661aff7c into model nwt
I1120 21:27:40.038890 211693568 processor.cc:724] Processing queue has data, processing started
I1120 21:27:40.039707 247566336 processor.cc:802] Processor: start processing batch aca7fb29-65f1-4d14-8aba-0ad694c40b2c into model nwt
I1120 21:27:40.048995 211693568 processor.cc:802] Processor: start processing batch 52d79c70-0249-477c-b677-b7d9b7bb3f41 into model nwt
I1120 21:27:40.065541 212230144 processor.cc:898] Processor: complete processing batch 168989d4-6aff-44fa-ab0c-00b2cdaf436a into model nwt
I1120 21:27:40.068392 212230144 cuckoo_watch.h:45] 53ms in ProcessBatch(kos/aaaaad.batch) [including 2ms in LoadMessage; 0ms in InitializeSparseNdw; 17ms in InferThetaAndUpdateNwtSparse; 14ms in CalculateScore(PerplexityScore); 1ms in CalculateScore(SparsityThetaScore); 12ms in CalculateScore(^^^ItemsProcessedScore^^^); ]
I1120 21:27:40.091223 212230144 processor.cc:717] No data in processing queue, waiting...
I1120 21:27:40.145159 247566336 processor.cc:898] Processor: complete processing batch aca7fb29-65f1-4d14-8aba-0ad694c40b2c into model nwt
I1120 21:27:40.148973 247029760 processor.cc:898] Processor: complete processing batch bbde3c73-2a32-4fcb-98bc-f5f8661aff7c into model nwt
I1120 21:27:40.150060 247566336 cuckoo_watch.h:45] 119ms in ProcessBatch(kos/aaaaaa.batch) [including 8ms in LoadMessage; 0ms in InitializeSparseNdw; 41ms in InferThetaAndUpdateNwtSparse; 32ms in CalculateScore(PerplexityScore); 3ms in CalculateScore(SparsityThetaScore); 24ms in CalculateScore(^^^ItemsProcessedScore^^^); ]
I1120 21:27:40.151532 247029760 cuckoo_watch.h:45] 128ms in ProcessBatch(kos/aaaaab.batch) [including 8ms in LoadMessage; 1ms in InitializeSparseNdw; 44ms in InferThetaAndUpdateNwtSparse; 36ms in CalculateScore(PerplexityScore); 2ms in CalculateScore(SparsityThetaScore); 31ms in CalculateScore(^^^ItemsProcessedScore^^^); ]
I1120 21:27:40.170867 211693568 processor.cc:898] Processor: complete processing batch 52d79c70-0249-477c-b677-b7d9b7bb3f41 into model nwt
I1120 21:27:40.173683 211693568 cuckoo_watch.h:45] 134ms in ProcessBatch(kos/aaaaac.batch) [including 9ms in LoadMessage; 1ms in InitializeSparseNdw; 48ms in InferThetaAndUpdateNwtSparse; 39ms in CalculateScore(PerplexityScore); 3ms in CalculateScore(SparsityThetaScore); 27ms in CalculateScore(^^^ItemsProcessedScore^^^); ]
I1120 21:27:40.174738 247566336 processor.cc:717] No data in processing queue, waiting...
I1120 21:27:40.174733 233873408 master_component.cc:1391] NormalizeModelArgs: pwt_target_name=pwt, nwt_source_name=nwt, rwt_source_name=
I1120 21:27:40.174764 233873408 master_component.cc:952] MasterComponent: start normalizing model nwt
I1120 21:27:40.174810 247029760 processor.cc:717] No data in processing queue, waiting...
I1120 21:27:40.190577 233873408 master_component.cc:980] MasterComponent: complete normalizing model nwt
I1120 21:27:40.193262 233873408 master_component.cc:1415] DisposeModel rwt
I1120 21:27:40.193280 233873408 master_component.cc:1005] FitOffline: ItemsProcessed, num_items=3430, num_batches=4, token_weight=467714, token_weight_in_effect=467714
I1120 21:27:40.196765 211693568 processor.cc:717] No data in processing queue, waiting...
I1120 21:27:40.215363 2806096704 c_interface.cc:559] Pass GetScoreValueArgs, score_name=^^^ItemsProcessedScore^^^ to MasterComponent::Request
I1120 21:27:40.215399 2806096704 c_interface.cc:230] ArtmCopyRequestedMessage is copying 46 bytes...
I1120 21:27:40.215914 233873408 c_interface.cc:386] Pass FitOfflineMasterModelArgs, batch_filename_size=4, batch_weight_size=4, num_collection_passes=1 to MN4artm4core15MasterComponentEFvRKNS_25FitOfflineMasterModelArgsEE
I1120 21:27:40.215939 233873408 master_component.cc:1340] ProcessBatchesArgs: nwt_target_name=nwt, batch_filename_size=4, batch_size=0, batch_weight_size=4, pwt_source_name=pwt, num_document_passes=1, reuse_theta=no, opt_for_avx=yes, predict_class_id=
I1120 21:27:40.235215 212230144 processor.cc:724] Processing queue has data, processing started
I1120 21:27:40.238572 212230144 processor.cc:802] Processor: start processing batch 168989d4-6aff-44fa-ab0c-00b2cdaf436a into model nwt
I1120 21:27:40.241986 211693568 processor.cc:724] Processing queue has data, processing started
I1120 21:27:40.251072 247566336 processor.cc:724] Processing queue has data, processing started
I1120 21:27:40.255254 211693568 processor.cc:802] Processor: start processing batch bbde3c73-2a32-4fcb-98bc-f5f8661aff7c into model nwt
I1120 21:27:40.260160 247566336 processor.cc:802] Processor: start processing batch aca7fb29-65f1-4d14-8aba-0ad694c40b2c into model nwt
I1120 21:27:40.260510 247029760 processor.cc:724] Processing queue has data, processing started
I1120 21:27:40.275099 247029760 processor.cc:802] Processor: start processing batch 52d79c70-0249-477c-b677-b7d9b7bb3f41 into model nwt
I1120 21:27:40.288436 212230144 processor.cc:898] Processor: complete processing batch 168989d4-6aff-44fa-ab0c-00b2cdaf436a into model nwt
I1120 21:27:40.291189 212230144 cuckoo_watch.h:45] 55ms in ProcessBatch(kos/aaaaad.batch) [including 3ms in LoadMessage; 0ms in InitializeSparseNdw; 18ms in InferThetaAndUpdateNwtSparse; 16ms in CalculateScore(PerplexityScore); 1ms in CalculateScore(SparsityThetaScore); 12ms in CalculateScore(^^^ItemsProcessedScore^^^); ]
I1120 21:27:40.315089 212230144 processor.cc:717] No data in processing queue, waiting...
I1120 21:27:40.364374 247566336 processor.cc:898] Processor: complete processing batch aca7fb29-65f1-4d14-8aba-0ad694c40b2c into model nwt
I1120 21:27:40.369310 247566336 cuckoo_watch.h:45] 118ms in ProcessBatch(kos/aaaaaa.batch) [including 8ms in LoadMessage; 0ms in InitializeSparseNdw; 40ms in InferThetaAndUpdateNwtSparse; 33ms in CalculateScore(PerplexityScore); 3ms in CalculateScore(SparsityThetaScore); 25ms in CalculateScore(^^^ItemsProcessedScore^^^); ]
I1120 21:27:40.380614 211693568 processor.cc:898] Processor: complete processing batch bbde3c73-2a32-4fcb-98bc-f5f8661aff7c into model nwt
I1120 21:27:40.383293 211693568 cuckoo_watch.h:45] 141ms in ProcessBatch(kos/aaaaab.batch) [including 12ms in LoadMessage; 0ms in InitializeSparseNdw; 57ms in InferThetaAndUpdateNwtSparse; 39ms in CalculateScore(PerplexityScore); 3ms in CalculateScore(SparsityThetaScore); 22ms in CalculateScore(^^^ItemsProcessedScore^^^); ]
I1120 21:27:40.387282 247029760 processor.cc:898] Processor: complete processing batch 52d79c70-0249-477c-b677-b7d9b7bb3f41 into model nwt
I1120 21:27:40.390172 247029760 cuckoo_watch.h:45] 129ms in ProcessBatch(kos/aaaaac.batch) [including 13ms in LoadMessage; 1ms in InitializeSparseNdw; 48ms in InferThetaAndUpdateNwtSparse; 35ms in CalculateScore(PerplexityScore); 5ms in CalculateScore(SparsityThetaScore); 19ms in CalculateScore(^^^ItemsProcessedScore^^^); ]
I1120 21:27:40.390292 233873408 master_component.cc:1391] NormalizeModelArgs: pwt_target_name=pwt, nwt_source_name=nwt, rwt_source_name=
I1120 21:27:40.390306 233873408 master_component.cc:952] MasterComponent: start normalizing model nwt
I1120 21:27:40.392796 247566336 processor.cc:717] No data in processing queue, waiting...
I1120 21:27:40.404407 233873408 master_component.cc:980] MasterComponent: complete normalizing model nwt
I1120 21:27:40.407269 233873408 master_component.cc:1415] DisposeModel rwt
I1120 21:27:40.407287 233873408 master_component.cc:1005] FitOffline: ItemsProcessed, num_items=3430, num_batches=4, token_weight=467714, token_weight_in_effect=467714
I1120 21:27:40.407385 211693568 processor.cc:717] No data in processing queue, waiting...
I1120 21:27:40.414860 247029760 processor.cc:717] No data in processing queue, waiting...
I1120 21:27:40.433754 2806096704 c_interface.cc:559] Pass GetScoreValueArgs, score_name=^^^ItemsProcessedScore^^^ to MasterComponent::Request
I1120 21:27:40.433790 2806096704 c_interface.cc:230] ArtmCopyRequestedMessage is copying 46 bytes...
I1120 21:27:40.434311 233873408 c_interface.cc:386] Pass FitOfflineMasterModelArgs, batch_filename_size=4, batch_weight_size=4, num_collection_passes=1 to MN4artm4core15MasterComponentEFvRKNS_25FitOfflineMasterModelArgsEE
I1120 21:27:40.434329 233873408 master_component.cc:1340] ProcessBatchesArgs: nwt_target_name=nwt, batch_filename_size=4, batch_size=0, batch_weight_size=4, pwt_source_name=pwt, num_document_passes=1, reuse_theta=no, opt_for_avx=yes, predict_class_id=
I1120 21:27:40.452553 212230144 processor.cc:724] Processing queue has data, processing started
I1120 21:27:40.455476 212230144 processor.cc:802] Processor: start processing batch 168989d4-6aff-44fa-ab0c-00b2cdaf436a into model nwt
I1120 21:27:40.458968 247566336 processor.cc:724] Processing queue has data, processing started
I1120 21:27:40.465255 247029760 processor.cc:724] Processing queue has data, processing started
I1120 21:27:40.466682 247566336 processor.cc:802] Processor: start processing batch bbde3c73-2a32-4fcb-98bc-f5f8661aff7c into model nwt
I1120 21:27:40.473808 211693568 processor.cc:724] Processing queue has data, processing started
I1120 21:27:40.475168 247029760 processor.cc:802] Processor: start processing batch aca7fb29-65f1-4d14-8aba-0ad694c40b2c into model nwt
I1120 21:27:40.484221 211693568 processor.cc:802] Processor: start processing batch 52d79c70-0249-477c-b677-b7d9b7bb3f41 into model nwt
I1120 21:27:40.510040 212230144 processor.cc:898] Processor: complete processing batch 168989d4-6aff-44fa-ab0c-00b2cdaf436a into model nwt
I1120 21:27:40.513087 212230144 cuckoo_watch.h:45] 60ms in ProcessBatch(kos/aaaaad.batch) [including 2ms in LoadMessage; 0ms in InitializeSparseNdw; 17ms in InferThetaAndUpdateNwtSparse; 22ms in CalculateScore(PerplexityScore); 1ms in CalculateScore(SparsityThetaScore); 11ms in CalculateScore(^^^ItemsProcessedScore^^^); ]
I1120 21:27:40.537133 212230144 processor.cc:717] No data in processing queue, waiting...
I1120 21:27:40.566964 247566336 processor.cc:898] Processor: complete processing batch bbde3c73-2a32-4fcb-98bc-f5f8661aff7c into model nwt
I1120 21:27:40.570514 247566336 cuckoo_watch.h:45] 111ms in ProcessBatch(kos/aaaaab.batch) [including 7ms in LoadMessage; 0ms in InitializeSparseNdw; 40ms in InferThetaAndUpdateNwtSparse; 30ms in CalculateScore(PerplexityScore); 2ms in CalculateScore(SparsityThetaScore); 24ms in CalculateScore(^^^ItemsProcessedScore^^^); ]
I1120 21:27:40.573456 247029760 processor.cc:898] Processor: complete processing batch aca7fb29-65f1-4d14-8aba-0ad694c40b2c into model nwt
I1120 21:27:40.576014 247029760 cuckoo_watch.h:45] 110ms in ProcessBatch(kos/aaaaaa.batch) [including 9ms in LoadMessage; 1ms in InitializeSparseNdw; 42ms in InferThetaAndUpdateNwtSparse; 28ms in CalculateScore(PerplexityScore); 2ms in CalculateScore(SparsityThetaScore); 21ms in CalculateScore(^^^ItemsProcessedScore^^^); ]
I1120 21:27:40.584657 211693568 processor.cc:898] Processor: complete processing batch 52d79c70-0249-477c-b677-b7d9b7bb3f41 into model nwt
I1120 21:27:40.587040 211693568 cuckoo_watch.h:45] 113ms in ProcessBatch(kos/aaaaac.batch) [including 9ms in LoadMessage; 1ms in InitializeSparseNdw; 42ms in InferThetaAndUpdateNwtSparse; 33ms in CalculateScore(PerplexityScore); 2ms in CalculateScore(SparsityThetaScore); 19ms in CalculateScore(^^^ItemsProcessedScore^^^); ]
I1120 21:27:40.588369 233873408 master_component.cc:1391] NormalizeModelArgs: pwt_target_name=pwt, nwt_source_name=nwt, rwt_source_name=
I1120 21:27:40.588454 233873408 master_component.cc:952] MasterComponent: start normalizing model nwt
I1120 21:27:40.594666 247566336 processor.cc:717] No data in processing queue, waiting...
I1120 21:27:40.599498 247029760 processor.cc:717] No data in processing queue, waiting...
I1120 21:27:40.602283 233873408 master_component.cc:980] MasterComponent: complete normalizing model nwt
I1120 21:27:40.605016 233873408 master_component.cc:1415] DisposeModel rwt
I1120 21:27:40.605034 233873408 master_component.cc:1005] FitOffline: ItemsProcessed, num_items=3430, num_batches=4, token_weight=467714, token_weight_in_effect=467714
I1120 21:27:40.610970 211693568 processor.cc:717] No data in processing queue, waiting...
I1120 21:27:40.652588 2806096704 c_interface.cc:559] Pass GetScoreValueArgs, score_name=^^^ItemsProcessedScore^^^ to MasterComponent::Request
I1120 21:27:40.652624 2806096704 c_interface.cc:230] ArtmCopyRequestedMessage is copying 46 bytes...
I1120 21:27:40.653138 233873408 c_interface.cc:386] Pass FitOfflineMasterModelArgs, batch_filename_size=4, batch_weight_size=4, num_collection_passes=1 to MN4artm4core15MasterComponentEFvRKNS_25FitOfflineMasterModelArgsEE
I1120 21:27:40.653153 233873408 master_component.cc:1340] ProcessBatchesArgs: nwt_target_name=nwt, batch_filename_size=4, batch_size=0, batch_weight_size=4, pwt_source_name=pwt, num_document_passes=1, reuse_theta=no, opt_for_avx=yes, predict_class_id=
I1120 21:27:40.671393 212230144 processor.cc:724] Processing queue has data, processing started
I1120 21:27:40.674655 212230144 processor.cc:802] Processor: start processing batch 168989d4-6aff-44fa-ab0c-00b2cdaf436a into model nwt
I1120 21:27:40.679024 247566336 processor.cc:724] Processing queue has data, processing started
I1120 21:27:40.685737 247566336 processor.cc:802] Processor: start processing batch bbde3c73-2a32-4fcb-98bc-f5f8661aff7c into model nwt
I1120 21:27:40.687935 247029760 processor.cc:724] Processing queue has data, processing started
I1120 21:27:40.698336 211693568 processor.cc:724] Processing queue has data, processing started
I1120 21:27:40.700685 247029760 processor.cc:802] Processor: start processing batch aca7fb29-65f1-4d14-8aba-0ad694c40b2c into model nwt
I1120 21:27:40.738234 212230144 processor.cc:898] Processor: complete processing batch 168989d4-6aff-44fa-ab0c-00b2cdaf436a into model nwt
I1120 21:27:40.741443 212230144 cuckoo_watch.h:45] 70ms in ProcessBatch(kos/aaaaad.batch) [including 2ms in LoadMessage; 0ms in InitializeSparseNdw; 17ms in InferThetaAndUpdateNwtSparse; 16ms in CalculateScore(PerplexityScore); 1ms in CalculateScore(SparsityThetaScore); 27ms in CalculateScore(^^^ItemsProcessedScore^^^); ]
I1120 21:27:40.749411 211693568 processor.cc:802] Processor: start processing batch 52d79c70-0249-477c-b677-b7d9b7bb3f41 into model nwt
I1120 21:27:40.766335 212230144 processor.cc:717] No data in processing queue, waiting...
I1120 21:27:40.938990 247566336 processor.cc:898] Processor: complete processing batch bbde3c73-2a32-4fcb-98bc-f5f8661aff7c into model nwt
I1120 21:27:40.944304 247566336 cuckoo_watch.h:45] 265ms in ProcessBatch(kos/aaaaab.batch) [including 6ms in LoadMessage; 0ms in InitializeSparseNdw; 64ms in InferThetaAndUpdateNwtSparse; 107ms in CalculateScore(PerplexityScore); 4ms in CalculateScore(SparsityThetaScore); 74ms in CalculateScore(^^^ItemsProcessedScore^^^); ]
I1120 21:27:40.955667 247029760 processor.cc:898] Processor: complete processing batch aca7fb29-65f1-4d14-8aba-0ad694c40b2c into model nwt
I1120 21:27:40.960031 247029760 cuckoo_watch.h:45] 272ms in ProcessBatch(kos/aaaaaa.batch) [including 12ms in LoadMessage; 1ms in InitializeSparseNdw; 99ms in InferThetaAndUpdateNwtSparse; 82ms in CalculateScore(PerplexityScore); 3ms in CalculateScore(SparsityThetaScore); 67ms in CalculateScore(^^^ItemsProcessedScore^^^); ]
I1120 21:27:40.967864 247566336 processor.cc:717] No data in processing queue, waiting...
I1120 21:27:40.984227 247029760 processor.cc:717] No data in processing queue, waiting...
I1120 21:27:40.995235 211693568 processor.cc:898] Processor: complete processing batch 52d79c70-0249-477c-b677-b7d9b7bb3f41 into model nwt
I1120 21:27:41.000442 211693568 cuckoo_watch.h:45] 302ms in ProcessBatch(kos/aaaaac.batch) [including 50ms in LoadMessage; 2ms in InitializeSparseNdw; 88ms in InferThetaAndUpdateNwtSparse; 82ms in CalculateScore(PerplexityScore); 8ms in CalculateScore(SparsityThetaScore); 59ms in CalculateScore(^^^ItemsProcessedScore^^^); ]
I1120 21:27:41.001278 233873408 master_component.cc:1391] NormalizeModelArgs: pwt_target_name=pwt, nwt_source_name=nwt, rwt_source_name=
I1120 21:27:41.001370 233873408 master_component.cc:952] MasterComponent: start normalizing model nwt
I1120 21:27:41.025526 211693568 processor.cc:717] No data in processing queue, waiting...
I1120 21:27:41.029608 233873408 master_component.cc:980] MasterComponent: complete normalizing model nwt
I1120 21:27:41.036137 233873408 master_component.cc:1415] DisposeModel rwt
I1120 21:27:41.036159 233873408 master_component.cc:1005] FitOffline: ItemsProcessed, num_items=3430, num_batches=4, token_weight=467714, token_weight_in_effect=467714
I1120 21:27:41.072211 2806096704 c_interface.cc:559] Pass GetScoreValueArgs, score_name=^^^ItemsProcessedScore^^^ to MasterComponent::Request
I1120 21:27:41.072369 2806096704 c_interface.cc:230] ArtmCopyRequestedMessage is copying 46 bytes...
I1120 21:27:41.073057 233873408 c_interface.cc:386] Pass FitOfflineMasterModelArgs, batch_filename_size=4, batch_weight_size=4, num_collection_passes=1 to MN4artm4core15MasterComponentEFvRKNS_25FitOfflineMasterModelArgsEE
I1120 21:27:41.073130 233873408 master_component.cc:1340] ProcessBatchesArgs: nwt_target_name=nwt, batch_filename_size=4, batch_size=0, batch_weight_size=4, pwt_source_name=pwt, num_document_passes=1, reuse_theta=no, opt_for_avx=yes, predict_class_id=
I1120 21:27:41.098937 247029760 processor.cc:724] Processing queue has data, processing started
I1120 21:27:41.104231 247029760 processor.cc:802] Processor: start processing batch 168989d4-6aff-44fa-ab0c-00b2cdaf436a into model nwt
I1120 21:27:41.109004 247566336 processor.cc:724] Processing queue has data, processing started
I1120 21:27:41.120287 211693568 processor.cc:724] Processing queue has data, processing started
I1120 21:27:41.123333 247566336 processor.cc:802] Processor: start processing batch bbde3c73-2a32-4fcb-98bc-f5f8661aff7c into model nwt
I1120 21:27:41.129642 211693568 processor.cc:802] Processor: start processing batch aca7fb29-65f1-4d14-8aba-0ad694c40b2c into model nwt
I1120 21:27:41.136520 212230144 processor.cc:724] Processing queue has data, processing started
I1120 21:27:41.146806 212230144 processor.cc:802] Processor: start processing batch 52d79c70-0249-477c-b677-b7d9b7bb3f41 into model nwt
I1120 21:27:41.215975 247029760 processor.cc:898] Processor: complete processing batch 168989d4-6aff-44fa-ab0c-00b2cdaf436a into model nwt
I1120 21:27:41.220957 247029760 cuckoo_watch.h:45] 121ms in ProcessBatch(kos/aaaaad.batch) [including 4ms in LoadMessage; 0ms in InitializeSparseNdw; 38ms in InferThetaAndUpdateNwtSparse; 44ms in CalculateScore(PerplexityScore); 2ms in CalculateScore(SparsityThetaScore); 24ms in CalculateScore(^^^ItemsProcessedScore^^^); ]
I1120 21:27:41.246117 247029760 processor.cc:717] No data in processing queue, waiting...
I1120 21:27:41.336917 247566336 processor.cc:898] Processor: complete processing batch bbde3c73-2a32-4fcb-98bc-f5f8661aff7c into model nwt
I1120 21:27:41.342698 247566336 cuckoo_watch.h:45] 233ms in ProcessBatch(kos/aaaaab.batch) [including 13ms in LoadMessage; 1ms in InitializeSparseNdw; 76ms in InferThetaAndUpdateNwtSparse; 71ms in CalculateScore(PerplexityScore); 8ms in CalculateScore(SparsityThetaScore); 54ms in CalculateScore(^^^ItemsProcessedScore^^^); ]
I1120 21:27:41.348244 212230144 processor.cc:898] Processor: complete processing batch 52d79c70-0249-477c-b677-b7d9b7bb3f41 into model nwt
I1120 21:27:41.353691 212230144 cuckoo_watch.h:45] 217ms in ProcessBatch(kos/aaaaac.batch) [including 9ms in LoadMessage; 1ms in InitializeSparseNdw; 77ms in InferThetaAndUpdateNwtSparse; 70ms in CalculateScore(PerplexityScore); 4ms in CalculateScore(SparsityThetaScore); 45ms in CalculateScore(^^^ItemsProcessedScore^^^); ]
I1120 21:27:41.365466 247566336 processor.cc:717] No data in processing queue, waiting...
I1120 21:27:41.374064 211693568 processor.cc:898] Processor: complete processing batch aca7fb29-65f1-4d14-8aba-0ad694c40b2c into model nwt
I1120 21:27:41.376706 212230144 processor.cc:717] No data in processing queue, waiting...
I1120 21:27:41.377074 211693568 cuckoo_watch.h:45] 256ms in ProcessBatch(kos/aaaaaa.batch) [including 8ms in LoadMessage; 3ms in InitializeSparseNdw; 137ms in InferThetaAndUpdateNwtSparse; 57ms in CalculateScore(PerplexityScore); 5ms in CalculateScore(SparsityThetaScore); 39ms in CalculateScore(^^^ItemsProcessedScore^^^); ]
I1120 21:27:41.377743 233873408 master_component.cc:1391] NormalizeModelArgs: pwt_target_name=pwt, nwt_source_name=nwt, rwt_source_name=
I1120 21:27:41.377766 233873408 master_component.cc:952] MasterComponent: start normalizing model nwt
I1120 21:27:41.391504 233873408 master_component.cc:980] MasterComponent: complete normalizing model nwt
I1120 21:27:41.394376 233873408 master_component.cc:1415] DisposeModel rwt
I1120 21:27:41.394392 233873408 master_component.cc:1005] FitOffline: ItemsProcessed, num_items=3430, num_batches=4, token_weight=467714, token_weight_in_effect=467714
I1120 21:27:41.401734 211693568 processor.cc:717] No data in processing queue, waiting...
I1120 21:27:41.444173 2806096704 c_interface.cc:559] Pass GetScoreValueArgs, score_name=^^^ItemsProcessedScore^^^ to MasterComponent::Request
I1120 21:27:41.444209 2806096704 c_interface.cc:230] ArtmCopyRequestedMessage is copying 46 bytes...
I1120 21:27:41.444753 233873408 c_interface.cc:386] Pass FitOfflineMasterModelArgs, batch_filename_size=4, batch_weight_size=4, num_collection_passes=1 to MN4artm4core15MasterComponentEFvRKNS_25FitOfflineMasterModelArgsEE
I1120 21:27:41.444782 233873408 master_component.cc:1340] ProcessBatchesArgs: nwt_target_name=nwt, batch_filename_size=4, batch_size=0, batch_weight_size=4, pwt_source_name=pwt, num_document_passes=1, reuse_theta=no, opt_for_avx=yes, predict_class_id=
I1120 21:27:41.462211 211693568 processor.cc:724] Processing queue has data, processing started
I1120 21:27:41.465306 211693568 processor.cc:802] Processor: start processing batch 168989d4-6aff-44fa-ab0c-00b2cdaf436a into model nwt
I1120 21:27:41.469199 247566336 processor.cc:724] Processing queue has data, processing started
I1120 21:27:41.476234 247566336 processor.cc:802] Processor: start processing batch bbde3c73-2a32-4fcb-98bc-f5f8661aff7c into model nwt
I1120 21:27:41.478024 247029760 processor.cc:724] Processing queue has data, processing started
I1120 21:27:41.486747 247029760 processor.cc:802] Processor: start processing batch aca7fb29-65f1-4d14-8aba-0ad694c40b2c into model nwt
I1120 21:27:41.487228 212230144 processor.cc:724] Processing queue has data, processing started
I1120 21:27:41.496688 212230144 processor.cc:802] Processor: start processing batch 52d79c70-0249-477c-b677-b7d9b7bb3f41 into model nwt
I1120 21:27:41.524967 211693568 processor.cc:898] Processor: complete processing batch 168989d4-6aff-44fa-ab0c-00b2cdaf436a into model nwt
