I1120 21:29:12.632689 251772928 c_interface.cc:386] Pass FitOfflineMasterModelArgs, batch_filename_size=4, batch_weight_size=4, num_collection_passes=1 to MN4artm4core15MasterComponentEFvRKNS_25FitOfflineMasterModelArgsEE
I1120 21:29:12.632719 251772928 master_component.cc:1340] ProcessBatchesArgs: nwt_target_name=nwt, batch_filename_size=4, batch_size=0, batch_weight_size=4, pwt_source_name=pwt, num_document_passes=1, regularizer=(name:SparseTheta, tau:-0.2), regularizer=(name:SparsePhi, tau:-0.2), regularizer=(name:DecorrelatorPhi, tau:250000), reuse_theta=no, opt_for_avx=yes, predict_class_id=
I1120 21:29:12.654162 264929280 processor.cc:724] Processing queue has data, processing started
I1120 21:29:12.658030 264929280 processor.cc:802] Processor: start processing batch 168989d4-6aff-44fa-ab0c-00b2cdaf436a into model nwt
I1120 21:29:12.660341 266002432 processor.cc:724] Processing queue has data, processing started
I1120 21:29:12.668064 266539008 processor.cc:724] Processing queue has data, processing started
I1120 21:29:12.669560 266002432 processor.cc:802] Processor: start processing batch bbde3c73-2a32-4fcb-98bc-f5f8661aff7c into model nwt
I1120 21:29:12.677484 266539008 processor.cc:802] Processor: start processing batch aca7fb29-65f1-4d14-8aba-0ad694c40b2c into model nwt
I1120 21:29:12.679543 265465856 processor.cc:724] Processing queue has data, processing started
I1120 21:29:12.688953 265465856 processor.cc:802] Processor: start processing batch 52d79c70-0249-477c-b677-b7d9b7bb3f41 into model nwt
I1120 21:29:12.712695 264929280 processor.cc:898] Processor: complete processing batch 168989d4-6aff-44fa-ab0c-00b2cdaf436a into model nwt
I1120 21:29:12.716277 264929280 cuckoo_watch.h:45] 62ms in ProcessBatch(kos/aaaaad.batch) [including 3ms in LoadMessage; 0ms in InitializeSparseNdw; 21ms in InferThetaAndUpdateNwtSparse; 18ms in CalculateScore(PerplexityScore); 1ms in CalculateScore(SparsityThetaScore); 12ms in CalculateScore(^^^ItemsProcessedScore^^^); ]
I1120 21:29:12.739974 264929280 processor.cc:717] No data in processing queue, waiting...
I1120 21:29:12.801213 266002432 processor.cc:898] Processor: complete processing batch bbde3c73-2a32-4fcb-98bc-f5f8661aff7c into model nwt
I1120 21:29:12.805304 266002432 cuckoo_watch.h:45] 144ms in ProcessBatch(kos/aaaaab.batch) [including 8ms in LoadMessage; 0ms in InitializeSparseNdw; 53ms in InferThetaAndUpdateNwtSparse; 44ms in CalculateScore(PerplexityScore); 3ms in CalculateScore(SparsityThetaScore); 28ms in CalculateScore(^^^ItemsProcessedScore^^^); ]
I1120 21:29:12.811766 266539008 processor.cc:898] Processor: complete processing batch aca7fb29-65f1-4d14-8aba-0ad694c40b2c into model nwt
I1120 21:29:12.814210 266539008 cuckoo_watch.h:45] 146ms in ProcessBatch(kos/aaaaaa.batch) [including 9ms in LoadMessage; 0ms in InitializeSparseNdw; 62ms in InferThetaAndUpdateNwtSparse; 42ms in CalculateScore(PerplexityScore); 2ms in CalculateScore(SparsityThetaScore); 24ms in CalculateScore(^^^ItemsProcessedScore^^^); ]
I1120 21:29:12.818584 265465856 processor.cc:898] Processor: complete processing batch 52d79c70-0249-477c-b677-b7d9b7bb3f41 into model nwt
I1120 21:29:12.821296 265465856 cuckoo_watch.h:45] 141ms in ProcessBatch(kos/aaaaac.batch) [including 8ms in LoadMessage; 0ms in InitializeSparseNdw; 55ms in InferThetaAndUpdateNwtSparse; 43ms in CalculateScore(PerplexityScore); 3ms in CalculateScore(SparsityThetaScore); 23ms in CalculateScore(^^^ItemsProcessedScore^^^); ]
I1120 21:29:12.821694 251772928 master_component.cc:1378] RegularizeModelArgs: rwt_target_name=rwt, pwt_source_name=pwt, nwt_source_name=nwt
I1120 21:29:12.821808 251772928 master_component.cc:922] MasterComponent: start regularizing model pwt
I1120 21:29:12.829023 266002432 processor.cc:717] No data in processing queue, waiting...
I1120 21:29:12.837457 266539008 processor.cc:717] No data in processing queue, waiting...
I1120 21:29:12.844317 265465856 processor.cc:717] No data in processing queue, waiting...
I1120 21:29:12.864794 251772928 master_component.cc:948] MasterComponent: complete regularizing model pwt
I1120 21:29:12.864816 251772928 master_component.cc:1391] NormalizeModelArgs: pwt_target_name=pwt, nwt_source_name=nwt, rwt_source_name=rwt
I1120 21:29:12.864827 251772928 master_component.cc:952] MasterComponent: start normalizing model nwt
I1120 21:29:12.887270 251772928 master_component.cc:980] MasterComponent: complete normalizing model nwt
I1120 21:29:12.908530 251772928 master_component.cc:1415] DisposeModel rwt
I1120 21:29:12.911895 251772928 master_component.cc:1005] FitOffline: ItemsProcessed, num_items=3430, num_batches=4, token_weight=467714, token_weight_in_effect=467714
I1120 21:29:12.950835 2806096704 c_interface.cc:559] Pass GetScoreValueArgs, score_name=^^^ItemsProcessedScore^^^ to MasterComponent::Request
I1120 21:29:12.950871 2806096704 c_interface.cc:230] ArtmCopyRequestedMessage is copying 46 bytes...
I1120 21:29:12.951395 251772928 c_interface.cc:386] Pass FitOfflineMasterModelArgs, batch_filename_size=4, batch_weight_size=4, num_collection_passes=1 to MN4artm4core15MasterComponentEFvRKNS_25FitOfflineMasterModelArgsEE
I1120 21:29:12.951413 251772928 master_component.cc:1340] ProcessBatchesArgs: nwt_target_name=nwt, batch_filename_size=4, batch_size=0, batch_weight_size=4, pwt_source_name=pwt, num_document_passes=1, regularizer=(name:SparseTheta, tau:-0.2), regularizer=(name:SparsePhi, tau:-0.2), regularizer=(name:DecorrelatorPhi, tau:250000), reuse_theta=no, opt_for_avx=yes, predict_class_id=
I1120 21:29:12.973589 266539008 processor.cc:724] Processing queue has data, processing started
I1120 21:29:12.976394 266539008 processor.cc:802] Processor: start processing batch 168989d4-6aff-44fa-ab0c-00b2cdaf436a into model nwt
I1120 21:29:12.979570 266002432 processor.cc:724] Processing queue has data, processing started
I1120 21:29:12.988040 266002432 processor.cc:802] Processor: start processing batch bbde3c73-2a32-4fcb-98bc-f5f8661aff7c into model nwt
I1120 21:29:12.989293 265465856 processor.cc:724] Processing queue has data, processing started
I1120 21:29:12.997529 265465856 processor.cc:802] Processor: start processing batch aca7fb29-65f1-4d14-8aba-0ad694c40b2c into model nwt
I1120 21:29:12.999815 264929280 processor.cc:724] Processing queue has data, processing started
I1120 21:29:13.008999 264929280 processor.cc:802] Processor: start processing batch 52d79c70-0249-477c-b677-b7d9b7bb3f41 into model nwt
I1120 21:29:13.031087 266539008 processor.cc:898] Processor: complete processing batch 168989d4-6aff-44fa-ab0c-00b2cdaf436a into model nwt
I1120 21:29:13.035365 266539008 cuckoo_watch.h:45] 61ms in ProcessBatch(kos/aaaaad.batch) [including 2ms in LoadMessage; 0ms in InitializeSparseNdw; 22ms in InferThetaAndUpdateNwtSparse; 16ms in CalculateScore(PerplexityScore); 1ms in CalculateScore(SparsityThetaScore); 12ms in CalculateScore(^^^ItemsProcessedScore^^^); ]
I1120 21:29:13.059569 266539008 processor.cc:717] No data in processing queue, waiting...
I1120 21:29:13.119690 266002432 processor.cc:898] Processor: complete processing batch bbde3c73-2a32-4fcb-98bc-f5f8661aff7c into model nwt
I1120 21:29:13.123258 266002432 cuckoo_watch.h:45] 143ms in ProcessBatch(kos/aaaaab.batch) [including 8ms in LoadMessage; 0ms in InitializeSparseNdw; 61ms in InferThetaAndUpdateNwtSparse; 33ms in CalculateScore(PerplexityScore); 3ms in CalculateScore(SparsityThetaScore); 30ms in CalculateScore(^^^ItemsProcessedScore^^^); ]
I1120 21:29:13.123507 264929280 processor.cc:898] Processor: complete processing batch 52d79c70-0249-477c-b677-b7d9b7bb3f41 into model nwt
I1120 21:29:13.124979 265465856 processor.cc:898] Processor: complete processing batch aca7fb29-65f1-4d14-8aba-0ad694c40b2c into model nwt
I1120 21:29:13.126070 264929280 cuckoo_watch.h:45] 126ms in ProcessBatch(kos/aaaaac.batch) [including 8ms in LoadMessage; 1ms in InitializeSparseNdw; 46ms in InferThetaAndUpdateNwtSparse; 34ms in CalculateScore(PerplexityScore); 3ms in CalculateScore(SparsityThetaScore); 27ms in CalculateScore(^^^ItemsProcessedScore^^^); ]
I1120 21:29:13.128280 265465856 cuckoo_watch.h:45] 138ms in ProcessBatch(kos/aaaaaa.batch) [including 7ms in LoadMessage; 0ms in InitializeSparseNdw; 48ms in InferThetaAndUpdateNwtSparse; 35ms in CalculateScore(PerplexityScore); 2ms in CalculateScore(SparsityThetaScore); 38ms in CalculateScore(^^^ItemsProcessedScore^^^); ]
I1120 21:29:13.129520 251772928 master_component.cc:1378] RegularizeModelArgs: rwt_target_name=rwt, pwt_source_name=pwt, nwt_source_name=nwt
I1120 21:29:13.129614 251772928 master_component.cc:922] MasterComponent: start regularizing model pwt
I1120 21:29:13.146754 266002432 processor.cc:717] No data in processing queue, waiting...
I1120 21:29:13.149149 264929280 processor.cc:717] No data in processing queue, waiting...
I1120 21:29:13.151664 265465856 processor.cc:717] No data in processing queue, waiting...
I1120 21:29:13.165205 251772928 master_component.cc:948] MasterComponent: complete regularizing model pwt
I1120 21:29:13.165225 251772928 master_component.cc:1391] NormalizeModelArgs: pwt_target_name=pwt, nwt_source_name=nwt, rwt_source_name=rwt
I1120 21:29:13.165233 251772928 master_component.cc:952] MasterComponent: start normalizing model nwt
I1120 21:29:13.185925 251772928 master_component.cc:980] MasterComponent: complete normalizing model nwt
I1120 21:29:13.205899 251772928 master_component.cc:1415] DisposeModel rwt
I1120 21:29:13.210727 251772928 master_component.cc:1005] FitOffline: ItemsProcessed, num_items=3430, num_batches=4, token_weight=467714, token_weight_in_effect=467714
I1120 21:29:13.220211 2806096704 c_interface.cc:559] Pass GetScoreValueArgs, score_name=^^^ItemsProcessedScore^^^ to MasterComponent::Request
I1120 21:29:13.220249 2806096704 c_interface.cc:230] ArtmCopyRequestedMessage is copying 46 bytes...
I1120 21:29:13.220810 251772928 c_interface.cc:386] Pass FitOfflineMasterModelArgs, batch_filename_size=4, batch_weight_size=4, num_collection_passes=1 to MN4artm4core15MasterComponentEFvRKNS_25FitOfflineMasterModelArgsEE
I1120 21:29:13.220829 251772928 master_component.cc:1340] ProcessBatchesArgs: nwt_target_name=nwt, batch_filename_size=4, batch_size=0, batch_weight_size=4, pwt_source_name=pwt, num_document_passes=1, regularizer=(name:SparseTheta, tau:-0.2), regularizer=(name:SparsePhi, tau:-0.2), regularizer=(name:DecorrelatorPhi, tau:250000), reuse_theta=no, opt_for_avx=yes, predict_class_id=
I1120 21:29:13.242408 266539008 processor.cc:724] Processing queue has data, processing started
I1120 21:29:13.247529 266539008 processor.cc:802] Processor: start processing batch 168989d4-6aff-44fa-ab0c-00b2cdaf436a into model nwt
I1120 21:29:13.252490 264929280 processor.cc:724] Processing queue has data, processing started
I1120 21:29:13.261317 265465856 processor.cc:724] Processing queue has data, processing started
I1120 21:29:13.261713 264929280 processor.cc:802] Processor: start processing batch bbde3c73-2a32-4fcb-98bc-f5f8661aff7c into model nwt
I1120 21:29:13.270826 265465856 processor.cc:802] Processor: start processing batch aca7fb29-65f1-4d14-8aba-0ad694c40b2c into model nwt
I1120 21:29:13.309453 266002432 processor.cc:724] Processing queue has data, processing started
I1120 21:29:13.310458 266539008 processor.cc:898] Processor: complete processing batch 168989d4-6aff-44fa-ab0c-00b2cdaf436a into model nwt
I1120 21:29:13.313168 266539008 cuckoo_watch.h:45] 70ms in ProcessBatch(kos/aaaaad.batch) [including 4ms in LoadMessage; 0ms in InitializeSparseNdw; 21ms in InferThetaAndUpdateNwtSparse; 17ms in CalculateScore(PerplexityScore); 2ms in CalculateScore(SparsityThetaScore); 21ms in CalculateScore(^^^ItemsProcessedScore^^^); ]
I1120 21:29:13.318660 266002432 processor.cc:802] Processor: start processing batch 52d79c70-0249-477c-b677-b7d9b7bb3f41 into model nwt
I1120 21:29:13.360185 266539008 processor.cc:717] No data in processing queue, waiting...
I1120 21:29:13.405750 264929280 processor.cc:898] Processor: complete processing batch bbde3c73-2a32-4fcb-98bc-f5f8661aff7c into model nwt
I1120 21:29:13.409694 264929280 cuckoo_watch.h:45] 157ms in ProcessBatch(kos/aaaaab.batch) [including 8ms in LoadMessage; 0ms in InitializeSparseNdw; 68ms in InferThetaAndUpdateNwtSparse; 42ms in CalculateScore(PerplexityScore); 3ms in CalculateScore(SparsityThetaScore); 27ms in CalculateScore(^^^ItemsProcessedScore^^^); ]
I1120 21:29:13.415323 265465856 processor.cc:898] Processor: complete processing batch aca7fb29-65f1-4d14-8aba-0ad694c40b2c into model nwt
I1120 21:29:13.417891 265465856 cuckoo_watch.h:45] 156ms in ProcessBatch(kos/aaaaaa.batch) [including 9ms in LoadMessage; 1ms in InitializeSparseNdw; 83ms in InferThetaAndUpdateNwtSparse; 33ms in CalculateScore(PerplexityScore); 2ms in CalculateScore(SparsityThetaScore); 22ms in CalculateScore(^^^ItemsProcessedScore^^^); ]
I1120 21:29:13.424794 266002432 processor.cc:898] Processor: complete processing batch 52d79c70-0249-477c-b677-b7d9b7bb3f41 into model nwt
I1120 21:29:13.427640 266002432 cuckoo_watch.h:45] 118ms in ProcessBatch(kos/aaaaac.batch) [including 8ms in LoadMessage; 1ms in InitializeSparseNdw; 47ms in InferThetaAndUpdateNwtSparse; 30ms in CalculateScore(PerplexityScore); 3ms in CalculateScore(SparsityThetaScore); 21ms in CalculateScore(^^^ItemsProcessedScore^^^); ]
I1120 21:29:13.428231 251772928 master_component.cc:1378] RegularizeModelArgs: rwt_target_name=rwt, pwt_source_name=pwt, nwt_source_name=nwt
I1120 21:29:13.428270 251772928 master_component.cc:922] MasterComponent: start regularizing model pwt
I1120 21:29:13.432862 264929280 processor.cc:717] No data in processing queue, waiting...
I1120 21:29:13.441784 265465856 processor.cc:717] No data in processing queue, waiting...
I1120 21:29:13.450657 266002432 processor.cc:717] No data in processing queue, waiting...
I1120 21:29:13.462607 251772928 master_component.cc:948] MasterComponent: complete regularizing model pwt
I1120 21:29:13.462628 251772928 master_component.cc:1391] NormalizeModelArgs: pwt_target_name=pwt, nwt_source_name=nwt, rwt_source_name=rwt
I1120 21:29:13.462636 251772928 master_component.cc:952] MasterComponent: start normalizing model nwt
I1120 21:29:13.483006 251772928 master_component.cc:980] MasterComponent: complete normalizing model nwt
I1120 21:29:13.502966 251772928 master_component.cc:1415] DisposeModel rwt
I1120 21:29:13.506650 251772928 master_component.cc:1005] FitOffline: ItemsProcessed, num_items=3430, num_batches=4, token_weight=467714, token_weight_in_effect=467714
I1120 21:29:13.544190 2806096704 c_interface.cc:559] Pass GetScoreValueArgs, score_name=^^^ItemsProcessedScore^^^ to MasterComponent::Request
I1120 21:29:13.544226 2806096704 c_interface.cc:230] ArtmCopyRequestedMessage is copying 46 bytes...
I1120 21:29:13.544769 251772928 c_interface.cc:386] Pass FitOfflineMasterModelArgs, batch_filename_size=4, batch_weight_size=4, num_collection_passes=1 to MN4artm4core15MasterComponentEFvRKNS_25FitOfflineMasterModelArgsEE
I1120 21:29:13.544787 251772928 master_component.cc:1340] ProcessBatchesArgs: nwt_target_name=nwt, batch_filename_size=4, batch_size=0, batch_weight_size=4, pwt_source_name=pwt, num_document_passes=1, regularizer=(name:SparseTheta, tau:-0.2), regularizer=(name:SparsePhi, tau:-0.2), regularizer=(name:DecorrelatorPhi, tau:250000), reuse_theta=no, opt_for_avx=yes, predict_class_id=
I1120 21:29:13.567070 265465856 processor.cc:724] Processing queue has data, processing started
I1120 21:29:13.574272 265465856 processor.cc:802] Processor: start processing batch 168989d4-6aff-44fa-ab0c-00b2cdaf436a into model nwt
I1120 21:29:13.582391 266539008 processor.cc:724] Processing queue has data, processing started
I1120 21:29:13.594250 266002432 processor.cc:724] Processing queue has data, processing started
I1120 21:29:13.597097 266539008 processor.cc:802] Processor: start processing batch bbde3c73-2a32-4fcb-98bc-f5f8661aff7c into model nwt
I1120 21:29:13.600006 264929280 processor.cc:724] Processing queue has data, processing started
I1120 21:29:13.618557 266002432 processor.cc:802] Processor: start processing batch aca7fb29-65f1-4d14-8aba-0ad694c40b2c into model nwt
I1120 21:29:13.662021 265465856 processor.cc:898] Processor: complete processing batch 168989d4-6aff-44fa-ab0c-00b2cdaf436a into model nwt
I1120 21:29:13.667349 265465856 cuckoo_watch.h:45] 100ms in ProcessBatch(kos/aaaaad.batch) [including 6ms in LoadMessage; 0ms in InitializeSparseNdw; 40ms in InferThetaAndUpdateNwtSparse; 28ms in CalculateScore(PerplexityScore); 1ms in CalculateScore(SparsityThetaScore); 15ms in CalculateScore(^^^ItemsProcessedScore^^^); ]
I1120 21:29:13.668756 264929280 processor.cc:802] Processor: start processing batch 52d79c70-0249-477c-b677-b7d9b7bb3f41 into model nwt
I1120 21:29:13.691107 265465856 processor.cc:717] No data in processing queue, waiting...
I1120 21:29:13.747557 266539008 processor.cc:898] Processor: complete processing batch bbde3c73-2a32-4fcb-98bc-f5f8661aff7c into model nwt
I1120 21:29:13.751994 266539008 cuckoo_watch.h:45] 169ms in ProcessBatch(kos/aaaaab.batch) [including 14ms in LoadMessage; 0ms in InitializeSparseNdw; 73ms in InferThetaAndUpdateNwtSparse; 37ms in CalculateScore(PerplexityScore); 3ms in CalculateScore(SparsityThetaScore); 34ms in CalculateScore(^^^ItemsProcessedScore^^^); ]
I1120 21:29:13.770071 266002432 processor.cc:898] Processor: complete processing batch aca7fb29-65f1-4d14-8aba-0ad694c40b2c into model nwt
I1120 21:29:13.773836 266002432 cuckoo_watch.h:45] 179ms in ProcessBatch(kos/aaaaaa.batch) [including 22ms in LoadMessage; 4ms in InitializeSparseNdw; 65ms in InferThetaAndUpdateNwtSparse; 48ms in CalculateScore(PerplexityScore); 4ms in CalculateScore(SparsityThetaScore); 26ms in CalculateScore(^^^ItemsProcessedScore^^^); ]
I1120 21:29:13.774667 266539008 processor.cc:717] No data in processing queue, waiting...
I1120 21:29:13.792778 264929280 processor.cc:898] Processor: complete processing batch 52d79c70-0249-477c-b677-b7d9b7bb3f41 into model nwt
I1120 21:29:13.795270 264929280 cuckoo_watch.h:45] 193ms in ProcessBatch(kos/aaaaac.batch) [including 66ms in LoadMessage; 1ms in InitializeSparseNdw; 57ms in InferThetaAndUpdateNwtSparse; 40ms in CalculateScore(PerplexityScore); 2ms in CalculateScore(SparsityThetaScore); 19ms in CalculateScore(^^^ItemsProcessedScore^^^); ]
I1120 21:29:13.795387 251772928 master_component.cc:1378] RegularizeModelArgs: rwt_target_name=rwt, pwt_source_name=pwt, nwt_source_name=nwt
I1120 21:29:13.795411 251772928 master_component.cc:922] MasterComponent: start regularizing model pwt
I1120 21:29:13.797173 266002432 processor.cc:717] No data in processing queue, waiting...
I1120 21:29:13.818411 264929280 processor.cc:717] No data in processing queue, waiting...
I1120 21:29:13.831836 251772928 master_component.cc:948] MasterComponent: complete regularizing model pwt
I1120 21:29:13.831898 251772928 master_component.cc:1391] NormalizeModelArgs: pwt_target_name=pwt, nwt_source_name=nwt, rwt_source_name=rwt
I1120 21:29:13.831907 251772928 master_component.cc:952] MasterComponent: start normalizing model nwt
I1120 21:29:13.854336 251772928 master_component.cc:980] MasterComponent: complete normalizing model nwt
I1120 21:29:13.874020 251772928 master_component.cc:1415] DisposeModel rwt
I1120 21:29:13.878211 251772928 master_component.cc:1005] FitOffline: ItemsProcessed, num_items=3430, num_batches=4, token_weight=467714, token_weight_in_effect=467714
I1120 21:29:13.913269 2806096704 c_interface.cc:559] Pass GetScoreValueArgs, score_name=^^^ItemsProcessedScore^^^ to MasterComponent::Request
I1120 21:29:13.913305 2806096704 c_interface.cc:230] ArtmCopyRequestedMessage is copying 46 bytes...
I1120 21:29:13.913894 251772928 c_interface.cc:386] Pass FitOfflineMasterModelArgs, batch_filename_size=4, batch_weight_size=4, num_collection_passes=1 to MN4artm4core15MasterComponentEFvRKNS_25FitOfflineMasterModelArgsEE
I1120 21:29:13.913913 251772928 master_component.cc:1340] ProcessBatchesArgs: nwt_target_name=nwt, batch_filename_size=4, batch_size=0, batch_weight_size=4, pwt_source_name=pwt, num_document_passes=1, regularizer=(name:SparseTheta, tau:-0.2), regularizer=(name:SparsePhi, tau:-0.2), regularizer=(name:DecorrelatorPhi, tau:250000), reuse_theta=no, opt_for_avx=yes, predict_class_id=
I1120 21:29:13.935521 266002432 processor.cc:724] Processing queue has data, processing started
I1120 21:29:13.938791 266002432 processor.cc:802] Processor: start processing batch 168989d4-6aff-44fa-ab0c-00b2cdaf436a into model nwt
I1120 21:29:13.941895 266539008 processor.cc:724] Processing queue has data, processing started
I1120 21:29:13.951686 265465856 processor.cc:724] Processing queue has data, processing started
I1120 21:29:13.953202 266539008 processor.cc:802] Processor: start processing batch bbde3c73-2a32-4fcb-98bc-f5f8661aff7c into model nwt
I1120 21:29:13.960342 265465856 processor.cc:802] Processor: start processing batch aca7fb29-65f1-4d14-8aba-0ad694c40b2c into model nwt
I1120 21:29:13.971870 264929280 processor.cc:724] Processing queue has data, processing started
I1120 21:29:14.009809 264929280 processor.cc:802] Processor: start processing batch 52d79c70-0249-477c-b677-b7d9b7bb3f41 into model nwt
I1120 21:29:14.022481 266002432 processor.cc:898] Processor: complete processing batch 168989d4-6aff-44fa-ab0c-00b2cdaf436a into model nwt
I1120 21:29:14.028079 266002432 cuckoo_watch.h:45] 92ms in ProcessBatch(kos/aaaaad.batch) [including 3ms in LoadMessage; 0ms in InitializeSparseNdw; 38ms in InferThetaAndUpdateNwtSparse; 24ms in CalculateScore(PerplexityScore); 2ms in CalculateScore(SparsityThetaScore); 17ms in CalculateScore(^^^ItemsProcessedScore^^^); ]
I1120 21:29:14.076264 266002432 processor.cc:717] No data in processing queue, waiting...
I1120 21:29:14.087419 265465856 processor.cc:898] Processor: complete processing batch aca7fb29-65f1-4d14-8aba-0ad694c40b2c into model nwt
I1120 21:29:14.093281 265465856 cuckoo_watch.h:45] 141ms in ProcessBatch(kos/aaaaaa.batch) [including 8ms in LoadMessage; 0ms in InitializeSparseNdw; 49ms in InferThetaAndUpdateNwtSparse; 41ms in CalculateScore(PerplexityScore); 3ms in CalculateScore(SparsityThetaScore); 31ms in CalculateScore(^^^ItemsProcessedScore^^^); ]
I1120 21:29:14.115751 265465856 processor.cc:717] No data in processing queue, waiting...
I1120 21:29:14.134106 266539008 processor.cc:898] Processor: complete processing batch bbde3c73-2a32-4fcb-98bc-f5f8661aff7c into model nwt
I1120 21:29:14.139847 266539008 cuckoo_watch.h:45] 197ms in ProcessBatch(kos/aaaaab.batch) [including 10ms in LoadMessage; 1ms in InitializeSparseNdw; 79ms in InferThetaAndUpdateNwtSparse; 65ms in CalculateScore(PerplexityScore); 2ms in CalculateScore(SparsityThetaScore); 29ms in CalculateScore(^^^ItemsProcessedScore^^^); ]
I1120 21:29:14.153985 264929280 processor.cc:898] Processor: complete processing batch 52d79c70-0249-477c-b677-b7d9b7bb3f41 into model nwt
I1120 21:29:14.156888 264929280 cuckoo_watch.h:45] 184ms in ProcessBatch(kos/aaaaac.batch) [including 37ms in LoadMessage; 9ms in InitializeSparseNdw; 69ms in InferThetaAndUpdateNwtSparse; 37ms in CalculateScore(PerplexityScore); 1ms in CalculateScore(SparsityThetaScore); 23ms in CalculateScore(^^^ItemsProcessedScore^^^); ]
I1120 21:29:14.158246 251772928 master_component.cc:1378] RegularizeModelArgs: rwt_target_name=rwt, pwt_source_name=pwt, nwt_source_name=nwt
I1120 21:29:14.158401 251772928 master_component.cc:922] MasterComponent: start regularizing model pwt
I1120 21:29:14.163236 266539008 processor.cc:717] No data in processing queue, waiting...
I1120 21:29:14.180805 264929280 processor.cc:717] No data in processing queue, waiting...
I1120 21:29:14.194790 251772928 master_component.cc:948] MasterComponent: complete regularizing model pwt
I1120 21:29:14.194808 251772928 master_component.cc:1391] NormalizeModelArgs: pwt_target_name=pwt, nwt_source_name=nwt, rwt_source_name=rwt
I1120 21:29:14.194815 251772928 master_component.cc:952] MasterComponent: start normalizing model nwt
I1120 21:29:14.214391 251772928 master_component.cc:980] MasterComponent: complete normalizing model nwt
I1120 21:29:14.232095 251772928 master_component.cc:1415] DisposeModel rwt
I1120 21:29:14.235867 251772928 master_component.cc:1005] FitOffline: ItemsProcessed, num_items=3430, num_batches=4, token_weight=467714, token_weight_in_effect=467714
I1120 21:29:14.281656 2806096704 c_interface.cc:559] Pass GetScoreValueArgs, score_name=^^^ItemsProcessedScore^^^ to MasterComponent::Request
I1120 21:29:14.281690 2806096704 c_interface.cc:230] ArtmCopyRequestedMessage is copying 46 bytes...
I1120 21:29:14.282230 251772928 c_interface.cc:386] Pass FitOfflineMasterModelArgs, batch_filename_size=4, batch_weight_size=4, num_collection_passes=1 to MN4artm4core15MasterComponentEFvRKNS_25FitOfflineMasterModelArgsEE
I1120 21:29:14.282248 251772928 master_component.cc:1340] ProcessBatchesArgs: nwt_target_name=nwt, batch_filename_size=4, batch_size=0, batch_weight_size=4, pwt_source_name=pwt, num_document_passes=1, regularizer=(name:SparseTheta, tau:-0.2), regularizer=(name:SparsePhi, tau:-0.2), regularizer=(name:DecorrelatorPhi, tau:250000), reuse_theta=no, opt_for_avx=yes, predict_class_id=
I1120 21:29:14.302121 266002432 processor.cc:724] Processing queue has data, processing started
I1120 21:29:14.306270 266002432 processor.cc:802] Processor: start processing batch 168989d4-6aff-44fa-ab0c-00b2cdaf436a into model nwt
I1120 21:29:14.314702 265465856 processor.cc:724] Processing queue has data, processing started
I1120 21:29:14.323459 265465856 processor.cc:802] Processor: start processing batch bbde3c73-2a32-4fcb-98bc-f5f8661aff7c into model nwt
I1120 21:29:14.324775 266539008 processor.cc:724] Processing queue has data, processing started
I1120 21:29:14.326043 264929280 processor.cc:724] Processing queue has data, processing started
I1120 21:29:14.333489 266539008 processor.cc:802] Processor: start processing batch aca7fb29-65f1-4d14-8aba-0ad694c40b2c into model nwt
I1120 21:29:14.336016 264929280 processor.cc:802] Processor: start processing batch 52d79c70-0249-477c-b677-b7d9b7bb3f41 into model nwt
I1120 21:29:14.351397 266002432 processor.cc:898] Processor: complete processing batch 168989d4-6aff-44fa-ab0c-00b2cdaf436a into model nwt
I1120 21:29:14.354276 266002432 cuckoo_watch.h:45] 52ms in ProcessBatch(kos/aaaaad.batch) [including 3ms in LoadMessage; 0ms in InitializeSparseNdw; 15ms in InferThetaAndUpdateNwtSparse; 15ms in CalculateScore(PerplexityScore); 1ms in CalculateScore(SparsityThetaScore); 11ms in CalculateScore(^^^ItemsProcessedScore^^^); ]
I1120 21:29:14.377490 266002432 processor.cc:717] No data in processing queue, waiting...
I1120 21:29:14.436168 265465856 processor.cc:898] Processor: complete processing batch bbde3c73-2a32-4fcb-98bc-f5f8661aff7c into model nwt
I1120 21:29:14.437829 266539008 processor.cc:898] Processor: complete processing batch aca7fb29-65f1-4d14-8aba-0ad694c40b2c into model nwt
I1120 21:29:14.439299 265465856 cuckoo_watch.h:45] 124ms in ProcessBatch(kos/aaaaab.batch) [including 8ms in LoadMessage; 1ms in InitializeSparseNdw; 46ms in InferThetaAndUpdateNwtSparse; 33ms in CalculateScore(PerplexityScore); 2ms in CalculateScore(SparsityThetaScore); 26ms in CalculateScore(^^^ItemsProcessedScore^^^); ]
I1120 21:29:14.441067 266539008 cuckoo_watch.h:45] 116ms in ProcessBatch(kos/aaaaaa.batch) [including 8ms in LoadMessage; 0ms in InitializeSparseNdw; 45ms in InferThetaAndUpdateNwtSparse; 30ms in CalculateScore(PerplexityScore); 3ms in CalculateScore(SparsityThetaScore); 23ms in CalculateScore(^^^ItemsProcessedScore^^^); ]
I1120 21:29:14.442736 264929280 processor.cc:898] Processor: complete processing batch 52d79c70-0249-477c-b677-b7d9b7bb3f41 into model nwt
I1120 21:29:14.445415 264929280 cuckoo_watch.h:45] 119ms in ProcessBatch(kos/aaaaac.batch) [including 9ms in LoadMessage; 1ms in InitializeSparseNdw; 45ms in InferThetaAndUpdateNwtSparse; 31ms in CalculateScore(PerplexityScore); 3ms in CalculateScore(SparsityThetaScore); 23ms in CalculateScore(^^^ItemsProcessedScore^^^); ]
I1120 21:29:14.446238 251772928 master_component.cc:1378] RegularizeModelArgs: rwt_target_name=rwt, pwt_source_name=pwt, nwt_source_name=nwt
I1120 21:29:14.446331 251772928 master_component.cc:922] MasterComponent: start regularizing model pwt
I1120 21:29:14.463719 265465856 processor.cc:717] No data in processing queue, waiting...
I1120 21:29:14.464985 266539008 processor.cc:717] No data in processing queue, waiting...
I1120 21:29:14.469480 264929280 processor.cc:717] No data in processing queue, waiting...
I1120 21:29:14.480866 251772928 master_component.cc:948] MasterComponent: complete regularizing model pwt
I1120 21:29:14.480885 251772928 master_component.cc:1391] NormalizeModelArgs: pwt_target_name=pwt, nwt_source_name=nwt, rwt_source_name=rwt
I1120 21:29:14.480895 251772928 master_component.cc:952] MasterComponent: start normalizing model nwt
I1120 21:29:14.504252 251772928 master_component.cc:980] MasterComponent: complete normalizing model nwt
I1120 21:29:14.524407 251772928 master_component.cc:1415] DisposeModel rwt
I1120 21:29:14.528317 251772928 master_component.cc:1005] FitOffline: ItemsProcessed, num_items=3430, num_batches=4, token_weight=467714, token_weight_in_effect=467714
I1120 21:29:14.550447 2806096704 c_interface.cc:559] Pass GetScoreValueArgs, score_name=^^^ItemsProcessedScore^^^ to MasterComponent::Request
I1120 21:29:14.550483 2806096704 c_interface.cc:230] ArtmCopyRequestedMessage is copying 46 bytes...
I1120 21:29:14.551110 251772928 c_interface.cc:386] Pass FitOfflineMasterModelArgs, batch_filename_size=4, batch_weight_size=4, num_collection_passes=1 to MN4artm4core15MasterComponentEFvRKNS_25FitOfflineMasterModelArgsEE
I1120 21:29:14.551131 251772928 master_component.cc:1340] ProcessBatchesArgs: nwt_target_name=nwt, batch_filename_size=4, batch_size=0, batch_weight_size=4, pwt_source_name=pwt, num_document_passes=1, regularizer=(name:SparseTheta, tau:-0.2), regularizer=(name:SparsePhi, tau:-0.2), regularizer=(name:DecorrelatorPhi, tau:250000), reuse_theta=no, opt_for_avx=yes, predict_class_id=
I1120 21:29:14.574012 266002432 processor.cc:724] Processing queue has data, processing started
I1120 21:29:14.576958 266002432 processor.cc:802] Processor: start processing batch 168989d4-6aff-44fa-ab0c-00b2cdaf436a into model nwt
I1120 21:29:14.580441 265465856 processor.cc:724] Processing queue has data, processing started
I1120 21:29:14.590374 266539008 processor.cc:724] Processing queue has data, processing started
I1120 21:29:14.590900 265465856 processor.cc:802] Processor: start processing batch bbde3c73-2a32-4fcb-98bc-f5f8661aff7c into model nwt
I1120 21:29:14.598397 266539008 processor.cc:802] Processor: start processing batch aca7fb29-65f1-4d14-8aba-0ad694c40b2c into model nwt
I1120 21:29:14.600872 264929280 processor.cc:724] Processing queue has data, processing started
I1120 21:29:14.610489 264929280 processor.cc:802] Processor: start processing batch 52d79c70-0249-477c-b677-b7d9b7bb3f41 into model nwt
I1120 21:29:14.629320 266002432 processor.cc:898] Processor: complete processing batch 168989d4-6aff-44fa-ab0c-00b2cdaf436a into model nwt
I1120 21:29:14.635885 266002432 cuckoo_watch.h:45] 61ms in ProcessBatch(kos/aaaaad.batch) [including 2ms in LoadMessage; 0ms in InitializeSparseNdw; 21ms in InferThetaAndUpdateNwtSparse; 15ms in CalculateScore(PerplexityScore); 1ms in CalculateScore(SparsityThetaScore); 12ms in CalculateScore(^^^ItemsProcessedScore^^^); ]
I1120 21:29:14.660588 266002432 processor.cc:717] No data in processing queue, waiting...
I1120 21:29:14.708920 266539008 processor.cc:898] Processor: complete processing batch aca7fb29-65f1-4d14-8aba-0ad694c40b2c into model nwt
I1120 21:29:14.710497 265465856 processor.cc:898] Processor: complete processing batch bbde3c73-2a32-4fcb-98bc-f5f8661aff7c into model nwt
I1120 21:29:14.719008 264929280 processor.cc:898] Processor: complete processing batch 52d79c70-0249-477c-b677-b7d9b7bb3f41 into model nwt
I1120 21:29:14.720233 266539008 cuckoo_watch.h:45] 129ms in ProcessBatch(kos/aaaaaa.batch) [including 7ms in LoadMessage; 0ms in InitializeSparseNdw; 50ms in InferThetaAndUpdateNwtSparse; 31ms in CalculateScore(PerplexityScore); 3ms in CalculateScore(SparsityThetaScore); 23ms in CalculateScore(^^^ItemsProcessedScore^^^); ]
I1120 21:29:14.721410 265465856 cuckoo_watch.h:45] 140ms in ProcessBatch(kos/aaaaab.batch) [including 10ms in LoadMessage; 0ms in InitializeSparseNdw; 54ms in InferThetaAndUpdateNwtSparse; 35ms in CalculateScore(PerplexityScore); 2ms in CalculateScore(SparsityThetaScore); 25ms in CalculateScore(^^^ItemsProcessedScore^^^); ]
I1120 21:29:14.723249 264929280 cuckoo_watch.h:45] 122ms in ProcessBatch(kos/aaaaac.batch) [including 9ms in LoadMessage; 0ms in InitializeSparseNdw; 52ms in InferThetaAndUpdateNwtSparse; 30ms in CalculateScore(PerplexityScore); 2ms in CalculateScore(SparsityThetaScore); 20ms in CalculateScore(^^^ItemsProcessedScore^^^); ]
I1120 21:29:14.723865 251772928 master_component.cc:1378] RegularizeModelArgs: rwt_target_name=rwt, pwt_source_name=pwt, nwt_source_name=nwt
I1120 21:29:14.723951 251772928 master_component.cc:922] MasterComponent: start regularizing model pwt
I1120 21:29:14.744120 266539008 processor.cc:717] No data in processing queue, waiting...
I1120 21:29:14.745396 265465856 processor.cc:717] No data in processing queue, waiting...
I1120 21:29:14.747062 264929280 processor.cc:717] No data in processing queue, waiting...
I1120 21:29:14.758108 251772928 master_component.cc:948] MasterComponent: complete regularizing model pwt
I1120 21:29:14.758127 251772928 master_component.cc:1391] NormalizeModelArgs: pwt_target_name=pwt, nwt_source_name=nwt, rwt_source_name=rwt
I1120 21:29:14.758136 251772928 master_component.cc:952] MasterComponent: start normalizing model nwt
I1120 21:29:14.781046 251772928 master_component.cc:980] MasterComponent: complete normalizing model nwt
I1120 21:29:14.799863 251772928 master_component.cc:1415] DisposeModel rwt
I1120 21:29:14.803524 251772928 master_component.cc:1005] FitOffline: ItemsProcessed, num_items=3430, num_batches=4, token_weight=467714, token_weight_in_effect=467714
I1120 21:29:14.820544 2806096704 c_interface.cc:559] Pass GetScoreValueArgs, score_name=^^^ItemsProcessedScore^^^ to MasterComponent::Request
I1120 21:29:14.820578 2806096704 c_interface.cc:230] ArtmCopyRequestedMessage is copying 46 bytes...
I1120 21:29:14.821090 251772928 c_interface.cc:386] Pass FitOfflineMasterModelArgs, batch_filename_size=4, batch_weight_size=4, num_collection_passes=1 to MN4artm4core15MasterComponentEFvRKNS_25FitOfflineMasterModelArgsEE
I1120 21:29:14.821110 251772928 master_component.cc:1340] ProcessBatchesArgs: nwt_target_name=nwt, batch_filename_size=4, batch_size=0, batch_weight_size=4, pwt_source_name=pwt, num_document_passes=1, regularizer=(name:SparseTheta, tau:-0.2), regularizer=(name:SparsePhi, tau:-0.2), regularizer=(name:DecorrelatorPhi, tau:250000), reuse_theta=no, opt_for_avx=yes, predict_class_id=
I1120 21:29:14.840641 266002432 processor.cc:724] Processing queue has data, processing started
I1120 21:29:14.843716 266002432 processor.cc:802] Processor: start processing batch 168989d4-6aff-44fa-ab0c-00b2cdaf436a into model nwt
I1120 21:29:14.847018 265465856 processor.cc:724] Processing queue has data, processing started
I1120 21:29:14.852650 265465856 processor.cc:802] Processor: start processing batch bbde3c73-2a32-4fcb-98bc-f5f8661aff7c into model nwt
I1120 21:29:14.855388 266539008 processor.cc:724] Processing queue has data, processing started
I1120 21:29:14.863836 266539008 processor.cc:802] Processor: start processing batch aca7fb29-65f1-4d14-8aba-0ad694c40b2c into model nwt
I1120 21:29:14.864603 264929280 processor.cc:724] Processing queue has data, processing started
I1120 21:29:14.874233 264929280 processor.cc:802] Processor: start processing batch 52d79c70-0249-477c-b677-b7d9b7bb3f41 into model nwt
I1120 21:29:14.896816 266002432 processor.cc:898] Processor: complete processing batch 168989d4-6aff-44fa-ab0c-00b2cdaf436a into model nwt
I1120 21:29:14.900151 266002432 cuckoo_watch.h:45] 59ms in ProcessBatch(kos/aaaaad.batch) [including 2ms in LoadMessage; 0ms in InitializeSparseNdw; 21ms in InferThetaAndUpdateNwtSparse; 15ms in CalculateScore(PerplexityScore); 1ms in CalculateScore(SparsityThetaScore); 12ms in CalculateScore(^^^ItemsProcessedScore^^^); ]
I1120 21:29:14.923097 266002432 processor.cc:717] No data in processing queue, waiting...
I1120 21:29:14.991865 265465856 processor.cc:898] Processor: complete processing batch bbde3c73-2a32-4fcb-98bc-f5f8661aff7c into model nwt
I1120 21:29:14.993429 264929280 processor.cc:898] Processor: complete processing batch 52d79c70-0249-477c-b677-b7d9b7bb3f41 into model nwt
I1120 21:29:14.997927 265465856 cuckoo_watch.h:45] 150ms in ProcessBatch(kos/aaaaab.batch) [including 5ms in LoadMessage; 0ms in InitializeSparseNdw; 62ms in InferThetaAndUpdateNwtSparse; 41ms in CalculateScore(PerplexityScore); 3ms in CalculateScore(SparsityThetaScore); 29ms in CalculateScore(^^^ItemsProcessedScore^^^); ]
I1120 21:29:14.998558 266539008 processor.cc:898] Processor: complete processing batch aca7fb29-65f1-4d14-8aba-0ad694c40b2c into model nwt
I1120 21:29:15.000443 264929280 cuckoo_watch.h:45] 135ms in ProcessBatch(kos/aaaaac.batch) [including 9ms in LoadMessage; 1ms in InitializeSparseNdw; 52ms in InferThetaAndUpdateNwtSparse; 37ms in CalculateScore(PerplexityScore); 2ms in CalculateScore(SparsityThetaScore); 24ms in CalculateScore(^^^ItemsProcessedScore^^^); ]
I1120 21:29:15.002313 266539008 cuckoo_watch.h:45] 146ms in ProcessBatch(kos/aaaaaa.batch) [including 8ms in LoadMessage; 0ms in InitializeSparseNdw; 51ms in InferThetaAndUpdateNwtSparse; 44ms in CalculateScore(PerplexityScore); 3ms in CalculateScore(SparsityThetaScore); 31ms in CalculateScore(^^^ItemsProcessedScore^^^); ]
I1120 21:29:15.002926 251772928 master_component.cc:1378] RegularizeModelArgs: rwt_target_name=rwt, pwt_source_name=pwt, nwt_source_name=nwt
I1120 21:29:15.002957 251772928 master_component.cc:922] MasterComponent: start regularizing model pwt
I1120 21:29:15.020786 265465856 processor.cc:717] No data in processing queue, waiting...
I1120 21:29:15.022819 264929280 processor.cc:717] No data in processing queue, waiting...
I1120 21:29:15.025516 266539008 processor.cc:717] No data in processing queue, waiting...
I1120 21:29:15.046613 251772928 master_component.cc:948] MasterComponent: complete regularizing model pwt
I1120 21:29:15.046631 251772928 master_component.cc:1391] NormalizeModelArgs: pwt_target_name=pwt, nwt_source_name=nwt, rwt_source_name=rwt
I1120 21:29:15.046639 251772928 master_component.cc:952] MasterComponent: start normalizing model nwt
I1120 21:29:15.075202 251772928 master_component.cc:980] MasterComponent: complete normalizing model nwt
I1120 21:29:15.097702 251772928 master_component.cc:1415] DisposeModel rwt
I1120 21:29:15.102586 251772928 master_component.cc:1005] FitOffline: ItemsProcessed, num_items=3430, num_batches=4, token_weight=467714, token_weight_in_effect=467714
I1120 21:29:15.140388 2806096704 c_interface.cc:559] Pass GetScoreValueArgs, score_name=^^^ItemsProcessedScore^^^ to MasterComponent::Request
I1120 21:29:15.140439 2806096704 c_interface.cc:230] ArtmCopyRequestedMessage is copying 46 bytes...
I1120 21:29:15.141149 251772928 c_interface.cc:386] Pass FitOfflineMasterModelArgs, batch_filename_size=4, batch_weight_size=4, num_collection_passes=1 to MN4artm4core15MasterComponentEFvRKNS_25FitOfflineMasterModelArgsEE
I1120 21:29:15.141170 251772928 master_component.cc:1340] ProcessBatchesArgs: nwt_target_name=nwt, batch_filename_size=4, batch_size=0, batch_weight_size=4, pwt_source_name=pwt, num_document_passes=1, regularizer=(name:SparseTheta, tau:-0.2), regularizer=(name:SparsePhi, tau:-0.2), regularizer=(name:DecorrelatorPhi, tau:250000), reuse_theta=no, opt_for_avx=yes, predict_class_id=
I1120 21:29:15.163421 266002432 processor.cc:724] Processing queue has data, processing started
I1120 21:29:15.168879 266002432 processor.cc:802] Processor: start processing batch 168989d4-6aff-44fa-ab0c-00b2cdaf436a into model nwt
I1120 21:29:15.173858 264929280 processor.cc:724] Processing queue has data, processing started
I1120 21:29:15.181908 265465856 processor.cc:724] Processing queue has data, processing started
I1120 21:29:15.184895 264929280 processor.cc:802] Processor: start processing batch bbde3c73-2a32-4fcb-98bc-f5f8661aff7c into model nwt
I1120 21:29:15.193344 266539008 processor.cc:724] Processing queue has data, processing started
I1120 21:29:15.194780 265465856 processor.cc:802] Processor: start processing batch aca7fb29-65f1-4d14-8aba-0ad694c40b2c into model nwt
I1120 21:29:15.207279 266539008 processor.cc:802] Processor: start processing batch 52d79c70-0249-477c-b677-b7d9b7bb3f41 into model nwt
I1120 21:29:15.225430 266002432 processor.cc:898] Processor: complete processing batch 168989d4-6aff-44fa-ab0c-00b2cdaf436a into model nwt
I1120 21:29:15.228333 266002432 cuckoo_watch.h:45] 64ms in ProcessBatch(kos/aaaaad.batch) [including 5ms in LoadMessage; 0ms in InitializeSparseNdw; 21ms in InferThetaAndUpdateNwtSparse; 17ms in CalculateScore(PerplexityScore); 1ms in CalculateScore(SparsityThetaScore); 14ms in CalculateScore(^^^ItemsProcessedScore^^^); ]
I1120 21:29:15.251075 266002432 processor.cc:717] No data in processing queue, waiting...
I1120 21:29:15.325302 264929280 processor.cc:898] Processor: complete processing batch bbde3c73-2a32-4fcb-98bc-f5f8661aff7c into model nwt
I1120 21:29:15.328907 265465856 processor.cc:898] Processor: complete processing batch aca7fb29-65f1-4d14-8aba-0ad694c40b2c into model nwt
I1120 21:29:15.329788 264929280 cuckoo_watch.h:45] 155ms in ProcessBatch(kos/aaaaab.batch) [including 10ms in LoadMessage; 0ms in InitializeSparseNdw; 65ms in InferThetaAndUpdateNwtSparse; 40ms in CalculateScore(PerplexityScore); 2ms in CalculateScore(SparsityThetaScore); 28ms in CalculateScore(^^^ItemsProcessedScore^^^); ]
I1120 21:29:15.331964 265465856 cuckoo_watch.h:45] 150ms in ProcessBatch(kos/aaaaaa.batch) [including 12ms in LoadMessage; 1ms in InitializeSparseNdw; 58ms in InferThetaAndUpdateNwtSparse; 38ms in CalculateScore(PerplexityScore); 2ms in CalculateScore(SparsityThetaScore); 30ms in CalculateScore(^^^ItemsProcessedScore^^^); ]
I1120 21:29:15.334869 266539008 processor.cc:898] Processor: complete processing batch 52d79c70-0249-477c-b677-b7d9b7bb3f41 into model nwt
I1120 21:29:15.337913 266539008 cuckoo_watch.h:45] 144ms in ProcessBatch(kos/aaaaac.batch) [including 13ms in LoadMessage; 1ms in InitializeSparseNdw; 56ms in InferThetaAndUpdateNwtSparse; 39ms in CalculateScore(PerplexityScore); 3ms in CalculateScore(SparsityThetaScore); 25ms in CalculateScore(^^^ItemsProcessedScore^^^); ]
I1120 21:29:15.338841 251772928 master_component.cc:1378] RegularizeModelArgs: rwt_target_name=rwt, pwt_source_name=pwt, nwt_source_name=nwt
I1120 21:29:15.338888 251772928 master_component.cc:922] MasterComponent: start regularizing model pwt
I1120 21:29:15.352532 264929280 processor.cc:717] No data in processing queue, waiting...
I1120 21:29:15.355065 265465856 processor.cc:717] No data in processing queue, waiting...
I1120 21:29:15.360739 266539008 processor.cc:717] No data in processing queue, waiting...
I1120 21:29:15.377496 251772928 master_component.cc:948] MasterComponent: complete regularizing model pwt
I1120 21:29:15.377516 251772928 master_component.cc:1391] NormalizeModelArgs: pwt_target_name=pwt, nwt_source_name=nwt, rwt_source_name=rwt
I1120 21:29:15.377524 251772928 master_component.cc:952] MasterComponent: start normalizing model nwt
I1120 21:29:15.399843 251772928 master_component.cc:980] MasterComponent: complete normalizing model nwt
I1120 21:29:15.419847 251772928 master_component.cc:1415] DisposeModel rwt
I1120 21:29:15.423840 251772928 master_component.cc:1005] FitOffline: ItemsProcessed, num_items=3430, num_batches=4, token_weight=467714, token_weight_in_effect=467714
I1120 21:29:15.459434 2806096704 c_interface.cc:559] Pass GetScoreValueArgs, score_name=^^^ItemsProcessedScore^^^ to MasterComponent::Request
I1120 21:29:15.459470 2806096704 c_interface.cc:230] ArtmCopyRequestedMessage is copying 46 bytes...
I1120 21:29:15.460014 251772928 c_interface.cc:386] Pass FitOfflineMasterModelArgs, batch_filename_size=4, batch_weight_size=4, num_collection_passes=1 to MN4artm4core15MasterComponentEFvRKNS_25FitOfflineMasterModelArgsEE
I1120 21:29:15.460034 251772928 master_component.cc:1340] ProcessBatchesArgs: nwt_target_name=nwt, batch_filename_size=4, batch_size=0, batch_weight_size=4, pwt_source_name=pwt, num_document_passes=1, regularizer=(name:SparseTheta, tau:-0.2), regularizer=(name:SparsePhi, tau:-0.2), regularizer=(name:DecorrelatorPhi, tau:250000), reuse_theta=no, opt_for_avx=yes, predict_class_id=
I1120 21:29:15.480562 266002432 processor.cc:724] Processing queue has data, processing started
I1120 21:29:15.483839 266002432 processor.cc:802] Processor: start processing batch 168989d4-6aff-44fa-ab0c-00b2cdaf436a into model nwt
I1120 21:29:15.487380 264929280 processor.cc:724] Processing queue has data, processing started
I1120 21:29:15.495709 264929280 processor.cc:802] Processor: start processing batch bbde3c73-2a32-4fcb-98bc-f5f8661aff7c into model nwt
I1120 21:29:15.502435 265465856 processor.cc:724] Processing queue has data, processing started
I1120 21:29:15.506480 266539008 processor.cc:724] Processing queue has data, processing started
I1120 21:29:15.512111 265465856 processor.cc:802] Processor: start processing batch aca7fb29-65f1-4d14-8aba-0ad694c40b2c into model nwt
I1120 21:29:15.517066 266539008 processor.cc:802] Processor: start processing batch 52d79c70-0249-477c-b677-b7d9b7bb3f41 into model nwt
I1120 21:29:15.531832 266002432 processor.cc:898] Processor: complete processing batch 168989d4-6aff-44fa-ab0c-00b2cdaf436a into model nwt
I1120 21:29:15.535447 266002432 cuckoo_watch.h:45] 54ms in ProcessBatch(kos/aaaaad.batch) [including 2ms in LoadMessage; 0ms in InitializeSparseNdw; 17ms in InferThetaAndUpdateNwtSparse; 15ms in CalculateScore(PerplexityScore); 1ms in CalculateScore(SparsityThetaScore); 12ms in CalculateScore(^^^ItemsProcessedScore^^^); ]
I1120 21:29:15.559173 266002432 processor.cc:717] No data in processing queue, waiting...
I1120 21:29:15.609099 264929280 processor.cc:898] Processor: complete processing batch bbde3c73-2a32-4fcb-98bc-f5f8661aff7c into model nwt
I1120 21:29:15.612123 264929280 cuckoo_watch.h:45] 124ms in ProcessBatch(kos/aaaaab.batch) [including 8ms in LoadMessage; 0ms in InitializeSparseNdw; 48ms in InferThetaAndUpdateNwtSparse; 34ms in CalculateScore(PerplexityScore); 2ms in CalculateScore(SparsityThetaScore); 26ms in CalculateScore(^^^ItemsProcessedScore^^^); ]
I1120 21:29:15.616844 265465856 processor.cc:898] Processor: complete processing batch aca7fb29-65f1-4d14-8aba-0ad694c40b2c into model nwt
I1120 21:29:15.618669 266539008 processor.cc:898] Processor: complete processing batch 52d79c70-0249-477c-b677-b7d9b7bb3f41 into model nwt
I1120 21:29:15.619067 265465856 cuckoo_watch.h:45] 116ms in ProcessBatch(kos/aaaaaa.batch) [including 9ms in LoadMessage; 0ms in InitializeSparseNdw; 46ms in InferThetaAndUpdateNwtSparse; 31ms in CalculateScore(PerplexityScore); 3ms in CalculateScore(SparsityThetaScore); 21ms in CalculateScore(^^^ItemsProcessedScore^^^); ]
I1120 21:29:15.621397 266539008 cuckoo_watch.h:45] 114ms in ProcessBatch(kos/aaaaac.batch) [including 10ms in LoadMessage; 1ms in InitializeSparseNdw; 44ms in InferThetaAndUpdateNwtSparse; 33ms in CalculateScore(PerplexityScore); 2ms in CalculateScore(SparsityThetaScore); 19ms in CalculateScore(^^^ItemsProcessedScore^^^); ]
I1120 21:29:15.621824 251772928 master_component.cc:1378] RegularizeModelArgs: rwt_target_name=rwt, pwt_source_name=pwt, nwt_source_name=nwt
I1120 21:29:15.621907 251772928 master_component.cc:922] MasterComponent: start regularizing model pwt
I1120 21:29:15.636250 264929280 processor.cc:717] No data in processing queue, waiting...
I1120 21:29:15.642946 265465856 processor.cc:717] No data in processing queue, waiting...
I1120 21:29:15.645268 266539008 processor.cc:717] No data in processing queue, waiting...
I1120 21:29:15.656199 251772928 master_component.cc:948] MasterComponent: complete regularizing model pwt
I1120 21:29:15.656219 251772928 master_component.cc:1391] NormalizeModelArgs: pwt_target_name=pwt, nwt_source_name=nwt, rwt_source_name=rwt
I1120 21:29:15.656227 251772928 master_component.cc:952] MasterComponent: start normalizing model nwt
I1120 21:29:15.676007 251772928 master_component.cc:980] MasterComponent: complete normalizing model nwt
I1120 21:29:15.693894 251772928 master_component.cc:1415] DisposeModel rwt
I1120 21:29:15.697873 251772928 master_component.cc:1005] FitOffline: ItemsProcessed, num_items=3430, num_batches=4, token_weight=467714, token_weight_in_effect=467714
I1120 21:29:15.727921 2806096704 c_interface.cc:559] Pass GetScoreValueArgs, score_name=^^^ItemsProcessedScore^^^ to MasterComponent::Request
I1120 21:29:15.727957 2806096704 c_interface.cc:230] ArtmCopyRequestedMessage is copying 46 bytes...
I1120 21:29:15.728505 251772928 c_interface.cc:386] Pass FitOfflineMasterModelArgs, batch_filename_size=4, batch_weight_size=4, num_collection_passes=1 to MN4artm4core15MasterComponentEFvRKNS_25FitOfflineMasterModelArgsEE
I1120 21:29:15.728524 251772928 master_component.cc:1340] ProcessBatchesArgs: nwt_target_name=nwt, batch_filename_size=4, batch_size=0, batch_weight_size=4, pwt_source_name=pwt, num_document_passes=1, regularizer=(name:SparseTheta, tau:-0.2), regularizer=(name:SparsePhi, tau:-0.2), regularizer=(name:DecorrelatorPhi, tau:250000), reuse_theta=no, opt_for_avx=yes, predict_class_id=
